Archive member included to satisfy reference by file (symbol)

/usr/local/gcc-arm-none-eabi-7-2017-q4-major/bin/../lib/gcc/arm-none-eabi/7.2.1/thumb/v7-m/libgcc.a(_aeabi_ldivmod.o)
                              CMakeFiles/radio3.elf.dir/lib_stm32/radio/Rf95x.cpp.obj (__aeabi_ldivmod)
/usr/local/gcc-arm-none-eabi-7-2017-q4-major/bin/../lib/gcc/arm-none-eabi/7.2.1/thumb/v7-m/libgcc.a(_aeabi_uldivmod.o)
                              CMakeFiles/radio3.elf.dir/src/Ad985x.cpp.obj (__aeabi_uldivmod)
/usr/local/gcc-arm-none-eabi-7-2017-q4-major/bin/../lib/gcc/arm-none-eabi/7.2.1/thumb/v7-m/libgcc.a(_udivmoddi4.o)
                              /usr/local/gcc-arm-none-eabi-7-2017-q4-major/bin/../lib/gcc/arm-none-eabi/7.2.1/thumb/v7-m/libgcc.a(_aeabi_ldivmod.o) (__udivmoddi4)
/usr/local/gcc-arm-none-eabi-7-2017-q4-major/bin/../lib/gcc/arm-none-eabi/7.2.1/thumb/v7-m/libgcc.a(_dvmd_tls.o)
                              /usr/local/gcc-arm-none-eabi-7-2017-q4-major/bin/../lib/gcc/arm-none-eabi/7.2.1/thumb/v7-m/libgcc.a(_aeabi_ldivmod.o) (__aeabi_ldiv0)
/usr/local/gcc-arm-none-eabi-7-2017-q4-major/bin/../lib/gcc/arm-none-eabi/7.2.1/../../../../arm-none-eabi/lib/thumb/v7-m/libc_nano.a(lib_a-errno.o)
                              CMakeFiles/radio3.elf.dir/lib_stm32/system/src/newlib/_sbrk.c.obj (__errno)
/usr/local/gcc-arm-none-eabi-7-2017-q4-major/bin/../lib/gcc/arm-none-eabi/7.2.1/../../../../arm-none-eabi/lib/thumb/v7-m/libc_nano.a(lib_a-impure.o)
                              /usr/local/gcc-arm-none-eabi-7-2017-q4-major/bin/../lib/gcc/arm-none-eabi/7.2.1/../../../../arm-none-eabi/lib/thumb/v7-m/libc_nano.a(lib_a-errno.o) (_impure_ptr)
/usr/local/gcc-arm-none-eabi-7-2017-q4-major/bin/../lib/gcc/arm-none-eabi/7.2.1/../../../../arm-none-eabi/lib/thumb/v7-m/libc_nano.a(lib_a-memset.o)
                              CMakeFiles/radio3.elf.dir/lib_stm32/usb_vcom/UsbVCom.cpp.obj (memset)
/usr/local/gcc-arm-none-eabi-7-2017-q4-major/bin/../lib/gcc/arm-none-eabi/7.2.1/../../../../arm-none-eabi/lib/thumb/v7-m/libc_nano.a(lib_a-snprintf.o)
                              CMakeFiles/radio3.elf.dir/lib_stm32/debug/log.cpp.obj (snprintf)
/usr/local/gcc-arm-none-eabi-7-2017-q4-major/bin/../lib/gcc/arm-none-eabi/7.2.1/../../../../arm-none-eabi/lib/thumb/v7-m/libc_nano.a(lib_a-strlen.o)
                              CMakeFiles/radio3.elf.dir/lib_stm32/debug/log.cpp.obj (strlen)
/usr/local/gcc-arm-none-eabi-7-2017-q4-major/bin/../lib/gcc/arm-none-eabi/7.2.1/../../../../arm-none-eabi/lib/thumb/v7-m/libc_nano.a(lib_a-vsnprintf.o)
                              CMakeFiles/radio3.elf.dir/lib_stm32/debug/log.cpp.obj (vsnprintf)
/usr/local/gcc-arm-none-eabi-7-2017-q4-major/bin/../lib/gcc/arm-none-eabi/7.2.1/../../../../arm-none-eabi/lib/thumb/v7-m/libc_nano.a(lib_a-nano-svfprintf.o)
                              /usr/local/gcc-arm-none-eabi-7-2017-q4-major/bin/../lib/gcc/arm-none-eabi/7.2.1/../../../../arm-none-eabi/lib/thumb/v7-m/libc_nano.a(lib_a-snprintf.o) (_svfprintf_r)
/usr/local/gcc-arm-none-eabi-7-2017-q4-major/bin/../lib/gcc/arm-none-eabi/7.2.1/../../../../arm-none-eabi/lib/thumb/v7-m/libc_nano.a(lib_a-nano-vfprintf_i.o)
                              /usr/local/gcc-arm-none-eabi-7-2017-q4-major/bin/../lib/gcc/arm-none-eabi/7.2.1/../../../../arm-none-eabi/lib/thumb/v7-m/libc_nano.a(lib_a-nano-svfprintf.o) (_printf_i)
/usr/local/gcc-arm-none-eabi-7-2017-q4-major/bin/../lib/gcc/arm-none-eabi/7.2.1/../../../../arm-none-eabi/lib/thumb/v7-m/libc_nano.a(lib_a-memchr-stub.o)
                              /usr/local/gcc-arm-none-eabi-7-2017-q4-major/bin/../lib/gcc/arm-none-eabi/7.2.1/../../../../arm-none-eabi/lib/thumb/v7-m/libc_nano.a(lib_a-nano-svfprintf.o) (memchr)
/usr/local/gcc-arm-none-eabi-7-2017-q4-major/bin/../lib/gcc/arm-none-eabi/7.2.1/../../../../arm-none-eabi/lib/thumb/v7-m/libc_nano.a(lib_a-memcpy-stub.o)
                              /usr/local/gcc-arm-none-eabi-7-2017-q4-major/bin/../lib/gcc/arm-none-eabi/7.2.1/../../../../arm-none-eabi/lib/thumb/v7-m/libc_nano.a(lib_a-nano-svfprintf.o) (memcpy)
/usr/local/gcc-arm-none-eabi-7-2017-q4-major/bin/../lib/gcc/arm-none-eabi/7.2.1/../../../../arm-none-eabi/lib/thumb/v7-m/libc_nano.a(lib_a-memmove.o)
                              /usr/local/gcc-arm-none-eabi-7-2017-q4-major/bin/../lib/gcc/arm-none-eabi/7.2.1/../../../../arm-none-eabi/lib/thumb/v7-m/libc_nano.a(lib_a-nano-svfprintf.o) (memmove)
/usr/local/gcc-arm-none-eabi-7-2017-q4-major/bin/../lib/gcc/arm-none-eabi/7.2.1/../../../../arm-none-eabi/lib/thumb/v7-m/libc_nano.a(lib_a-nano-freer.o)
                              /usr/local/gcc-arm-none-eabi-7-2017-q4-major/bin/../lib/gcc/arm-none-eabi/7.2.1/../../../../arm-none-eabi/lib/thumb/v7-m/libc_nano.a(lib_a-nano-svfprintf.o) (_free_r)
/usr/local/gcc-arm-none-eabi-7-2017-q4-major/bin/../lib/gcc/arm-none-eabi/7.2.1/../../../../arm-none-eabi/lib/thumb/v7-m/libc_nano.a(lib_a-nano-mallocr.o)
[...]
Memory Configuration

Name             Origin             Length             Attributes
RAM              0x0000000020000000 0x0000000000005000 xrw
CCMRAM           0x0000000000000000 0x0000000000000000 xrw
FLASH            0x0000000008000000 0x0000000000010000 xr
FLASHB1          0x0000000000000000 0x0000000000000000 xr
EXTMEMB0         0x0000000000000000 0x0000000000000000 xr
EXTMEMB1         0x0000000000000000 0x0000000000000000 xr
EXTMEMB2         0x0000000000000000 0x0000000000000000 xr
EXTMEMB3         0x0000000000000000 0x0000000000000000 xr
MEMORY_ARRAY     0x0000000000000000 0x0000000000000000 xrw
*default*        0x0000000000000000 0xffffffffffffffff

Linker script and memory map

LOAD CMakeFiles/radio3.elf.dir/src/Ad985x.cpp.obj
LOAD CMakeFiles/radio3.elf.dir/src/AdcProbes.cpp.obj
LOAD CMakeFiles/radio3.elf.dir/src/Board.cpp.obj
LOAD CMakeFiles/radio3.elf.dir/src/Crc8.cpp.obj
LOAD CMakeFiles/radio3.elf.dir/src/DataLink.cpp.obj
LOAD CMakeFiles/radio3.elf.dir/src/FreqMeter.cpp.obj
LOAD CMakeFiles/radio3.elf.dir/src/Radio3.cpp.obj
LOAD CMakeFiles/radio3.elf.dir/src/Sweep.cpp.obj
LOAD CMakeFiles/radio3.elf.dir/src/delay.cpp.obj
LOAD CMakeFiles/radio3.elf.dir/lib_stm32/debug/log.cpp.obj
LOAD CMakeFiles/radio3.elf.dir/lib_stm32/io/GpioPin.cpp.obj
LOAD CMakeFiles/radio3.elf.dir/lib_stm32/io/Spi.cpp.obj
LOAD CMakeFiles/radio3.elf.dir/lib_stm32/led/BlinkingLed.cpp.obj
LOAD CMakeFiles/radio3.elf.dir/lib_stm32/led/Led.cpp.obj
LOAD CMakeFiles/radio3.elf.dir/lib_stm32/radio/Rf95x.cpp.obj
LOAD CMakeFiles/radio3.elf.dir/lib_stm32/system/src/cmsis/system_stm32f10x.c.obj
LOAD CMakeFiles/radio3.elf.dir/lib_stm32/system/src/cmsis/vectors_stm32f10x.c.obj
LOAD CMakeFiles/radio3.elf.dir/lib_stm32/system/src/newlib/_cxx.cpp.obj
LOAD CMakeFiles/radio3.elf.dir/lib_stm32/system/src/newlib/_sbrk.c.obj
LOAD CMakeFiles/radio3.elf.dir/lib_stm32/system/src/newlib/_startup.c.obj
LOAD CMakeFiles/radio3.elf.dir/lib_stm32/system/src/newlib/_syscalls.c.obj
LOAD CMakeFiles/radio3.elf.dir/lib_stm32/system/src/stm32f1-stdperiph/misc.c.obj
LOAD CMakeFiles/radio3.elf.dir/lib_stm32/system/src/stm32f1-stdperiph/stm32f10x_adc.c.obj
LOAD CMakeFiles/radio3.elf.dir/lib_stm32/system/src/stm32f1-stdperiph/stm32f10x_bkp.c.obj
LOAD CMakeFiles/radio3.elf.dir/lib_stm32/system/src/stm32f1-stdperiph/stm32f10x_can.c.obj
LOAD CMakeFiles/radio3.elf.dir/lib_stm32/system/src/stm32f1-stdperiph/stm32f10x_cec.c.obj
LOAD CMakeFiles/radio3.elf.dir/lib_stm32/system/src/stm32f1-stdperiph/stm32f10x_crc.c.obj
LOAD CMakeFiles/radio3.elf.dir/lib_stm32/system/src/stm32f1-stdperiph/stm32f10x_dac.c.obj
LOAD CMakeFiles/radio3.elf.dir/lib_stm32/system/src/stm32f1-stdperiph/stm32f10x_dbgmcu.c.obj
LOAD CMakeFiles/radio3.elf.dir/lib_stm32/system/src/stm32f1-stdperiph/stm32f10x_dma.c.obj
LOAD CMakeFiles/radio3.elf.dir/lib_stm32/system/src/stm32f1-stdperiph/stm32f10x_exti.c.obj
LOAD CMakeFiles/radio3.elf.dir/lib_stm32/system/src/stm32f1-stdperiph/stm32f10x_flash.c.obj
LOAD CMakeFiles/radio3.elf.dir/lib_stm32/system/src/stm32f1-stdperiph/stm32f10x_fsmc.c.obj
LOAD CMakeFiles/radio3.elf.dir/lib_stm32/system/src/stm32f1-stdperiph/stm32f10x_gpio.c.obj
LOAD CMakeFiles/radio3.elf.dir/lib_stm32/system/src/stm32f1-stdperiph/stm32f10x_i2c.c.obj
LOAD CMakeFiles/radio3.elf.dir/lib_stm32/system/src/stm32f1-stdperiph/stm32f10x_iwdg.c.obj
LOAD CMakeFiles/radio3.elf.dir/lib_stm32/system/src/stm32f1-stdperiph/stm32f10x_pwr.c.obj
LOAD CMakeFiles/radio3.elf.dir/lib_stm32/system/src/stm32f1-stdperiph/stm32f10x_rcc.c.obj
LOAD CMakeFiles/radio3.elf.dir/lib_stm32/system/src/stm32f1-stdperiph/stm32f10x_rtc.c.obj
LOAD CMakeFiles/radio3.elf.dir/lib_stm32/system/src/stm32f1-stdperiph/stm32f10x_sdio.c.obj
LOAD CMakeFiles/radio3.elf.dir/lib_stm32/system/src/stm32f1-stdperiph/stm32f10x_spi.c.obj
LOAD CMakeFiles/radio3.elf.dir/lib_stm32/system/src/stm32f1-stdperiph/stm32f10x_tim.c.obj
LOAD CMakeFiles/radio3.elf.dir/lib_stm32/system/src/stm32f1-stdperiph/stm32f10x_usart.c.obj
LOAD CMakeFiles/radio3.elf.dir/lib_stm32/system/src/stm32f1-stdperiph/stm32f10x_wwdg.c.obj
LOAD CMakeFiles/radio3.elf.dir/lib_stm32/timer/Timer.cpp.obj
LOAD CMakeFiles/radio3.elf.dir/lib_stm32/usb_fs_driver/UsbDevice.cpp.obj
LOAD CMakeFiles/radio3.elf.dir/lib_stm32/usb_fs_driver/usb_core.cpp.obj
LOAD CMakeFiles/radio3.elf.dir/lib_stm32/usb_fs_driver/usb_init.cpp.obj
LOAD CMakeFiles/radio3.elf.dir/lib_stm32/usb_fs_driver/usb_mem.cpp.obj
LOAD CMakeFiles/radio3.elf.dir/lib_stm32/usb_fs_driver/usb_regs.cpp.obj
LOAD CMakeFiles/radio3.elf.dir/lib_stm32/usb_fs_driver/usb_sil.cpp.obj
LOAD CMakeFiles/radio3.elf.dir/lib_stm32/usb_vcom/UsbVCom.cpp.obj
LOAD CMakeFiles/radio3.elf.dir/lib_stm32/usb_vcom/hw_config.cpp.obj
LOAD CMakeFiles/radio3.elf.dir/lib_stm32/usb_vcom/usb_desc.cpp.obj
LOAD CMakeFiles/radio3.elf.dir/lib_stm32/usb_vcom/usb_prop.cpp.obj
LOAD CMakeFiles/radio3.elf.dir/lib_stm32/usb_vcom/usb_pwr.cpp.obj
LOAD /usr/local/gcc-arm-none-eabi-7-2017-q4-major/bin/../lib/gcc/arm-none-eabi/7.2.1/../../../../arm-none-eabi/lib/thumb/v7-m/libstdc++_nano.a
LOAD /usr/local/gcc-arm-none-eabi-7-2017-q4-major/bin/../lib/gcc/arm-none-eabi/7.2.1/../../../../arm-none-eabi/lib/thumb/v7-m/libm.a
START GROUP
LOAD /usr/local/gcc-arm-none-eabi-7-2017-q4-major/bin/../lib/gcc/arm-none-eabi/7.2.1/thumb/v7-m/libgcc.a
LOAD /usr/local/gcc-arm-none-eabi-7-2017-q4-major/bin/../lib/gcc/arm-none-eabi/7.2.1/../../../../arm-none-eabi/lib/thumb/v7-m/libc_nano.a
END GROUP
START GROUP
LOAD /usr/local/gcc-arm-none-eabi-7-2017-q4-major/bin/../lib/gcc/arm-none-eabi/7.2.1/thumb/v7-m/libgcc.a
LOAD /usr/local/gcc-arm-none-eabi-7-2017-q4-major/bin/../lib/gcc/arm-none-eabi/7.2.1/../../../../arm-none-eabi/lib/thumb/v7-m/libc_nano.a
END GROUP
                0x0000000020005000                __stack = (ORIGIN (RAM) + LENGTH (RAM))
                0x0000000020005000                _estack = __stack
                0x0000000000000400                __Main_Stack_Size = 0x400
                [!provide]                        PROVIDE (_Main_Stack_Size, __Main_Stack_Size)
                0x0000000020004c00                __Main_Stack_Limit = (__stack - __Main_Stack_Size)
                [!provide]                        PROVIDE (_Main_Stack_Limit, __Main_Stack_Limit)
                0x0000000000000400                _Minimum_Stack_Size = 0x400
                0x0000000020001344                PROVIDE (_Heap_Begin, _end_noinit)
                0x0000000020004c00                PROVIDE (_Heap_Limit, (__stack - __Main_Stack_Size))

.isr_vector     0x0000000008000000      0x10c
 FILL mask 0xff
                0x0000000008000000                __vectors_start = ABSOLUTE (.)
                0x0000000008000000                __vectors_start__ = ABSOLUTE (.)
 *(.isr_vector)
 .isr_vector    0x0000000008000000      0x10c CMakeFiles/radio3.elf.dir/lib_stm32/system/src/cmsis/vectors_stm32f10x.c.obj
                0x0000000008000000                __isr_vectors
 *(.cfmconfig)
 *(.after_vectors .after_vectors.*)

.inits          0x000000000800010c       0x2c
                0x000000000800010c                __data_regions_array_start = .
                0x000000000800010c        0x4 LONG 0x8003f08 LOADADDR (.data)
                0x0000000008000110        0x4 LONG 0x20000000 ADDR (.data)
                0x0000000008000114        0x4 LONG 0x20000128 (ADDR (.data) + SIZEOF (.data))
                0x0000000008000118        0x4 LONG 0x8003f08 LOADADDR (.data_CCMRAM)
                0x000000000800011c        0x4 LONG 0x0 ADDR (.data_CCMRAM)
                0x0000000008000120        0x4 LONG 0x0 (ADDR (.data_CCMRAM) + SIZEOF (.data_CCMRAM))
                0x0000000008000124                __data_regions_array_end = .
                0x0000000008000124                __bss_regions_array_start = .
                0x0000000008000124        0x4 LONG 0x20000128 ADDR (.bss)
                0x0000000008000128        0x4 LONG 0x20001344 (ADDR (.bss) + SIZEOF (.bss))
                0x000000000800012c        0x4 LONG 0x0 ADDR (.bss_CCMRAM)
                0x0000000008000130        0x4 LONG 0x0 (ADDR (.bss_CCMRAM) + SIZEOF (.bss_CCMRAM))
                0x0000000008000134                __bss_regions_array_end = .
 *(.init)
 *(.fini)
                0x0000000008000134                . = ALIGN (0x4)
                0x0000000008000134                PROVIDE (__preinit_array_start, .)
 *(.preinit_array_sysinit .preinit_array_sysinit.*)
 *(.preinit_array_platform .preinit_array_platform.*)
 *(.preinit_array .preinit_array.*)
                0x0000000008000134                PROVIDE (__preinit_array_end, .)
                0x0000000008000134                . = ALIGN (0x4)
                0x0000000008000134                PROVIDE (__init_array_start, .)
 *(SORT_BY_NAME(.init_array.*))
 *(.init_array)
 .init_array    0x0000000008000134        0x4 CMakeFiles/radio3.elf.dir/src/Radio3.cpp.obj
                0x0000000008000138                PROVIDE (__init_array_end, .)
                0x0000000008000138                . = ALIGN (0x4)
                [!provide]                        PROVIDE (__fini_array_start, .)
 *(SORT_BY_NAME(.fini_array.*))
 *(.fini_array)
                [!provide]                        PROVIDE (__fini_array_end, .)

.flashtext
 *(.flashtext .flashtext.*)

.text           0x0000000008000138     0x3dc8
 *(.text .text.*)
 .text._ZN6Ad985x9frequencyEv
                0x0000000008000138        0x4 CMakeFiles/radio3.elf.dir/src/Ad985x.cpp.obj
                0x0000000008000138                Ad985x::frequency()
 .text._ZN6Ad985x5pulseEt
                0x000000000800013c       0x2c CMakeFiles/radio3.elf.dir/src/Ad985x.cpp.obj
                0x000000000800013c                Ad985x::pulse(unsigned short)
 .text._ZN6Ad985x8sendByteEh
                0x0000000008000168       0x30 CMakeFiles/radio3.elf.dir/src/Ad985x.cpp.obj
                0x0000000008000168                Ad985x::sendByte(unsigned char)
 .text._ZN6Ad985x4initEN3Vfo4TypeE
                0x0000000008000198       0x6c CMakeFiles/radio3.elf.dir/src/Ad985x.cpp.obj
                0x0000000008000198                Ad985x::init(Vfo::Type)
 .text._ZN6Ad985x12setFrequencyEm
                0x0000000008000204       0x38 CMakeFiles/radio3.elf.dir/src/Ad985x.cpp.obj
                0x0000000008000204                Ad985x::setFrequency(unsigned long)
 .text._ZN9AdcProbes4initEv
                0x000000000800023c       0x88 CMakeFiles/radio3.elf.dir/src/AdcProbes.cpp.obj
                0x000000000800023c                AdcProbes::init()
 .text._ZN9AdcProbes4readEh
                0x00000000080002c4       0x30 CMakeFiles/radio3.elf.dir/src/AdcProbes.cpp.obj
                0x00000000080002c4                AdcProbes::read(unsigned char)
 .text._ZN9AdcProbes4readEhh
                0x00000000080002f4       0x30 CMakeFiles/radio3.elf.dir/src/AdcProbes.cpp.obj
                0x00000000080002f4                AdcProbes::read(unsigned char, unsigned char)
 .text._ZN5Board22detectHardwareRevisionEv
                0x0000000008000324       0xa4 CMakeFiles/radio3.elf.dir/src/Board.cpp.obj
                0x0000000008000324                Board::detectHardwareRevision()
 .text._ZN5Board4initEv
                0x00000000080003c8       0x60 CMakeFiles/radio3.elf.dir/src/Board.cpp.obj
                0x00000000080003c8                Board::init()
 .text._ZN5Board9indicatorEb
                0x0000000008000428       0x2c CMakeFiles/radio3.elf.dir/src/Board.cpp.obj
                0x0000000008000428                Board::indicator(bool)
 .text._ZN5Board14vfoOutBistableEbb
                0x0000000008000454       0x28 CMakeFiles/radio3.elf.dir/src/Board.cpp.obj
                0x0000000008000454                Board::vfoOutBistable(bool, bool)
 .text._ZN4Crc87processEh
                0x000000000800047c       0x2e CMakeFiles/radio3.elf.dir/src/Crc8.cpp.obj
                0x000000000800047c                Crc8::process(unsigned char)
 .text._ZN4Crc87processEPKht
                0x00000000080004aa       0x1a CMakeFiles/radio3.elf.dir/src/Crc8.cpp.obj
                0x00000000080004aa                Crc8::process(unsigned char const*, unsigned short)
 .text._ZN8DataLinkC2ER7UsbVCom
                0x00000000080004c4        0x8 CMakeFiles/radio3.elf.dir/src/DataLink.cpp.obj
                0x00000000080004c4                DataLink::DataLink(UsbVCom&)
                0x00000000080004c4                DataLink::DataLink(UsbVCom&)
 .text._ZN8DataLink9writeByteER4Crc8h
                0x00000000080004cc       0x20 CMakeFiles/radio3.elf.dir/src/DataLink.cpp.obj
                0x00000000080004cc                DataLink::writeByte(Crc8&, unsigned char)
 .text._ZN8DataLink9writeWordER4Crc8t
                0x00000000080004ec       0x1c CMakeFiles/radio3.elf.dir/src/DataLink.cpp.obj
                0x00000000080004ec                DataLink::writeWord(Crc8&, unsigned short)
 .text._ZN8DataLink10writeFrameEtPKht
                0x0000000008000508       0x8a CMakeFiles/radio3.elf.dir/src/DataLink.cpp.obj
                0x0000000008000508                DataLink::writeFrame(unsigned short, unsigned char const*, unsigned short)
 .text._ZN8DataLink8readByteER4Crc8
                0x0000000008000592       0x20 CMakeFiles/radio3.elf.dir/src/DataLink.cpp.obj
                0x0000000008000592                DataLink::readByte(Crc8&)
 .text._ZN8DataLink8readWordER4Crc8
                0x00000000080005b2       0x1c CMakeFiles/radio3.elf.dir/src/DataLink.cpp.obj
                0x00000000080005b2                DataLink::readWord(Crc8&)
 .text._ZN8DataLink9readFrameEPNS_5FrameEPht
                0x00000000080005ce       0xa0 CMakeFiles/radio3.elf.dir/src/DataLink.cpp.obj
                0x00000000080005ce                DataLink::readFrame(DataLink::Frame*, unsigned char*, unsigned short)
 *fill*         0x000000000800066e        0x2 
 .text._ZN9FreqMeter4initEv
                0x0000000008000670       0xb8 CMakeFiles/radio3.elf.dir/src/FreqMeter.cpp.obj
                0x0000000008000670                FreqMeter::init()
 .text._ZN9FreqMeter6tickMsEv
                0x0000000008000728       0x40 CMakeFiles/radio3.elf.dir/src/FreqMeter.cpp.obj
                0x0000000008000728                FreqMeter::tickMs()
 .text._ZL18decryptLicenseDataPKhPh.constprop.14
                0x0000000008000768       0x28 CMakeFiles/radio3.elf.dir/src/Radio3.cpp.obj
 .text._ZN6Radio37sysTickEv
                0x0000000008000790       0x1c CMakeFiles/radio3.elf.dir/src/Radio3.cpp.obj
                0x0000000008000790                Radio3::sysTick()
 .text.SysTick_Handler
                0x00000000080007ac        0xc CMakeFiles/radio3.elf.dir/src/Radio3.cpp.obj
                0x00000000080007ac                SysTick_Handler
 .text._ZN6Radio314vfoRelayCommitEv
                0x00000000080007b8       0x1c CMakeFiles/radio3.elf.dir/src/Radio3.cpp.obj
                0x00000000080007b8                Radio3::vfoRelayCommit()
 .text._ZN6Radio38vfoToVnaEv
                0x00000000080007d4       0x3c CMakeFiles/radio3.elf.dir/src/Radio3.cpp.obj
                0x00000000080007d4                Radio3::vfoToVna()
 .text._ZN6Radio311vfoToSocketEv
                0x0000000008000810       0x3c CMakeFiles/radio3.elf.dir/src/Radio3.cpp.obj
                0x0000000008000810                Radio3::vfoToSocket()
 .text._ZN6Radio318adjustVfoOutputForEN5Sweep6SourceE
                0x000000000800084c       0x12 CMakeFiles/radio3.elf.dir/src/Radio3.cpp.obj
                0x000000000800084c                Radio3::adjustVfoOutputFor(Sweep::Source)
 .text._ZN6Radio38sendPingEv
                0x000000000800085e        0xc CMakeFiles/radio3.elf.dir/src/Radio3.cpp.obj
                0x000000000800085e                Radio3::sendPing()
 .text._ZN6Radio323sendDeviceConfigurationEv
                0x000000000800086a        0xe CMakeFiles/radio3.elf.dir/src/Radio3.cpp.obj
                0x000000000800086a                Radio3::sendDeviceConfiguration()
 .text._ZN6Radio315sendDeviceStateEv
                0x0000000008000878       0x24 CMakeFiles/radio3.elf.dir/src/Radio3.cpp.obj
                0x0000000008000878                Radio3::sendDeviceState()
 .text._ZN6Radio315sendLicenseDataEv
                0x000000000800089c       0x1e CMakeFiles/radio3.elf.dir/src/Radio3.cpp.obj
                0x000000000800089c                Radio3::sendLicenseData()
 .text._ZN6Radio318cmdSetVfoFrequencyEPKh
                0x00000000080008ba        0x8 CMakeFiles/radio3.elf.dir/src/Radio3.cpp.obj
                0x00000000080008ba                Radio3::cmdSetVfoFrequency(unsigned char const*)
 .text._ZN6Radio318cmdGetVfoFrequencyEv
                0x00000000080008c2       0x1a CMakeFiles/radio3.elf.dir/src/Radio3.cpp.obj
                0x00000000080008c2                Radio3::cmdGetVfoFrequency()
 .text._ZN6Radio315cmdSweepRequestEPKh
                0x00000000080008dc       0x4e CMakeFiles/radio3.elf.dir/src/Radio3.cpp.obj
                0x00000000080008dc                Radio3::cmdSweepRequest(unsigned char const*)
 .text._ZN6Radio310cmdVfoTypeEPKh
                0x000000000800092a       0x1e CMakeFiles/radio3.elf.dir/src/Radio3.cpp.obj
                0x000000000800092a                Radio3::cmdVfoType(unsigned char const*)
 .text._ZN6Radio316cmdVfoAttenuatorEPKh
                0x0000000008000948       0x4c CMakeFiles/radio3.elf.dir/src/Radio3.cpp.obj
                0x0000000008000948                Radio3::cmdVfoAttenuator(unsigned char const*)
 .text._ZN6Radio315cmdVfoAmplifierEPKh
                0x0000000008000994       0x24 CMakeFiles/radio3.elf.dir/src/Radio3.cpp.obj
                0x0000000008000994                Radio3::cmdVfoAmplifier(unsigned char const*)
 .text._ZN6Radio312readVnaProbeEv
                0x00000000080009b8       0x44 CMakeFiles/radio3.elf.dir/src/Radio3.cpp.obj
                0x00000000080009b8                Radio3::readVnaProbe()
 .text._ZN6Radio313readAllProbesEv
                0x00000000080009fc       0x44 CMakeFiles/radio3.elf.dir/src/Radio3.cpp.obj
                0x00000000080009fc                Radio3::readAllProbes()
 .text._ZN6Radio318cmdSampleAllProbesEv
                0x0000000008000a40       0x1e CMakeFiles/radio3.elf.dir/src/Radio3.cpp.obj
                0x0000000008000a40                Radio3::cmdSampleAllProbes()
 *fill*         0x0000000008000a5e        0x2 
 .text._ZN6Radio319handleIncomingFrameEv
                0x0000000008000a60      0x10c CMakeFiles/radio3.elf.dir/src/Radio3.cpp.obj
                0x0000000008000a60                Radio3::handleIncomingFrame()
 .text._ZN6Radio3C2ER7UsbVComR5Board
                0x0000000008000b6c       0x38 CMakeFiles/radio3.elf.dir/src/Radio3.cpp.obj
                0x0000000008000b6c                Radio3::Radio3(UsbVCom&, Board&)
                0x0000000008000b6c                Radio3::Radio3(UsbVCom&, Board&)
 .text._ZN6Radio34initEv
                0x0000000008000ba4       0xc0 CMakeFiles/radio3.elf.dir/src/Radio3.cpp.obj
                0x0000000008000ba4                Radio3::init()
 .text._ZN6Radio35startEv
                0x0000000008000c64       0x30 CMakeFiles/radio3.elf.dir/src/Radio3.cpp.obj
                0x0000000008000c64                Radio3::start()
 .text.startup.main
                0x0000000008000c94       0x3c CMakeFiles/radio3.elf.dir/src/Radio3.cpp.obj
                0x0000000008000c94                main
 .text.startup._GLOBAL__sub_I_SysTick_Handler
                0x0000000008000cd0       0x34 CMakeFiles/radio3.elf.dir/src/Radio3.cpp.obj
 .text._ZN5SweepC2ER3VfoR9AdcProbes
                0x0000000008000d04        0xc CMakeFiles/radio3.elf.dir/src/Sweep.cpp.obj
                0x0000000008000d04                Sweep::Sweep(Vfo&, AdcProbes&)
                0x0000000008000d04                Sweep::Sweep(Vfo&, AdcProbes&)
 .text._ZN5Sweep9resetDataEt
                0x0000000008000d10       0x14 CMakeFiles/radio3.elf.dir/src/Sweep.cpp.obj
                0x0000000008000d10                Sweep::resetData(unsigned short)
 .text._ZN5Sweep10divideDataEth
                0x0000000008000d24       0x18 CMakeFiles/radio3.elf.dir/src/Sweep.cpp.obj
                0x0000000008000d24                Sweep::divideData(unsigned short, unsigned char)
 .text._ZN5Sweep14accumulateDataEth
                0x0000000008000d3c       0x8a CMakeFiles/radio3.elf.dir/src/Sweep.cpp.obj
                0x0000000008000d3c                Sweep::accumulateData(unsigned short, unsigned char)
 .text._ZN5Sweep7performERNS_7RequestE
                0x0000000008000dc6       0xa8 CMakeFiles/radio3.elf.dir/src/Sweep.cpp.obj
                0x0000000008000dc6                Sweep::perform(Sweep::Request&)
 .text._ZN5Sweep4initEv
                0x0000000008000e6e        0x8 CMakeFiles/radio3.elf.dir/src/Sweep.cpp.obj
                0x0000000008000e6e                Sweep::init()
 .text._Z7delayUsj
                0x0000000008000e76       0x14 CMakeFiles/radio3.elf.dir/src/delay.cpp.obj
                0x0000000008000e76                delayUs(unsigned int)
 *fill*         0x0000000008000e8a        0x2 
 .text._Z8log_initP5Timer
                0x0000000008000e8c       0x14 CMakeFiles/radio3.elf.dir/lib_stm32/debug/log.cpp.obj
                0x0000000008000e8c                log_init(Timer*)
 .text._Z3logPKcz
                0x0000000008000ea0       0x88 CMakeFiles/radio3.elf.dir/lib_stm32/debug/log.cpp.obj
                0x0000000008000ea0                log(char const*, ...)
 .text.SystemInit
                0x0000000008000f28       0xf0 CMakeFiles/radio3.elf.dir/lib_stm32/system/src/cmsis/system_stm32f10x.c.obj
                0x0000000008000f28                SystemInit
 .text.SystemCoreClockUpdate
                0x0000000008001018       0x58 CMakeFiles/radio3.elf.dir/lib_stm32/system/src/cmsis/system_stm32f10x.c.obj
                0x0000000008001018                SystemCoreClockUpdate
 .text.Default_Handler
                0x0000000008001070        0x2 CMakeFiles/radio3.elf.dir/lib_stm32/system/src/cmsis/vectors_stm32f10x.c.obj
                0x0000000008001070                TIM1_BRK_TIM15_IRQHandler
                0x0000000008001070                TIM8_TRG_COM_IRQHandler
                0x0000000008001070                TIM8_CC_IRQHandler
                0x0000000008001070                DebugMon_Handler
                0x0000000008001070                TIM1_CC_IRQHandler
                0x0000000008001070                HardFault_Handler
                0x0000000008001070                TIM6_IRQHandler
                0x0000000008001070                PVD_IRQHandler
                0x0000000008001070                SDIO_IRQHandler
                0x0000000008001070                PendSV_Handler
                0x0000000008001070                NMI_Handler
                0x0000000008001070                CAN2_RX1_IRQHandler
                0x0000000008001070                EXTI3_IRQHandler
                0x0000000008001070                TIM8_TRG_COM_TIM14_IRQHandler
                0x0000000008001070                TIM1_UP_TIM10_IRQHandler
                0x0000000008001070                TIM8_UP_TIM13_IRQHandler
                0x0000000008001070                EXTI0_IRQHandler
                0x0000000008001070                I2C2_EV_IRQHandler
                0x0000000008001070                CAN1_RX0_IRQHandler
                0x0000000008001070                TIM1_UP_TIM16_IRQHandler
                0x0000000008001070                UsageFault_Handler
                0x0000000008001070                CAN2_SCE_IRQHandler
                0x0000000008001070                ADC1_2_IRQHandler
                0x0000000008001070                SPI1_IRQHandler
                0x0000000008001070                TAMPER_IRQHandler
                0x0000000008001070                TIM6_DAC_IRQHandler
                0x0000000008001070                TIM1_BRK_TIM9_IRQHandler
                0x0000000008001070                CAN2_RX0_IRQHandler
                0x0000000008001070                TIM8_UP_IRQHandler
                0x0000000008001070                DMA2_Channel2_IRQHandler
                0x0000000008001070                DMA1_Channel4_IRQHandler
                0x0000000008001070                USART3_IRQHandler
                0x0000000008001070                RTC_IRQHandler
                0x0000000008001070                DMA1_Channel7_IRQHandler
                0x0000000008001070                CAN1_RX1_IRQHandler
                0x0000000008001070                UART5_IRQHandler
                0x0000000008001070                ADC3_IRQHandler
                0x0000000008001070                TIM4_IRQHandler
                0x0000000008001070                DMA2_Channel1_IRQHandler
                0x0000000008001070                I2C1_EV_IRQHandler
                0x0000000008001070                DMA1_Channel6_IRQHandler
                0x0000000008001070                UART4_IRQHandler
                0x0000000008001070                DMA2_Channel4_IRQHandler
                0x0000000008001070                TIM3_IRQHandler
                0x0000000008001070                RCC_IRQHandler
                0x0000000008001070                TIM8_BRK_TIM12_IRQHandler
                0x0000000008001070                TIM1_TRG_COM_IRQHandler
                0x0000000008001070                DMA1_Channel1_IRQHandler
                0x0000000008001070                Default_Handler
                0x0000000008001070                CEC_IRQHandler
                0x0000000008001070                EXTI15_10_IRQHandler
                0x0000000008001070                TIM14_IRQHandler
                0x0000000008001070                TIM13_IRQHandler
                0x0000000008001070                TIM12_IRQHandler
                0x0000000008001070                TIM7_IRQHandler
                0x0000000008001070                CAN2_TX_IRQHandler
                0x0000000008001070                TIM5_IRQHandler
                0x0000000008001070                EXTI9_5_IRQHandler
                0x0000000008001070                ETH_WKUP_IRQHandler
                0x0000000008001070                SPI2_IRQHandler
                0x0000000008001070                MemManage_Handler
                0x0000000008001070                CAN1_TX_IRQHandler
                0x0000000008001070                SVC_Handler
                0x0000000008001070                DMA2_Channel5_IRQHandler
                0x0000000008001070                DMA1_Channel5_IRQHandler
                0x0000000008001070                EXTI4_IRQHandler
                0x0000000008001070                TIM1_TRG_COM_TIM17_IRQHandler
                0x0000000008001070                USB_HP_CAN1_TX_IRQHandler
                0x0000000008001070                DMA1_Channel3_IRQHandler
                0x0000000008001070                FSMC_IRQHandler
                0x0000000008001070                ETH_IRQHandler
                0x0000000008001070                TIM1_UP_IRQHandler
                0x0000000008001070                WWDG_IRQHandler
                0x0000000008001070                TIM2_IRQHandler
                0x0000000008001070                OTG_FS_WKUP_IRQHandler
                0x0000000008001070                TIM1_TRG_COM_TIM11_IRQHandler
                0x0000000008001070                TIM1_BRK_IRQHandler
                0x0000000008001070                EXTI1_IRQHandler
                0x0000000008001070                RTCAlarm_IRQHandler
                0x0000000008001070                DMA2_Channel4_5_IRQHandler
                0x0000000008001070                USART2_IRQHandler
                0x0000000008001070                I2C2_ER_IRQHandler
                0x0000000008001070                DMA1_Channel2_IRQHandler
                0x0000000008001070                TIM8_BRK_IRQHandler
                0x0000000008001070                CAN1_SCE_IRQHandler
                0x0000000008001070                FLASH_IRQHandler
                0x0000000008001070                BusFault_Handler
                0x0000000008001070                USART1_IRQHandler
                0x0000000008001070                OTG_FS_IRQHandler
                0x0000000008001070                SPI3_IRQHandler
                0x0000000008001070                I2C1_ER_IRQHandler
                0x0000000008001070                DMA2_Channel3_IRQHandler
                0x0000000008001070                EXTI2_IRQHandler
 *fill*         0x0000000008001072        0x2 
 .text._sbrk    0x0000000008001074       0x3c CMakeFiles/radio3.elf.dir/lib_stm32/system/src/newlib/_sbrk.c.obj
                0x0000000008001074                _sbrk
 .text._start   0x00000000080010b0       0x98 CMakeFiles/radio3.elf.dir/lib_stm32/system/src/newlib/_startup.c.obj
                0x00000000080010b0                _start
 .text.NVIC_PriorityGroupConfig
                0x0000000008001148       0x14 CMakeFiles/radio3.elf.dir/lib_stm32/system/src/stm32f1-stdperiph/misc.c.obj
                0x0000000008001148                NVIC_PriorityGroupConfig
 .text.NVIC_Init
                0x000000000800115c       0x58 CMakeFiles/radio3.elf.dir/lib_stm32/system/src/stm32f1-stdperiph/misc.c.obj
                0x000000000800115c                NVIC_Init
 .text.ADC_Init
                0x00000000080011b4       0x48 CMakeFiles/radio3.elf.dir/lib_stm32/system/src/stm32f1-stdperiph/stm32f10x_adc.c.obj
                0x00000000080011b4                ADC_Init
 .text.ADC_Cmd  0x00000000080011fc       0x12 CMakeFiles/radio3.elf.dir/lib_stm32/system/src/stm32f1-stdperiph/stm32f10x_adc.c.obj
                0x00000000080011fc                ADC_Cmd
 .text.ADC_ResetCalibration
                0x000000000800120e        0xa CMakeFiles/radio3.elf.dir/lib_stm32/system/src/stm32f1-stdperiph/stm32f10x_adc.c.obj
                0x000000000800120e                ADC_ResetCalibration
 .text.ADC_GetResetCalibrationStatus
                0x0000000008001218        0x8 CMakeFiles/radio3.elf.dir/lib_stm32/system/src/stm32f1-stdperiph/stm32f10x_adc.c.obj
                0x0000000008001218                ADC_GetResetCalibrationStatus
 .text.ADC_StartCalibration
                0x0000000008001220        0xa CMakeFiles/radio3.elf.dir/lib_stm32/system/src/stm32f1-stdperiph/stm32f10x_adc.c.obj
                0x0000000008001220                ADC_StartCalibration
 .text.ADC_GetCalibrationStatus
                0x000000000800122a        0x8 CMakeFiles/radio3.elf.dir/lib_stm32/system/src/stm32f1-stdperiph/stm32f10x_adc.c.obj
                0x000000000800122a                ADC_GetCalibrationStatus
 .text.ADC_SoftwareStartConvCmd
                0x0000000008001232       0x12 CMakeFiles/radio3.elf.dir/lib_stm32/system/src/stm32f1-stdperiph/stm32f10x_adc.c.obj
                0x0000000008001232                ADC_SoftwareStartConvCmd
 .text.ADC_RegularChannelConfig
                0x0000000008001244       0x8c CMakeFiles/radio3.elf.dir/lib_stm32/system/src/stm32f1-stdperiph/stm32f10x_adc.c.obj
                0x0000000008001244                ADC_RegularChannelConfig
 .text.ADC_GetConversionValue
                0x00000000080012d0        0x6 CMakeFiles/radio3.elf.dir/lib_stm32/system/src/stm32f1-stdperiph/stm32f10x_adc.c.obj
                0x00000000080012d0                ADC_GetConversionValue
 .text.ADC_GetFlagStatus
                0x00000000080012d6        0xc CMakeFiles/radio3.elf.dir/lib_stm32/system/src/stm32f1-stdperiph/stm32f10x_adc.c.obj
                0x00000000080012d6                ADC_GetFlagStatus
 *fill*         0x00000000080012e2        0x2 
 .text.EXTI_ClearITPendingBit
                0x00000000080012e4        0xc CMakeFiles/radio3.elf.dir/lib_stm32/system/src/stm32f1-stdperiph/stm32f10x_exti.c.obj
                0x00000000080012e4                EXTI_ClearITPendingBit
 .text.GPIO_Init
                0x00000000080012f0       0xa6 CMakeFiles/radio3.elf.dir/lib_stm32/system/src/stm32f1-stdperiph/stm32f10x_gpio.c.obj
                0x00000000080012f0                GPIO_Init
 .text.GPIO_ReadInputDataBit
                0x0000000008001396        0xc CMakeFiles/radio3.elf.dir/lib_stm32/system/src/stm32f1-stdperiph/stm32f10x_gpio.c.obj
                0x0000000008001396                GPIO_ReadInputDataBit
 .text.GPIO_SetBits
                0x00000000080013a2        0x4 CMakeFiles/radio3.elf.dir/lib_stm32/system/src/stm32f1-stdperiph/stm32f10x_gpio.c.obj
                0x00000000080013a2                GPIO_SetBits
 .text.GPIO_ResetBits
                0x00000000080013a6        0x4 CMakeFiles/radio3.elf.dir/lib_stm32/system/src/stm32f1-stdperiph/stm32f10x_gpio.c.obj
                0x00000000080013a6                GPIO_ResetBits
 .text.GPIO_WriteBit
                0x00000000080013aa        0xa CMakeFiles/radio3.elf.dir/lib_stm32/system/src/stm32f1-stdperiph/stm32f10x_gpio.c.obj
                0x00000000080013aa                GPIO_WriteBit
 .text.RCC_USBCLKConfig
                0x00000000080013b4        0xc CMakeFiles/radio3.elf.dir/lib_stm32/system/src/stm32f1-stdperiph/stm32f10x_rcc.c.obj
                0x00000000080013b4                RCC_USBCLKConfig
 .text.RCC_ADCCLKConfig
                0x00000000080013c0       0x14 CMakeFiles/radio3.elf.dir/lib_stm32/system/src/stm32f1-stdperiph/stm32f10x_rcc.c.obj
                0x00000000080013c0                RCC_ADCCLKConfig
 .text.RCC_APB2PeriphClockCmd
                0x00000000080013d4       0x18 CMakeFiles/radio3.elf.dir/lib_stm32/system/src/stm32f1-stdperiph/stm32f10x_rcc.c.obj
                0x00000000080013d4                RCC_APB2PeriphClockCmd
 .text.RCC_APB1PeriphClockCmd
                0x00000000080013ec       0x18 CMakeFiles/radio3.elf.dir/lib_stm32/system/src/stm32f1-stdperiph/stm32f10x_rcc.c.obj
                0x00000000080013ec                RCC_APB1PeriphClockCmd
 .text.RCC_APB2PeriphResetCmd
                0x0000000008001404       0x18 CMakeFiles/radio3.elf.dir/lib_stm32/system/src/stm32f1-stdperiph/stm32f10x_rcc.c.obj
                0x0000000008001404                RCC_APB2PeriphResetCmd
 .text.RCC_APB1PeriphResetCmd
                0x000000000800141c       0x18 CMakeFiles/radio3.elf.dir/lib_stm32/system/src/stm32f1-stdperiph/stm32f10x_rcc.c.obj
                0x000000000800141c                RCC_APB1PeriphResetCmd
 .text.TI1_Config
                0x0000000008001434       0x6c CMakeFiles/radio3.elf.dir/lib_stm32/system/src/stm32f1-stdperiph/stm32f10x_tim.c.obj
 .text.TI2_Config
                0x00000000080014a0       0x78 CMakeFiles/radio3.elf.dir/lib_stm32/system/src/stm32f1-stdperiph/stm32f10x_tim.c.obj
 .text.TIM_DeInit
                0x0000000008001518      0x1c8 CMakeFiles/radio3.elf.dir/lib_stm32/system/src/stm32f1-stdperiph/stm32f10x_tim.c.obj
                0x0000000008001518                TIM_DeInit
 .text.TIM_TimeBaseInit
                0x00000000080016e0       0x94 CMakeFiles/radio3.elf.dir/lib_stm32/system/src/stm32f1-stdperiph/stm32f10x_tim.c.obj
                0x00000000080016e0                TIM_TimeBaseInit
 .text.TIM_Cmd  0x0000000008001774       0x16 CMakeFiles/radio3.elf.dir/lib_stm32/system/src/stm32f1-stdperiph/stm32f10x_tim.c.obj
                0x0000000008001774                TIM_Cmd
 .text.TIM_ITRxExternalClockConfig
                0x000000000800178a       0x18 CMakeFiles/radio3.elf.dir/lib_stm32/system/src/stm32f1-stdperiph/stm32f10x_tim.c.obj
                0x000000000800178a                TIM_ITRxExternalClockConfig
 .text.TIM_TIxExternalClockConfig
                0x00000000080017a2       0x32 CMakeFiles/radio3.elf.dir/lib_stm32/system/src/stm32f1-stdperiph/stm32f10x_tim.c.obj
                0x00000000080017a2                TIM_TIxExternalClockConfig
 .text.TIM_SelectOutputTrigger
                0x00000000080017d4       0x14 CMakeFiles/radio3.elf.dir/lib_stm32/system/src/stm32f1-stdperiph/stm32f10x_tim.c.obj
                0x00000000080017d4                TIM_SelectOutputTrigger
 .text.TIM_SetCounter
                0x00000000080017e8        0x4 CMakeFiles/radio3.elf.dir/lib_stm32/system/src/stm32f1-stdperiph/stm32f10x_tim.c.obj
                0x00000000080017e8                TIM_SetCounter
 .text.TIM_GetCounter
                0x00000000080017ec        0x4 CMakeFiles/radio3.elf.dir/lib_stm32/system/src/stm32f1-stdperiph/stm32f10x_tim.c.obj
                0x00000000080017ec                TIM_GetCounter
 .text._ZN5TimerC2Ev
                0x00000000080017f0       0x38 CMakeFiles/radio3.elf.dir/lib_stm32/timer/Timer.cpp.obj
                0x00000000080017f0                Timer::Timer()
                0x00000000080017f0                Timer::Timer()
 .text._ZNK5Timer9getMillisEv
                0x0000000008001828        0xc CMakeFiles/radio3.elf.dir/lib_stm32/timer/Timer.cpp.obj
                0x0000000008001828                Timer::getMillis() const
 .text._ZNK5Timer7isAfterEm
                0x0000000008001834       0x14 CMakeFiles/radio3.elf.dir/lib_stm32/timer/Timer.cpp.obj
                0x0000000008001834                Timer::isAfter(unsigned long) const
 .text._ZN5Timer6tickMsEv
                0x0000000008001848       0x10 CMakeFiles/radio3.elf.dir/lib_stm32/timer/Timer.cpp.obj
                0x0000000008001848                Timer::tickMs()
 .text._ZN9UsbDevice5ep1inEv
                0x0000000008001858        0x2 CMakeFiles/radio3.elf.dir/lib_stm32/usb_fs_driver/UsbDevice.cpp.obj
                0x0000000008001858                UsbDevice::ep4out()
                0x0000000008001858                UsbDevice::ep2in()
                0x0000000008001858                UsbDevice::ep3out()
                0x0000000008001858                UsbDevice::ep1out()
                0x0000000008001858                UsbDevice::ep6out()
                0x0000000008001858                UsbDevice::ep4in()
                0x0000000008001858                UsbDevice::ep5in()
                0x0000000008001858                UsbDevice::ep7out()
                0x0000000008001858                UsbDevice::ep2out()
                0x0000000008001858                UsbDevice::ep6in()
                0x0000000008001858                UsbDevice::ep3in()
                0x0000000008001858                UsbDevice::ep5out()
                0x0000000008001858                UsbDevice::ep7in()
                0x0000000008001858                UsbDevice::ep1in()
 *fill*         0x000000000800185a        0x2 
 .text._ZN9UsbDevice18handleStartOfFrameEv
                0x000000000800185c       0x1c CMakeFiles/radio3.elf.dir/lib_stm32/usb_fs_driver/UsbDevice.cpp.obj
                0x000000000800185c                UsbDevice::handleStartOfFrame()
 .text._ZN9UsbDevice11handleResetEv
                0x0000000008001878       0x18 CMakeFiles/radio3.elf.dir/lib_stm32/usb_fs_driver/UsbDevice.cpp.obj
                0x0000000008001878                UsbDevice::handleReset()
 .text._ZN9UsbDevice11handleErrorEv
                0x0000000008001890       0x10 CMakeFiles/radio3.elf.dir/lib_stm32/usb_fs_driver/UsbDevice.cpp.obj
                0x0000000008001890                UsbDevice::handleError()
 .text._ZN9UsbDevice12handleWakeUpEv
                0x00000000080018a0       0x14 CMakeFiles/radio3.elf.dir/lib_stm32/usb_fs_driver/UsbDevice.cpp.obj
                0x00000000080018a0                UsbDevice::handleWakeUp()
 .text._ZN9UsbDevice26handleExpectedStartOfFrameEv
                0x00000000080018b4       0xc0 CMakeFiles/radio3.elf.dir/lib_stm32/usb_fs_driver/UsbDevice.cpp.obj
                0x00000000080018b4                UsbDevice::handleExpectedStartOfFrame()
 .text._ZN9UsbDevice13handleSuspendEv
                0x0000000008001974       0x28 CMakeFiles/radio3.elf.dir/lib_stm32/usb_fs_driver/UsbDevice.cpp.obj
                0x0000000008001974                UsbDevice::handleSuspend()
 .text._ZN9UsbDevice21handleCorrectTransferEv
                0x000000000800199c      0x19c CMakeFiles/radio3.elf.dir/lib_stm32/usb_fs_driver/UsbDevice.cpp.obj
                0x000000000800199c                UsbDevice::handleCorrectTransfer()
 .text.USBWakeUp_IRQHandler
                0x0000000008001b38        0x8 CMakeFiles/radio3.elf.dir/lib_stm32/usb_fs_driver/UsbDevice.cpp.obj
                0x0000000008001b38                USBWakeUp_IRQHandler
 .text._ZN9UsbDeviceC2Ev
                0x0000000008001b40       0xdc CMakeFiles/radio3.elf.dir/lib_stm32/usb_fs_driver/UsbDevice.cpp.obj
                0x0000000008001b40                UsbDevice::UsbDevice()
                0x0000000008001b40                UsbDevice::UsbDevice()
 .text._ZN9UsbDevice4istrEv
                0x0000000008001c1c       0xa0 CMakeFiles/radio3.elf.dir/lib_stm32/usb_fs_driver/UsbDevice.cpp.obj
                0x0000000008001c1c                UsbDevice::istr()
 .text.USB_LP_CAN1_RX0_IRQHandler
                0x0000000008001cbc        0xc CMakeFiles/radio3.elf.dir/lib_stm32/usb_fs_driver/UsbDevice.cpp.obj
                0x0000000008001cbc                USB_LP_CAN1_RX0_IRQHandler
 .text._ZN9UsbDevice7initRCCEv
                0x0000000008001cc8       0x16 CMakeFiles/radio3.elf.dir/lib_stm32/usb_fs_driver/UsbDevice.cpp.obj
                0x0000000008001cc8                UsbDevice::initRCC()
 .text._ZN9UsbDevice8initNVICEv
                0x0000000008001cde       0x34 CMakeFiles/radio3.elf.dir/lib_stm32/usb_fs_driver/UsbDevice.cpp.obj
                0x0000000008001cde                UsbDevice::initNVIC()
 *fill*         0x0000000008001d12        0x2 
 .text._Z25Standard_GetConfigurationt
                0x0000000008001d14       0x24 CMakeFiles/radio3.elf.dir/lib_stm32/usb_fs_driver/usb_core.cpp.obj
                0x0000000008001d14                Standard_GetConfiguration(unsigned short)
 .text._Z21Standard_GetInterfacet
                0x0000000008001d38       0x24 CMakeFiles/radio3.elf.dir/lib_stm32/usb_fs_driver/usb_core.cpp.obj
                0x0000000008001d38                Standard_GetInterface(unsigned short)
 .text._Z18Standard_GetStatust
                0x0000000008001d5c       0x88 CMakeFiles/radio3.elf.dir/lib_stm32/usb_fs_driver/usb_core.cpp.obj
                0x0000000008001d5c                Standard_GetStatus(unsigned short)
 .text._ZL11DataStageInv
                0x0000000008001de4       0xa8 CMakeFiles/radio3.elf.dir/lib_stm32/usb_fs_driver/usb_core.cpp.obj
 .text._Z25Standard_SetConfigurationv
                0x0000000008001e8c       0x38 CMakeFiles/radio3.elf.dir/lib_stm32/usb_fs_driver/usb_core.cpp.obj
                0x0000000008001e8c                Standard_SetConfiguration()
 .text._Z21Standard_SetInterfacev
                0x0000000008001ec4       0x48 CMakeFiles/radio3.elf.dir/lib_stm32/usb_fs_driver/usb_core.cpp.obj
                0x0000000008001ec4                Standard_SetInterface()
 .text._Z21Standard_ClearFeaturev
                0x0000000008001f0c       0xcc CMakeFiles/radio3.elf.dir/lib_stm32/usb_fs_driver/usb_core.cpp.obj
                0x0000000008001f0c                Standard_ClearFeature()
 .text._Z27Standard_SetEndPointFeaturev
                0x0000000008001fd8       0x84 CMakeFiles/radio3.elf.dir/lib_stm32/usb_fs_driver/usb_core.cpp.obj
                0x0000000008001fd8                Standard_SetEndPointFeature()
 .text._Z25Standard_SetDeviceFeaturev
                0x000000000800205c       0x24 CMakeFiles/radio3.elf.dir/lib_stm32/usb_fs_driver/usb_core.cpp.obj
                0x000000000800205c                Standard_SetDeviceFeature()
 .text._Z26Standard_GetDescriptorDatatP13OneDescriptor
                0x0000000008002080       0x1c CMakeFiles/radio3.elf.dir/lib_stm32/usb_fs_driver/usb_core.cpp.obj
                0x0000000008002080                Standard_GetDescriptorData(unsigned short, OneDescriptor*)
 .text._Z13Post0_Processv
                0x000000000800209c       0x40 CMakeFiles/radio3.elf.dir/lib_stm32/usb_fs_driver/usb_core.cpp.obj
                0x000000000800209c                Post0_Process()
 .text._Z14Setup0_Processv
                0x00000000080020dc      0x2c8 CMakeFiles/radio3.elf.dir/lib_stm32/usb_fs_driver/usb_core.cpp.obj
                0x00000000080020dc                Setup0_Process()
 .text._Z12Out0_Processv
                0x00000000080023a4       0xe8 CMakeFiles/radio3.elf.dir/lib_stm32/usb_fs_driver/usb_core.cpp.obj
                0x00000000080023a4                Out0_Process()
 .text._Z16SetDeviceAddressh
                0x000000000800248c       0x40 CMakeFiles/radio3.elf.dir/lib_stm32/usb_fs_driver/usb_core.cpp.obj
                0x000000000800248c                SetDeviceAddress(unsigned char)
 .text._Z11In0_Processv
                0x00000000080024cc       0x5c CMakeFiles/radio3.elf.dir/lib_stm32/usb_fs_driver/usb_core.cpp.obj
                0x00000000080024cc                In0_Process()
 .text._Z11NOP_Processv
                0x0000000008002528        0x2 CMakeFiles/radio3.elf.dir/lib_stm32/usb_fs_driver/usb_core.cpp.obj
                0x0000000008002528                NOP_Process()
 *fill*         0x000000000800252a        0x2 
 .text._Z8USB_Initv
                0x000000000800252c       0x34 CMakeFiles/radio3.elf.dir/lib_stm32/usb_fs_driver/usb_init.cpp.obj
                0x000000000800252c                USB_Init()
 .text._Z19UserToPMABufferCopyPhtt
                0x0000000008002560       0x22 CMakeFiles/radio3.elf.dir/lib_stm32/usb_fs_driver/usb_mem.cpp.obj
                0x0000000008002560                UserToPMABufferCopy(unsigned char*, unsigned short, unsigned short)
 .text._Z19PMAToUserBufferCopyPhtt
                0x0000000008002582       0x24 CMakeFiles/radio3.elf.dir/lib_stm32/usb_fs_driver/usb_mem.cpp.obj
                0x0000000008002582                PMAToUserBufferCopy(unsigned char*, unsigned short, unsigned short)
 *fill*         0x00000000080025a6        0x2 
 .text._Z7SetISTRt
                0x00000000080025a8        0xc CMakeFiles/radio3.elf.dir/lib_stm32/usb_fs_driver/usb_regs.cpp.obj
                0x00000000080025a8                SetISTR(unsigned short)
 .text._Z9SetBTABLEt
                0x00000000080025b4       0x10 CMakeFiles/radio3.elf.dir/lib_stm32/usb_fs_driver/usb_regs.cpp.obj
                0x00000000080025b4                SetBTABLE(unsigned short)
 .text._Z9SetEPTypeht
                0x00000000080025c4       0x1c CMakeFiles/radio3.elf.dir/lib_stm32/usb_fs_driver/usb_regs.cpp.obj
                0x00000000080025c4                SetEPType(unsigned char, unsigned short)
 .text._Z13SetEPTxStatusht
                0x00000000080025e0       0x32 CMakeFiles/radio3.elf.dir/lib_stm32/usb_fs_driver/usb_regs.cpp.obj
                0x00000000080025e0                SetEPTxStatus(unsigned char, unsigned short)
 .text._Z13SetEPRxStatusht
                0x0000000008002612       0x32 CMakeFiles/radio3.elf.dir/lib_stm32/usb_fs_driver/usb_regs.cpp.obj
                0x0000000008002612                SetEPRxStatus(unsigned char, unsigned short)
 .text._Z12SetEPTxValidh
                0x0000000008002644       0x26 CMakeFiles/radio3.elf.dir/lib_stm32/usb_fs_driver/usb_regs.cpp.obj
                0x0000000008002644                SetEPTxValid(unsigned char)
 .text._Z12SetEPRxValidh
                0x000000000800266a       0x26 CMakeFiles/radio3.elf.dir/lib_stm32/usb_fs_driver/usb_regs.cpp.obj
                0x000000000800266a                SetEPRxValid(unsigned char)
 .text._Z12ClearEP_KINDh
                0x0000000008002690       0x20 CMakeFiles/radio3.elf.dir/lib_stm32/usb_fs_driver/usb_regs.cpp.obj
                0x0000000008002690                ClearEP_KIND(unsigned char)
 .text._Z16Clear_Status_Outh
                0x00000000080026b0        0x4 CMakeFiles/radio3.elf.dir/lib_stm32/usb_fs_driver/usb_regs.cpp.obj
                0x00000000080026b0                Clear_Status_Out(unsigned char)
 .text._Z12ClearDTOG_RXh
                0x00000000080026b4       0x26 CMakeFiles/radio3.elf.dir/lib_stm32/usb_fs_driver/usb_regs.cpp.obj
                0x00000000080026b4                ClearDTOG_RX(unsigned char)
 .text._Z12ClearDTOG_TXh
                0x00000000080026da       0x26 CMakeFiles/radio3.elf.dir/lib_stm32/usb_fs_driver/usb_regs.cpp.obj
                0x00000000080026da                ClearDTOG_TX(unsigned char)
 .text._Z11SetEPTxAddrht
                0x0000000008002700       0x20 CMakeFiles/radio3.elf.dir/lib_stm32/usb_fs_driver/usb_regs.cpp.obj
                0x0000000008002700                SetEPTxAddr(unsigned char, unsigned short)
 .text._Z11SetEPRxAddrht
                0x0000000008002720       0x20 CMakeFiles/radio3.elf.dir/lib_stm32/usb_fs_driver/usb_regs.cpp.obj
                0x0000000008002720                SetEPRxAddr(unsigned char, unsigned short)
 .text._Z11GetEPTxAddrh
                0x0000000008002740       0x1c CMakeFiles/radio3.elf.dir/lib_stm32/usb_fs_driver/usb_regs.cpp.obj
                0x0000000008002740                GetEPTxAddr(unsigned char)
 .text._Z11GetEPRxAddrh
                0x000000000800275c       0x1c CMakeFiles/radio3.elf.dir/lib_stm32/usb_fs_driver/usb_regs.cpp.obj
                0x000000000800275c                GetEPRxAddr(unsigned char)
 .text._Z12SetEPTxCountht
                0x0000000008002778       0x1c CMakeFiles/radio3.elf.dir/lib_stm32/usb_fs_driver/usb_regs.cpp.obj
                0x0000000008002778                SetEPTxCount(unsigned char, unsigned short)
 .text._Z12SetEPRxCountht
                0x0000000008002794       0x40 CMakeFiles/radio3.elf.dir/lib_stm32/usb_fs_driver/usb_regs.cpp.obj
                0x0000000008002794                SetEPRxCount(unsigned char, unsigned short)
 .text._Z12GetEPRxCounth
                0x00000000080027d4       0x20 CMakeFiles/radio3.elf.dir/lib_stm32/usb_fs_driver/usb_regs.cpp.obj
                0x00000000080027d4                GetEPRxCount(unsigned char)
 .text._Z8ByteSwapt
                0x00000000080027f4        0xa CMakeFiles/radio3.elf.dir/lib_stm32/usb_fs_driver/usb_regs.cpp.obj
                0x00000000080027f4                ByteSwap(unsigned short)
 *fill*         0x00000000080027fe        0x2 
 .text._Z12USB_SIL_Initv
                0x0000000008002800       0x20 CMakeFiles/radio3.elf.dir/lib_stm32/usb_fs_driver/usb_sil.cpp.obj
                0x0000000008002800                USB_SIL_Init()
 .text._ZN7UsbVCom5ep1inEv
                0x0000000008002820       0x2c CMakeFiles/radio3.elf.dir/lib_stm32/usb_vcom/UsbVCom.cpp.obj
                0x0000000008002820                UsbVCom::ep1in()
 .text._ZN7UsbVCom6ep3outEv
                0x000000000800284c       0x4c CMakeFiles/radio3.elf.dir/lib_stm32/usb_vcom/UsbVCom.cpp.obj
                0x000000000800284c                UsbVCom::ep3out()
 .text._ZN7UsbVComC2ER5Timer
                0x0000000008002898       0x48 CMakeFiles/radio3.elf.dir/lib_stm32/usb_vcom/UsbVCom.cpp.obj
                0x0000000008002898                UsbVCom::UsbVCom(Timer&)
                0x0000000008002898                UsbVCom::UsbVCom(Timer&)
 .text._ZN7UsbVCom4initEv
                0x00000000080028e0       0x50 CMakeFiles/radio3.elf.dir/lib_stm32/usb_vcom/UsbVCom.cpp.obj
                0x00000000080028e0                UsbVCom::init()
 .text._ZN7UsbVCom10readPacketEv
                0x0000000008002930       0x60 CMakeFiles/radio3.elf.dir/lib_stm32/usb_vcom/UsbVCom.cpp.obj
                0x0000000008002930                UsbVCom::readPacket()
 .text._ZN7UsbVCom4readEv
                0x0000000008002990       0x68 CMakeFiles/radio3.elf.dir/lib_stm32/usb_vcom/UsbVCom.cpp.obj
                0x0000000008002990                UsbVCom::read()
 .text._ZN7UsbVCom4readEPht
                0x00000000080029f8       0x38 CMakeFiles/radio3.elf.dir/lib_stm32/usb_vcom/UsbVCom.cpp.obj
                0x00000000080029f8                UsbVCom::read(unsigned char*, unsigned short)
 .text._ZN7UsbVCom5flushEv
                0x0000000008002a30       0xa8 CMakeFiles/radio3.elf.dir/lib_stm32/usb_vcom/UsbVCom.cpp.obj
                0x0000000008002a30                UsbVCom::flush()
 .text._ZN7UsbVCom5writeEh
                0x0000000008002ad8       0x4c CMakeFiles/radio3.elf.dir/lib_stm32/usb_vcom/UsbVCom.cpp.obj
                0x0000000008002ad8                UsbVCom::write(unsigned char)
 .text._ZN7UsbVCom5writeEPKht
                0x0000000008002b24       0x38 CMakeFiles/radio3.elf.dir/lib_stm32/usb_vcom/UsbVCom.cpp.obj
                0x0000000008002b24                UsbVCom::write(unsigned char const*, unsigned short)
 .text._ZL12IntToUnicodemPhh
                0x0000000008002b5c       0x2a CMakeFiles/radio3.elf.dir/lib_stm32/usb_vcom/hw_config.cpp.obj
 *fill*         0x0000000008002b86        0x2 
 .text._Z13Get_SerialNumv
                0x0000000008002b88       0x3c CMakeFiles/radio3.elf.dir/lib_stm32/usb_vcom/hw_config.cpp.obj
                0x0000000008002b88                Get_SerialNum()
 .text._Z33Virtual_Com_Port_SetConfigurationv
                0x0000000008002bc4       0x18 CMakeFiles/radio3.elf.dir/lib_stm32/usb_vcom/usb_prop.cpp.obj
                0x0000000008002bc4                Virtual_Com_Port_SetConfiguration()
 .text._Z33Virtual_Com_Port_SetDeviceAddressv
                0x0000000008002bdc        0xc CMakeFiles/radio3.elf.dir/lib_stm32/usb_vcom/usb_prop.cpp.obj
                0x0000000008002bdc                Virtual_Com_Port_SetDeviceAddress()
 .text._Z26Virtual_Com_Port_Status_Inv
                0x0000000008002be8       0x14 CMakeFiles/radio3.elf.dir/lib_stm32/usb_vcom/usb_prop.cpp.obj
                0x0000000008002be8                Virtual_Com_Port_Status_In()
 .text._Z27Virtual_Com_Port_Status_Outv
                0x0000000008002bfc        0x2 CMakeFiles/radio3.elf.dir/lib_stm32/usb_vcom/usb_prop.cpp.obj
                0x0000000008002bfc                Virtual_Com_Port_Status_Out()
 *fill*         0x0000000008002bfe        0x2 
 .text._Z27Virtual_Com_Port_Data_Setuph
                0x0000000008002c00       0x58 CMakeFiles/radio3.elf.dir/lib_stm32/usb_vcom/usb_prop.cpp.obj
                0x0000000008002c00                Virtual_Com_Port_Data_Setup(unsigned char)
 .text._Z29Virtual_Com_Port_NoData_Setuph
                0x0000000008002c58       0x24 CMakeFiles/radio3.elf.dir/lib_stm32/usb_vcom/usb_prop.cpp.obj
                0x0000000008002c58                Virtual_Com_Port_NoData_Setup(unsigned char)
 .text._Z38Virtual_Com_Port_Get_Interface_Settinghh
                0x0000000008002c7c       0x10 CMakeFiles/radio3.elf.dir/lib_stm32/usb_vcom/usb_prop.cpp.obj
                0x0000000008002c7c                Virtual_Com_Port_Get_Interface_Setting(unsigned char, unsigned char)
 .text._Z30Virtual_Com_Port_GetLineCodingt
                0x0000000008002c8c       0x18 CMakeFiles/radio3.elf.dir/lib_stm32/usb_vcom/usb_prop.cpp.obj
                0x0000000008002c8c                Virtual_Com_Port_GetLineCoding(unsigned short)
 .text._Z30Virtual_Com_Port_SetLineCodingt
                0x0000000008002ca4        0x4 CMakeFiles/radio3.elf.dir/lib_stm32/usb_vcom/usb_prop.cpp.obj
                0x0000000008002ca4                Virtual_Com_Port_SetLineCoding(unsigned short)
 .text._Z21Virtual_Com_Port_initv
                0x0000000008002ca8       0x24 CMakeFiles/radio3.elf.dir/lib_stm32/usb_vcom/usb_prop.cpp.obj
                0x0000000008002ca8                Virtual_Com_Port_init()
 .text._Z22Virtual_Com_Port_Resetv
                0x0000000008002ccc       0xe0 CMakeFiles/radio3.elf.dir/lib_stm32/usb_vcom/usb_prop.cpp.obj
                0x0000000008002ccc                Virtual_Com_Port_Reset()
 .text._Z36Virtual_Com_Port_GetDeviceDescriptort
                0x0000000008002dac        0xc CMakeFiles/radio3.elf.dir/lib_stm32/usb_vcom/usb_prop.cpp.obj
                0x0000000008002dac                Virtual_Com_Port_GetDeviceDescriptor(unsigned short)
 .text._Z36Virtual_Com_Port_GetConfigDescriptort
                0x0000000008002db8        0xc CMakeFiles/radio3.elf.dir/lib_stm32/usb_vcom/usb_prop.cpp.obj
                0x0000000008002db8                Virtual_Com_Port_GetConfigDescriptor(unsigned short)
 .text._Z36Virtual_Com_Port_GetStringDescriptort
                0x0000000008002dc4       0x20 CMakeFiles/radio3.elf.dir/lib_stm32/usb_vcom/usb_prop.cpp.obj
                0x0000000008002dc4                Virtual_Com_Port_GetStringDescriptor(unsigned short)
 .text._Z7PowerOnv
                0x0000000008002de4       0x34 CMakeFiles/radio3.elf.dir/lib_stm32/usb_vcom/usb_pwr.cpp.obj
                0x0000000008002de4                PowerOn()
 .text._Z7Suspendv
                0x0000000008002e18       0x84 CMakeFiles/radio3.elf.dir/lib_stm32/usb_vcom/usb_pwr.cpp.obj
                0x0000000008002e18                Suspend()
 .text._Z11Resume_Initv
                0x0000000008002e9c       0x18 CMakeFiles/radio3.elf.dir/lib_stm32/usb_vcom/usb_pwr.cpp.obj
                0x0000000008002e9c                Resume_Init()
 .text._Z6Resume12RESUME_STATE
                0x0000000008002eb4       0xa4 CMakeFiles/radio3.elf.dir/lib_stm32/usb_vcom/usb_pwr.cpp.obj
                0x0000000008002eb4                Resume(RESUME_STATE)
 .text          0x0000000008002f58       0x30 /usr/local/gcc-arm-none-eabi-7-2017-q4-major/bin/../lib/gcc/arm-none-eabi/7.2.1/thumb/v7-m/libgcc.a(_aeabi_uldivmod.o)
                0x0000000008002f58                __aeabi_uldivmod
 .text          0x0000000008002f88      0x2d0 /usr/local/gcc-arm-none-eabi-7-2017-q4-major/bin/../lib/gcc/arm-none-eabi/7.2.1/thumb/v7-m/libgcc.a(_udivmoddi4.o)
                0x0000000008002f88                __udivmoddi4
 .text          0x0000000008003258        0x4 /usr/local/gcc-arm-none-eabi-7-2017-q4-major/bin/../lib/gcc/arm-none-eabi/7.2.1/thumb/v7-m/libgcc.a(_dvmd_tls.o)
                0x0000000008003258                __aeabi_ldiv0
                0x0000000008003258                __aeabi_idiv0
 .text.__errno  0x000000000800325c        0xc /usr/local/gcc-arm-none-eabi-7-2017-q4-major/bin/../lib/gcc/arm-none-eabi/7.2.1/../../../../arm-none-eabi/lib/thumb/v7-m/libc_nano.a(lib_a-errno.o)
                0x000000000800325c                __errno
 .text.memset   0x0000000008003268       0x10 /usr/local/gcc-arm-none-eabi-7-2017-q4-major/bin/../lib/gcc/arm-none-eabi/7.2.1/../../../../arm-none-eabi/lib/thumb/v7-m/libc_nano.a(lib_a-memset.o)
                0x0000000008003268                memset
 .text.snprintf
                0x0000000008003278       0x68 /usr/local/gcc-arm-none-eabi-7-2017-q4-major/bin/../lib/gcc/arm-none-eabi/7.2.1/../../../../arm-none-eabi/lib/thumb/v7-m/libc_nano.a(lib_a-snprintf.o)
                0x0000000008003278                snprintf
                0x0000000008003278                sniprintf
 .text          0x00000000080032e0       0x10 /usr/local/gcc-arm-none-eabi-7-2017-q4-major/bin/../lib/gcc/arm-none-eabi/7.2.1/../../../../arm-none-eabi/lib/thumb/v7-m/libc_nano.a(lib_a-strlen.o)
                0x00000000080032e0                strlen
 .text._vsnprintf_r
                0x00000000080032f0       0x58 /usr/local/gcc-arm-none-eabi-7-2017-q4-major/bin/../lib/gcc/arm-none-eabi/7.2.1/../../../../arm-none-eabi/lib/thumb/v7-m/libc_nano.a(lib_a-vsnprintf.o)
                0x00000000080032f0                _vsnprintf_r
                0x00000000080032f0                _vsniprintf_r
 .text.vsnprintf
                0x0000000008003348       0x1c /usr/local/gcc-arm-none-eabi-7-2017-q4-major/bin/../lib/gcc/arm-none-eabi/7.2.1/../../../../arm-none-eabi/lib/thumb/v7-m/libc_nano.a(lib_a-vsnprintf.o)
                0x0000000008003348                vsnprintf
                0x0000000008003348                vsniprintf
 .text.__ssputs_r
                0x0000000008003364       0xb4 /usr/local/gcc-arm-none-eabi-7-2017-q4-major/bin/../lib/gcc/arm-none-eabi/7.2.1/../../../../arm-none-eabi/lib/thumb/v7-m/libc_nano.a(lib_a-nano-svfprintf.o)
                0x0000000008003364                __ssputs_r
 .text._svfprintf_r
                0x0000000008003418      0x1ec /usr/local/gcc-arm-none-eabi-7-2017-q4-major/bin/../lib/gcc/arm-none-eabi/7.2.1/../../../../arm-none-eabi/lib/thumb/v7-m/libc_nano.a(lib_a-nano-svfprintf.o)
                0x0000000008003418                _svfprintf_r
                0x0000000008003418                _svfiprintf_r
 .text._printf_common
                0x0000000008003604       0xec /usr/local/gcc-arm-none-eabi-7-2017-q4-major/bin/../lib/gcc/arm-none-eabi/7.2.1/../../../../arm-none-eabi/lib/thumb/v7-m/libc_nano.a(lib_a-nano-vfprintf_i.o)
                0x0000000008003604                _printf_common
 .text._printf_i
                0x00000000080036f0      0x224 /usr/local/gcc-arm-none-eabi-7-2017-q4-major/bin/../lib/gcc/arm-none-eabi/7.2.1/../../../../arm-none-eabi/lib/thumb/v7-m/libc_nano.a(lib_a-nano-vfprintf_i.o)
                0x00000000080036f0                _printf_i
 .text.memchr   0x0000000008003914       0x1c /usr/local/gcc-arm-none-eabi-7-2017-q4-major/bin/../lib/gcc/arm-none-eabi/7.2.1/../../../../arm-none-eabi/lib/thumb/v7-m/libc_nano.a(lib_a-memchr-stub.o)
                0x0000000008003914                memchr
 .text.memcpy   0x0000000008003930       0x16 /usr/local/gcc-arm-none-eabi-7-2017-q4-major/bin/../lib/gcc/arm-none-eabi/7.2.1/../../../../arm-none-eabi/lib/thumb/v7-m/libc_nano.a(lib_a-memcpy-stub.o)
                0x0000000008003930                memcpy
 .text.memmove  0x0000000008003946       0x32 /usr/local/gcc-arm-none-eabi-7-2017-q4-major/bin/../lib/gcc/arm-none-eabi/7.2.1/../../../../arm-none-eabi/lib/thumb/v7-m/libc_nano.a(lib_a-memmove.o)
                0x0000000008003946                memmove
 .text._free_r  0x0000000008003978       0x98 /usr/local/gcc-arm-none-eabi-7-2017-q4-major/bin/../lib/gcc/arm-none-eabi/7.2.1/../../../../arm-none-eabi/lib/thumb/v7-m/libc_nano.a(lib_a-nano-freer.o)
                0x0000000008003978                _free_r
 .text._malloc_r
                0x0000000008003a10       0xb4 /usr/local/gcc-arm-none-eabi-7-2017-q4-major/bin/../lib/gcc/arm-none-eabi/7.2.1/../../../../arm-none-eabi/lib/thumb/v7-m/libc_nano.a(lib_a-nano-mallocr.o)
                0x0000000008003a10                _malloc_r
 .text._realloc_r
                0x0000000008003ac4       0x4c /usr/local/gcc-arm-none-eabi-7-2017-q4-major/bin/../lib/gcc/arm-none-eabi/7.2.1/../../../../arm-none-eabi/lib/thumb/v7-m/libc_nano.a(lib_a-nano-reallocr.o)
                0x0000000008003ac4                _realloc_r
 .text._sbrk_r  0x0000000008003b10       0x20 /usr/local/gcc-arm-none-eabi-7-2017-q4-major/bin/../lib/gcc/arm-none-eabi/7.2.1/../../../../arm-none-eabi/lib/thumb/v7-m/libc_nano.a(lib_a-sbrkr.o)
                0x0000000008003b10                _sbrk_r
 .text.__malloc_lock
                0x0000000008003b30        0x2 /usr/local/gcc-arm-none-eabi-7-2017-q4-major/bin/../lib/gcc/arm-none-eabi/7.2.1/../../../../arm-none-eabi/lib/thumb/v7-m/libc_nano.a(lib_a-mlock.o)
                0x0000000008003b30                __malloc_lock
 .text.__malloc_unlock
                0x0000000008003b32        0x2 /usr/local/gcc-arm-none-eabi-7-2017-q4-major/bin/../lib/gcc/arm-none-eabi/7.2.1/../../../../arm-none-eabi/lib/thumb/v7-m/libc_nano.a(lib_a-mlock.o)
                0x0000000008003b32                __malloc_unlock
 .text._malloc_usable_size_r
                0x0000000008003b34       0x10 /usr/local/gcc-arm-none-eabi-7-2017-q4-major/bin/../lib/gcc/arm-none-eabi/7.2.1/../../../../arm-none-eabi/lib/thumb/v7-m/libc_nano.a(lib_a-nano-msizer.o)
                0x0000000008003b34                _malloc_usable_size_r
 *(.rodata .rodata.* .constdata .constdata.*)
 .rodata._ZTV6Ad985x
                0x0000000008003b44       0x10 CMakeFiles/radio3.elf.dir/src/Ad985x.cpp.obj
                0x0000000008003b44                vtable for Ad985x
 .rodata._ZL20encryptedLicenseData
                0x0000000008003b54       0x3c CMakeFiles/radio3.elf.dir/src/Radio3.cpp.obj
 .rodata._ZL20licenseEncryptionKey
                0x0000000008003b90       0x40 CMakeFiles/radio3.elf.dir/src/Radio3.cpp.obj
 .rodata.main.str1.1
                0x0000000008003bd0        0x8 CMakeFiles/radio3.elf.dir/src/Radio3.cpp.obj
 .rodata._Z3logPKcz.str1.1
                0x0000000008003bd8        0x8 CMakeFiles/radio3.elf.dir/lib_stm32/debug/log.cpp.obj
 .rodata        0x0000000008003be0       0x68 CMakeFiles/radio3.elf.dir/lib_stm32/usb_fs_driver/UsbDevice.cpp.obj
 .rodata._ZTV9UsbDevice
                0x0000000008003c48       0x5c CMakeFiles/radio3.elf.dir/lib_stm32/usb_fs_driver/UsbDevice.cpp.obj
                0x0000000008003c48                vtable for UsbDevice
 .rodata._ZN7UsbVCom10readPacketEv.str1.1
                0x0000000008003ca4       0x32 CMakeFiles/radio3.elf.dir/lib_stm32/usb_vcom/UsbVCom.cpp.obj
 .rodata._ZN7UsbVCom4initEv.str1.1
                0x0000000008003cd6       0x49 CMakeFiles/radio3.elf.dir/lib_stm32/usb_vcom/UsbVCom.cpp.obj
                                         0x4a (size before relaxing)
 .rodata._ZN7UsbVCom4readEPht.str1.1
                0x0000000008003d1f        0xa CMakeFiles/radio3.elf.dir/lib_stm32/usb_vcom/UsbVCom.cpp.obj
 .rodata._ZN7UsbVCom4readEv.str1.1
                0x0000000008003d29       0x3a CMakeFiles/radio3.elf.dir/lib_stm32/usb_vcom/UsbVCom.cpp.obj
 .rodata._ZN7UsbVCom5ep1inEv.str1.1
                0x0000000008003d63       0x11 CMakeFiles/radio3.elf.dir/lib_stm32/usb_vcom/UsbVCom.cpp.obj
 .rodata._ZN7UsbVCom5flushEv.str1.1
                0x0000000008003d74       0x28 CMakeFiles/radio3.elf.dir/lib_stm32/usb_vcom/UsbVCom.cpp.obj
 .rodata._ZN7UsbVCom5writeEPKht.str1.1
                0x0000000008003d9c        0xb CMakeFiles/radio3.elf.dir/lib_stm32/usb_vcom/UsbVCom.cpp.obj
 .rodata._ZN7UsbVCom6ep3outEv.str1.1
                0x0000000008003da7       0x16 CMakeFiles/radio3.elf.dir/lib_stm32/usb_vcom/UsbVCom.cpp.obj
 *fill*         0x0000000008003dbd        0x3 
 .rodata._ZTV7UsbVCom
                0x0000000008003dc0       0x5c CMakeFiles/radio3.elf.dir/lib_stm32/usb_vcom/UsbVCom.cpp.obj
                0x0000000008003dc0                vtable for UsbVCom
 .rodata.Virtual_Com_Port_ConfigDescriptor
                0x0000000008003e1c       0x43 CMakeFiles/radio3.elf.dir/lib_stm32/usb_vcom/usb_desc.cpp.obj
                0x0000000008003e1c                Virtual_Com_Port_ConfigDescriptor
 .rodata.Virtual_Com_Port_DeviceDescriptor
                0x0000000008003e5f       0x12 CMakeFiles/radio3.elf.dir/lib_stm32/usb_vcom/usb_desc.cpp.obj
                0x0000000008003e5f                Virtual_Com_Port_DeviceDescriptor
 .rodata.Virtual_Com_Port_StringLangID
                0x0000000008003e71        0x4 CMakeFiles/radio3.elf.dir/lib_stm32/usb_vcom/usb_desc.cpp.obj
                0x0000000008003e71                Virtual_Com_Port_StringLangID
 .rodata.Virtual_Com_Port_StringProduct
                0x0000000008003e75       0x32 CMakeFiles/radio3.elf.dir/lib_stm32/usb_vcom/usb_desc.cpp.obj
                0x0000000008003e75                Virtual_Com_Port_StringProduct
 .rodata.Virtual_Com_Port_StringVendor
                0x0000000008003ea7       0x26 CMakeFiles/radio3.elf.dir/lib_stm32/usb_vcom/usb_desc.cpp.obj
                0x0000000008003ea7                Virtual_Com_Port_StringVendor
 .rodata._svfprintf_r.str1.1
                0x0000000008003ecd       0x11 /usr/local/gcc-arm-none-eabi-7-2017-q4-major/bin/../lib/gcc/arm-none-eabi/7.2.1/../../../../arm-none-eabi/lib/thumb/v7-m/libc_nano.a(lib_a-nano-svfprintf.o)
 .rodata._printf_i.str1.1
                0x0000000008003ede       0x22 /usr/local/gcc-arm-none-eabi-7-2017-q4-major/bin/../lib/gcc/arm-none-eabi/7.2.1/../../../../arm-none-eabi/lib/thumb/v7-m/libc_nano.a(lib_a-nano-vfprintf_i.o)
 *(vtable)
 *(.eh_frame*)
 *(.glue_7)
 .glue_7        0x0000000008003f00        0x0 linker stubs
 *(.glue_7t)
 .glue_7t       0x0000000008003f00        0x0 linker stubs

.vfp11_veneer   0x0000000008003f00        0x0
 .vfp11_veneer  0x0000000008003f00        0x0 linker stubs

.v4_bx          0x0000000008003f00        0x0
 .v4_bx         0x0000000008003f00        0x0 linker stubs

.iplt           0x0000000008003f00        0x0
 .iplt          0x0000000008003f00        0x0 CMakeFiles/radio3.elf.dir/src/Ad985x.cpp.obj

.ARM.extab
 *(.ARM.extab* .gnu.linkonce.armextab.*)
                0x0000000008003f00                . = ALIGN (0x4)
                0x0000000008003f00                __exidx_start = .

.ARM.exidx      0x0000000008003f00        0x8
 *(.ARM.exidx* .gnu.linkonce.armexidx.*)
 .ARM.exidx     0x0000000008003f00        0x8 /usr/local/gcc-arm-none-eabi-7-2017-q4-major/bin/../lib/gcc/arm-none-eabi/7.2.1/thumb/v7-m/libgcc.a(_udivmoddi4.o)
                0x0000000008003f08                __exidx_end = .

.rel.dyn        0x0000000008003f08        0x0
 .rel.iplt      0x0000000008003f08        0x0 CMakeFiles/radio3.elf.dir/src/Ad985x.cpp.obj
                0x0000000008003f08                . = ALIGN (0x4)
                0x0000000008003f08                _etext = .
                0x0000000008003f08                __etext = .

.data_CCMRAM    0x0000000000000000        0x0 load address 0x0000000008003f08
 FILL mask 0xff
 *(.data.CCMRAM .data.CCMRAM.*)
                0x0000000000000000                . = ALIGN (0x4)
                0x0000000008003f08                _sidata = LOADADDR (.data)

.data           0x0000000020000000      0x128 load address 0x0000000008003f08
 FILL mask 0xff
                0x0000000020000000                _sdata = .
                0x0000000020000000                __data_start__ = .
 *(.data_begin .data_begin.*)
 *(.data .data.*)
 .data.AHBPrescTable
                0x0000000020000000       0x10 CMakeFiles/radio3.elf.dir/lib_stm32/system/src/cmsis/system_stm32f10x.c.obj
                0x0000000020000000                AHBPrescTable
 .data.SystemCoreClock
                0x0000000020000010        0x4 CMakeFiles/radio3.elf.dir/lib_stm32/system/src/cmsis/system_stm32f10x.c.obj
                0x0000000020000010                SystemCoreClock
 .data.Virtual_Com_Port_StringSerial
                0x0000000020000014       0x1a CMakeFiles/radio3.elf.dir/lib_stm32/usb_vcom/usb_desc.cpp.obj
                0x0000000020000014                Virtual_Com_Port_StringSerial
 *fill*         0x000000002000002e        0x2 ff
 .data.Config_Descriptor
                0x0000000020000030        0x8 CMakeFiles/radio3.elf.dir/lib_stm32/usb_vcom/usb_prop.cpp.obj
                0x0000000020000030                Config_Descriptor
 .data.Device_Descriptor
                0x0000000020000038        0x8 CMakeFiles/radio3.elf.dir/lib_stm32/usb_vcom/usb_prop.cpp.obj
                0x0000000020000038                Device_Descriptor
 .data.Device_Property
                0x0000000020000040       0x30 CMakeFiles/radio3.elf.dir/lib_stm32/usb_vcom/usb_prop.cpp.obj
                0x0000000020000040                Device_Property
 .data.Device_Table
                0x0000000020000070        0x2 CMakeFiles/radio3.elf.dir/lib_stm32/usb_vcom/usb_prop.cpp.obj
                0x0000000020000070                Device_Table
 *fill*         0x0000000020000072        0x2 ff
 .data.String_Descriptor
                0x0000000020000074       0x20 CMakeFiles/radio3.elf.dir/lib_stm32/usb_vcom/usb_prop.cpp.obj
                0x0000000020000074                String_Descriptor
 .data.User_Standard_Requests
                0x0000000020000094       0x24 CMakeFiles/radio3.elf.dir/lib_stm32/usb_vcom/usb_prop.cpp.obj
                0x0000000020000094                User_Standard_Requests
 .data.linecoding
                0x00000000200000b8        0x8 CMakeFiles/radio3.elf.dir/lib_stm32/usb_vcom/usb_prop.cpp.obj
                0x00000000200000b8                linecoding
 .data.fSuspendEnabled
                0x00000000200000c0        0x1 CMakeFiles/radio3.elf.dir/lib_stm32/usb_vcom/usb_pwr.cpp.obj
                0x00000000200000c0                fSuspendEnabled
 *fill*         0x00000000200000c1        0x3 ff
 .data._impure_ptr
                0x00000000200000c4        0x4 /usr/local/gcc-arm-none-eabi-7-2017-q4-major/bin/../lib/gcc/arm-none-eabi/7.2.1/../../../../arm-none-eabi/lib/thumb/v7-m/libc_nano.a(lib_a-impure.o)
                0x00000000200000c4                _impure_ptr
 .data.impure_data
                0x00000000200000c8       0x60 /usr/local/gcc-arm-none-eabi-7-2017-q4-major/bin/../lib/gcc/arm-none-eabi/7.2.1/../../../../arm-none-eabi/lib/thumb/v7-m/libc_nano.a(lib_a-impure.o)
 *(.data_end .data_end.*)
                0x0000000020000128                . = ALIGN (0x4)
                0x0000000020000128                _edata = .
                0x0000000020000128                __data_end__ = .

.igot.plt       0x0000000020000128        0x0 load address 0x0000000008004030
 .igot.plt      0x0000000020000128        0x0 CMakeFiles/radio3.elf.dir/src/Ad985x.cpp.obj

.bss_CCMRAM     0x0000000000000000        0x0
 *(.bss.CCMRAM .bss.CCMRAM.*)

.bss            0x0000000020000128     0x121c
                0x0000000020000128                __bss_start__ = .
                0x0000000020000128                _sbss = .
 *(.bss_begin .bss_begin.*)
 *(.bss .bss.*)
 .bss._ZL5board
                0x0000000020000128        0x1 CMakeFiles/radio3.elf.dir/src/Radio3.cpp.obj
 .bss._ZL5timer
                0x0000000020000129        0x1 CMakeFiles/radio3.elf.dir/src/Radio3.cpp.obj
 *fill*         0x000000002000012a        0x2 
 .bss._ZL6radio3
                0x000000002000012c     0x1004 CMakeFiles/radio3.elf.dir/src/Radio3.cpp.obj
 .bss._ZL7usbVCom
                0x0000000020001130      0x100 CMakeFiles/radio3.elf.dir/src/Radio3.cpp.obj
 .bss._ZZN6Radio319handleIncomingFrameEvE5frame
                0x0000000020001230        0x6 CMakeFiles/radio3.elf.dir/src/Radio3.cpp.obj
 .bss._ZZN6Radio319handleIncomingFrameEvE7payload
                0x0000000020001236       0x10 CMakeFiles/radio3.elf.dir/src/Radio3.cpp.obj
 *fill*         0x0000000020001246        0x2 
 .bss._ZN12_GLOBAL__N_15timerE
                0x0000000020001248        0x4 CMakeFiles/radio3.elf.dir/lib_stm32/debug/log.cpp.obj
 .bss._ZN12_GLOBAL__N_17enabledE
                0x000000002000124c        0x1 CMakeFiles/radio3.elf.dir/lib_stm32/debug/log.cpp.obj
 .bss._ZZ3logPKczE3buf
                0x000000002000124d       0x64 CMakeFiles/radio3.elf.dir/lib_stm32/debug/log.cpp.obj
 *fill*         0x00000000200012b1        0x3 
 .bss.current_heap_end.3959
                0x00000000200012b4        0x4 CMakeFiles/radio3.elf.dir/lib_stm32/system/src/newlib/_sbrk.c.obj
 .bss._ZN12_GLOBAL__N_16millisE
                0x00000000200012b8        0x4 CMakeFiles/radio3.elf.dir/lib_stm32/timer/Timer.cpp.obj
 .bss.SaveRState
                0x00000000200012bc        0x2 CMakeFiles/radio3.elf.dir/lib_stm32/usb_fs_driver/UsbDevice.cpp.obj
                0x00000000200012bc                SaveRState
 .bss.SaveTState
                0x00000000200012be        0x2 CMakeFiles/radio3.elf.dir/lib_stm32/usb_fs_driver/UsbDevice.cpp.obj
                0x00000000200012be                SaveTState
 .bss._ZN12_GLOBAL__N_113_usbDevicePtrE
                0x00000000200012c0        0x4 CMakeFiles/radio3.elf.dir/lib_stm32/usb_fs_driver/UsbDevice.cpp.obj
 .bss.bIntPackSOF
                0x00000000200012c4        0x1 CMakeFiles/radio3.elf.dir/lib_stm32/usb_fs_driver/UsbDevice.cpp.obj
                0x00000000200012c4                bIntPackSOF
 *fill*         0x00000000200012c5        0x3 
 .bss.esof_counter
                0x00000000200012c8        0x4 CMakeFiles/radio3.elf.dir/lib_stm32/usb_fs_driver/UsbDevice.cpp.obj
                0x00000000200012c8                esof_counter
 .bss.wCNTR     0x00000000200012cc        0x4 CMakeFiles/radio3.elf.dir/lib_stm32/usb_fs_driver/UsbDevice.cpp.obj
                0x00000000200012cc                wCNTR
 .bss.wIstr     0x00000000200012d0        0x2 CMakeFiles/radio3.elf.dir/lib_stm32/usb_fs_driver/UsbDevice.cpp.obj
                0x00000000200012d0                wIstr
 .bss.Data_Mul_MaxPacketSize
                0x00000000200012d2        0x1 CMakeFiles/radio3.elf.dir/lib_stm32/usb_fs_driver/usb_core.cpp.obj
                0x00000000200012d2                Data_Mul_MaxPacketSize
 *fill*         0x00000000200012d3        0x1 
 .bss.DevRemoteWakeup
                0x00000000200012d4        0x4 CMakeFiles/radio3.elf.dir/lib_stm32/usb_fs_driver/usb_core.cpp.obj
                0x00000000200012d4                DevRemoteWakeup
 .bss.StatusInfo
                0x00000000200012d8        0x2 CMakeFiles/radio3.elf.dir/lib_stm32/usb_fs_driver/usb_core.cpp.obj
                0x00000000200012d8                StatusInfo
 *fill*         0x00000000200012da        0x2 
 .bss.Device_Info
                0x00000000200012dc       0x1c CMakeFiles/radio3.elf.dir/lib_stm32/usb_fs_driver/usb_init.cpp.obj
                0x00000000200012dc                Device_Info
 .bss.EPindex   0x00000000200012f8        0x1 CMakeFiles/radio3.elf.dir/lib_stm32/usb_fs_driver/usb_init.cpp.obj
                0x00000000200012f8                EPindex
 *fill*         0x00000000200012f9        0x3 
 .bss.pInformation
                0x00000000200012fc        0x4 CMakeFiles/radio3.elf.dir/lib_stm32/usb_fs_driver/usb_init.cpp.obj
                0x00000000200012fc                pInformation
 .bss.pProperty
                0x0000000020001300        0x4 CMakeFiles/radio3.elf.dir/lib_stm32/usb_fs_driver/usb_init.cpp.obj
                0x0000000020001300                pProperty
 .bss.pUser_Standard_Requests
                0x0000000020001304        0x4 CMakeFiles/radio3.elf.dir/lib_stm32/usb_fs_driver/usb_init.cpp.obj
                0x0000000020001304                pUser_Standard_Requests
 .bss.wInterrupt_Mask
                0x0000000020001308        0x2 CMakeFiles/radio3.elf.dir/lib_stm32/usb_fs_driver/usb_init.cpp.obj
                0x0000000020001308                wInterrupt_Mask
 .bss.Request   0x000000002000130a        0x1 CMakeFiles/radio3.elf.dir/lib_stm32/usb_vcom/usb_prop.cpp.obj
                0x000000002000130a                Request
 *fill*         0x000000002000130b        0x1 
 .bss.EP        0x000000002000130c       0x20 CMakeFiles/radio3.elf.dir/lib_stm32/usb_vcom/usb_pwr.cpp.obj
                0x000000002000130c                EP
 .bss.ResumeS   0x000000002000132c        0x2 CMakeFiles/radio3.elf.dir/lib_stm32/usb_vcom/usb_pwr.cpp.obj
 *fill*         0x000000002000132e        0x2 
 .bss.bDeviceState
                0x0000000020001330        0x4 CMakeFiles/radio3.elf.dir/lib_stm32/usb_vcom/usb_pwr.cpp.obj
                0x0000000020001330                bDeviceState
 .bss.remotewakeupon
                0x0000000020001334        0x4 CMakeFiles/radio3.elf.dir/lib_stm32/usb_vcom/usb_pwr.cpp.obj
                0x0000000020001334                remotewakeupon
 .bss.__malloc_free_list
                0x0000000020001338        0x4 /usr/local/gcc-arm-none-eabi-7-2017-q4-major/bin/../lib/gcc/arm-none-eabi/7.2.1/../../../../arm-none-eabi/lib/thumb/v7-m/libc_nano.a(lib_a-nano-mallocr.o)
                0x0000000020001338                __malloc_free_list
 .bss.__malloc_sbrk_start
                0x000000002000133c        0x4 /usr/local/gcc-arm-none-eabi-7-2017-q4-major/bin/../lib/gcc/arm-none-eabi/7.2.1/../../../../arm-none-eabi/lib/thumb/v7-m/libc_nano.a(lib_a-nano-mallocr.o)
                0x000000002000133c                __malloc_sbrk_start
 *(COMMON)
 COMMON         0x0000000020001340        0x4 /usr/local/gcc-arm-none-eabi-7-2017-q4-major/bin/../lib/gcc/arm-none-eabi/7.2.1/../../../../arm-none-eabi/lib/thumb/v7-m/libc_nano.a(lib_a-reent.o)
                0x0000000020001340                errno
 *(.bss_end .bss_end.*)
                0x0000000020001344                . = ALIGN (0x4)
                0x0000000020001344                __bss_end__ = .
                0x0000000020001344                _ebss = .

.noinit_CCMRAM
 *(.noinit.CCMRAM .noinit.CCMRAM.*)

.noinit         0x0000000020001344        0x0
                0x0000000020001344                _noinit = .
 *(.noinit .noinit.*)
                0x0000000020001344                . = ALIGN (0x4)
                0x0000000020001344                _end_noinit = .
                [!provide]                        PROVIDE (end, _end_noinit)
                [!provide]                        PROVIDE (_end, _end_noinit)
                [!provide]                        PROVIDE (__end, _end_noinit)
                [!provide]                        PROVIDE (__end__, _end_noinit)

._check_stack   0x0000000020001344      0x400
                0x0000000020001744                . = (. + _Minimum_Stack_Size)
 *fill*         0x0000000020001344      0x400 

.b1text
 *(.b1text)
 *(.b1rodata)
 *(.b1rodata.*)

.eb0text
 *(.eb0text)
 *(.eb0rodata)
 *(.eb0rodata.*)

.eb1text
 *(.eb1text)
 *(.eb1rodata)
 *(.eb1rodata.*)

.eb2text
 *(.eb2text)
 *(.eb2rodata)
 *(.eb2rodata.*)

.eb3text
 *(.eb3text)
 *(.eb3rodata)
 *(.eb3rodata.*)

.stab
 *(.stab)

.stabstr
 *(.stabstr)

.stab.excl
 *(.stab.excl)

.stab.exclstr
 *(.stab.exclstr)

.stab.index
 *(.stab.index)

.stab.indexstr
 *(.stab.indexstr)

.comment        0x0000000000000000       0x7e
 *(.comment)
 .comment       0x0000000000000000       0x7e CMakeFiles/radio3.elf.dir/src/Ad985x.cpp.obj
                                         0x7f (size before relaxing)
 .comment       0x000000000000007e       0x7f CMakeFiles/radio3.elf.dir/src/AdcProbes.cpp.obj
 .comment       0x000000000000007e       0x7f CMakeFiles/radio3.elf.dir/src/Board.cpp.obj
 .comment       0x000000000000007e       0x7f CMakeFiles/radio3.elf.dir/src/Crc8.cpp.obj
 .comment       0x000000000000007e       0x7f CMakeFiles/radio3.elf.dir/src/DataLink.cpp.obj
 .comment       0x000000000000007e       0x7f CMakeFiles/radio3.elf.dir/src/FreqMeter.cpp.obj
 .comment       0x000000000000007e       0x7f CMakeFiles/radio3.elf.dir/src/Radio3.cpp.obj
 .comment       0x000000000000007e       0x7f CMakeFiles/radio3.elf.dir/src/Sweep.cpp.obj
 .comment       0x000000000000007e       0x7f CMakeFiles/radio3.elf.dir/src/delay.cpp.obj
 .comment       0x000000000000007e       0x7f CMakeFiles/radio3.elf.dir/lib_stm32/debug/log.cpp.obj
 .comment       0x000000000000007e       0x7f CMakeFiles/radio3.elf.dir/lib_stm32/system/src/cmsis/system_stm32f10x.c.obj
 .comment       0x000000000000007e       0x7f CMakeFiles/radio3.elf.dir/lib_stm32/system/src/cmsis/vectors_stm32f10x.c.obj
 .comment       0x000000000000007e       0x7f CMakeFiles/radio3.elf.dir/lib_stm32/system/src/newlib/_sbrk.c.obj
 .comment       0x000000000000007e       0x7f CMakeFiles/radio3.elf.dir/lib_stm32/system/src/newlib/_startup.c.obj
 .comment       0x000000000000007e       0x7f CMakeFiles/radio3.elf.dir/lib_stm32/system/src/stm32f1-stdperiph/misc.c.obj
 .comment       0x000000000000007e       0x7f CMakeFiles/radio3.elf.dir/lib_stm32/system/src/stm32f1-stdperiph/stm32f10x_adc.c.obj
 .comment       0x000000000000007e       0x7f CMakeFiles/radio3.elf.dir/lib_stm32/system/src/stm32f1-stdperiph/stm32f10x_exti.c.obj
 .comment       0x000000000000007e       0x7f CMakeFiles/radio3.elf.dir/lib_stm32/system/src/stm32f1-stdperiph/stm32f10x_gpio.c.obj
 .comment       0x000000000000007e       0x7f CMakeFiles/radio3.elf.dir/lib_stm32/system/src/stm32f1-stdperiph/stm32f10x_rcc.c.obj
 .comment       0x000000000000007e       0x7f CMakeFiles/radio3.elf.dir/lib_stm32/system/src/stm32f1-stdperiph/stm32f10x_tim.c.obj
 .comment       0x000000000000007e       0x7f CMakeFiles/radio3.elf.dir/lib_stm32/timer/Timer.cpp.obj
 .comment       0x000000000000007e       0x7f CMakeFiles/radio3.elf.dir/lib_stm32/usb_fs_driver/UsbDevice.cpp.obj
 .comment       0x000000000000007e       0x7f CMakeFiles/radio3.elf.dir/lib_stm32/usb_fs_driver/usb_core.cpp.obj
 .comment       0x000000000000007e       0x7f CMakeFiles/radio3.elf.dir/lib_stm32/usb_fs_driver/usb_init.cpp.obj
 .comment       0x000000000000007e       0x7f CMakeFiles/radio3.elf.dir/lib_stm32/usb_fs_driver/usb_mem.cpp.obj
 .comment       0x000000000000007e       0x7f CMakeFiles/radio3.elf.dir/lib_stm32/usb_fs_driver/usb_regs.cpp.obj
 .comment       0x000000000000007e       0x7f CMakeFiles/radio3.elf.dir/lib_stm32/usb_fs_driver/usb_sil.cpp.obj
 .comment       0x000000000000007e       0x7f CMakeFiles/radio3.elf.dir/lib_stm32/usb_vcom/UsbVCom.cpp.obj
 .comment       0x000000000000007e       0x7f CMakeFiles/radio3.elf.dir/lib_stm32/usb_vcom/hw_config.cpp.obj
 .comment       0x000000000000007e       0x7f CMakeFiles/radio3.elf.dir/lib_stm32/usb_vcom/usb_desc.cpp.obj
 .comment       0x000000000000007e       0x7f CMakeFiles/radio3.elf.dir/lib_stm32/usb_vcom/usb_prop.cpp.obj
 .comment       0x000000000000007e       0x7f CMakeFiles/radio3.elf.dir/lib_stm32/usb_vcom/usb_pwr.cpp.obj

.ARM.attributes
                0x0000000000000000       0x31
 .ARM.attributes
                0x0000000000000000       0x33 CMakeFiles/radio3.elf.dir/src/Ad985x.cpp.obj
 .ARM.attributes
                0x0000000000000033       0x33 CMakeFiles/radio3.elf.dir/src/AdcProbes.cpp.obj
 .ARM.attributes
                0x0000000000000066       0x33 CMakeFiles/radio3.elf.dir/src/Board.cpp.obj
 .ARM.attributes
                0x0000000000000099       0x33 CMakeFiles/radio3.elf.dir/src/Crc8.cpp.obj
 .ARM.attributes
                0x00000000000000cc       0x33 CMakeFiles/radio3.elf.dir/src/DataLink.cpp.obj
 .ARM.attributes
                0x00000000000000ff       0x33 CMakeFiles/radio3.elf.dir/src/FreqMeter.cpp.obj
 .ARM.attributes
                0x0000000000000132       0x33 CMakeFiles/radio3.elf.dir/src/Radio3.cpp.obj
 .ARM.attributes
                0x0000000000000165       0x33 CMakeFiles/radio3.elf.dir/src/Sweep.cpp.obj
 .ARM.attributes
                0x0000000000000198       0x33 CMakeFiles/radio3.elf.dir/src/delay.cpp.obj
 .ARM.attributes
                0x00000000000001cb       0x33 CMakeFiles/radio3.elf.dir/lib_stm32/debug/log.cpp.obj
 .ARM.attributes
                0x00000000000001fe       0x33 CMakeFiles/radio3.elf.dir/lib_stm32/system/src/cmsis/system_stm32f10x.c.obj
 .ARM.attributes
                0x0000000000000231       0x33 CMakeFiles/radio3.elf.dir/lib_stm32/system/src/cmsis/vectors_stm32f10x.c.obj
 .ARM.attributes
                0x0000000000000264       0x33 CMakeFiles/radio3.elf.dir/lib_stm32/system/src/newlib/_sbrk.c.obj
 .ARM.attributes
                0x0000000000000297       0x33 CMakeFiles/radio3.elf.dir/lib_stm32/system/src/newlib/_startup.c.obj
 .ARM.attributes
                0x00000000000002ca       0x33 CMakeFiles/radio3.elf.dir/lib_stm32/system/src/stm32f1-stdperiph/misc.c.obj
 .ARM.attributes
                0x00000000000002fd       0x33 CMakeFiles/radio3.elf.dir/lib_stm32/system/src/stm32f1-stdperiph/stm32f10x_adc.c.obj
 .ARM.attributes
                0x0000000000000330       0x33 CMakeFiles/radio3.elf.dir/lib_stm32/system/src/stm32f1-stdperiph/stm32f10x_exti.c.obj
 .ARM.attributes
                0x0000000000000363       0x33 CMakeFiles/radio3.elf.dir/lib_stm32/system/src/stm32f1-stdperiph/stm32f10x_gpio.c.obj
 .ARM.attributes
                0x0000000000000396       0x33 CMakeFiles/radio3.elf.dir/lib_stm32/system/src/stm32f1-stdperiph/stm32f10x_rcc.c.obj
 .ARM.attributes
                0x00000000000003c9       0x33 CMakeFiles/radio3.elf.dir/lib_stm32/system/src/stm32f1-stdperiph/stm32f10x_tim.c.obj
 .ARM.attributes
                0x00000000000003fc       0x33 CMakeFiles/radio3.elf.dir/lib_stm32/timer/Timer.cpp.obj
 .ARM.attributes
                0x000000000000042f       0x33 CMakeFiles/radio3.elf.dir/lib_stm32/usb_fs_driver/UsbDevice.cpp.obj
 .ARM.attributes
                0x0000000000000462       0x33 CMakeFiles/radio3.elf.dir/lib_stm32/usb_fs_driver/usb_core.cpp.obj
 .ARM.attributes
                0x0000000000000495       0x33 CMakeFiles/radio3.elf.dir/lib_stm32/usb_fs_driver/usb_init.cpp.obj
 .ARM.attributes
                0x00000000000004c8       0x33 CMakeFiles/radio3.elf.dir/lib_stm32/usb_fs_driver/usb_mem.cpp.obj
 .ARM.attributes
                0x00000000000004fb       0x33 CMakeFiles/radio3.elf.dir/lib_stm32/usb_fs_driver/usb_regs.cpp.obj
 .ARM.attributes
                0x000000000000052e       0x33 CMakeFiles/radio3.elf.dir/lib_stm32/usb_fs_driver/usb_sil.cpp.obj
 .ARM.attributes
                0x0000000000000561       0x33 CMakeFiles/radio3.elf.dir/lib_stm32/usb_vcom/UsbVCom.cpp.obj
 .ARM.attributes
                0x0000000000000594       0x33 CMakeFiles/radio3.elf.dir/lib_stm32/usb_vcom/hw_config.cpp.obj
 .ARM.attributes
                0x00000000000005c7       0x33 CMakeFiles/radio3.elf.dir/lib_stm32/usb_vcom/usb_desc.cpp.obj
 .ARM.attributes
                0x00000000000005fa       0x33 CMakeFiles/radio3.elf.dir/lib_stm32/usb_vcom/usb_prop.cpp.obj
 .ARM.attributes
                0x000000000000062d       0x33 CMakeFiles/radio3.elf.dir/lib_stm32/usb_vcom/usb_pwr.cpp.obj
 .ARM.attributes
                0x0000000000000660       0x1d /usr/local/gcc-arm-none-eabi-7-2017-q4-major/bin/../lib/gcc/arm-none-eabi/7.2.1/thumb/v7-m/libgcc.a(_aeabi_uldivmod.o)
 .ARM.attributes
                0x000000000000067d       0x2d /usr/local/gcc-arm-none-eabi-7-2017-q4-major/bin/../lib/gcc/arm-none-eabi/7.2.1/thumb/v7-m/libgcc.a(_udivmoddi4.o)
 .ARM.attributes
                0x00000000000006aa       0x1d /usr/local/gcc-arm-none-eabi-7-2017-q4-major/bin/../lib/gcc/arm-none-eabi/7.2.1/thumb/v7-m/libgcc.a(_dvmd_tls.o)
 .ARM.attributes
                0x00000000000006c7       0x2d /usr/local/gcc-arm-none-eabi-7-2017-q4-major/bin/../lib/gcc/arm-none-eabi/7.2.1/../../../../arm-none-eabi/lib/thumb/v7-m/libc_nano.a(lib_a-errno.o)
 .ARM.attributes
                0x00000000000006f4       0x2d /usr/local/gcc-arm-none-eabi-7-2017-q4-major/bin/../lib/gcc/arm-none-eabi/7.2.1/../../../../arm-none-eabi/lib/thumb/v7-m/libc_nano.a(lib_a-impure.o)
 .ARM.attributes
                0x0000000000000721       0x2d /usr/local/gcc-arm-none-eabi-7-2017-q4-major/bin/../lib/gcc/arm-none-eabi/7.2.1/../../../../arm-none-eabi/lib/thumb/v7-m/libc_nano.a(lib_a-memset.o)
 .ARM.attributes
                0x000000000000074e       0x2d /usr/local/gcc-arm-none-eabi-7-2017-q4-major/bin/../lib/gcc/arm-none-eabi/7.2.1/../../../../arm-none-eabi/lib/thumb/v7-m/libc_nano.a(lib_a-snprintf.o)
 .ARM.attributes
                0x000000000000077b       0x17 /usr/local/gcc-arm-none-eabi-7-2017-q4-major/bin/../lib/gcc/arm-none-eabi/7.2.1/../../../../arm-none-eabi/lib/thumb/v7-m/libc_nano.a(lib_a-strlen.o)
 .ARM.attributes
                0x0000000000000792       0x2d /usr/local/gcc-arm-none-eabi-7-2017-q4-major/bin/../lib/gcc/arm-none-eabi/7.2.1/../../../../arm-none-eabi/lib/thumb/v7-m/libc_nano.a(lib_a-vsnprintf.o)
 .ARM.attributes
                0x00000000000007bf       0x2d /usr/local/gcc-arm-none-eabi-7-2017-q4-major/bin/../lib/gcc/arm-none-eabi/7.2.1/../../../../arm-none-eabi/lib/thumb/v7-m/libc_nano.a(lib_a-nano-svfprintf.o)
 .ARM.attributes
                0x00000000000007ec       0x2d /usr/local/gcc-arm-none-eabi-7-2017-q4-major/bin/../lib/gcc/arm-none-eabi/7.2.1/../../../../arm-none-eabi/lib/thumb/v7-m/libc_nano.a(lib_a-nano-vfprintf_i.o)
 .ARM.attributes
                0x0000000000000819       0x2d /usr/local/gcc-arm-none-eabi-7-2017-q4-major/bin/../lib/gcc/arm-none-eabi/7.2.1/../../../../arm-none-eabi/lib/thumb/v7-m/libc_nano.a(lib_a-memchr-stub.o)
 .ARM.attributes
                0x0000000000000846       0x2d /usr/local/gcc-arm-none-eabi-7-2017-q4-major/bin/../lib/gcc/arm-none-eabi/7.2.1/../../../../arm-none-eabi/lib/thumb/v7-m/libc_nano.a(lib_a-memcpy-stub.o)
 .ARM.attributes
                0x0000000000000873       0x2d /usr/local/gcc-arm-none-eabi-7-2017-q4-major/bin/../lib/gcc/arm-none-eabi/7.2.1/../../../../arm-none-eabi/lib/thumb/v7-m/libc_nano.a(lib_a-memmove.o)
 .ARM.attributes
                0x00000000000008a0       0x2d /usr/local/gcc-arm-none-eabi-7-2017-q4-major/bin/../lib/gcc/arm-none-eabi/7.2.1/../../../../arm-none-eabi/lib/thumb/v7-m/libc_nano.a(lib_a-nano-freer.o)
 .ARM.attributes
                0x00000000000008cd       0x2d /usr/local/gcc-arm-none-eabi-7-2017-q4-major/bin/../lib/gcc/arm-none-eabi/7.2.1/../../../../arm-none-eabi/lib/thumb/v7-m/libc_nano.a(lib_a-nano-mallocr.o)
 .ARM.attributes
                0x00000000000008fa       0x2d /usr/local/gcc-arm-none-eabi-7-2017-q4-major/bin/../lib/gcc/arm-none-eabi/7.2.1/../../../../arm-none-eabi/lib/thumb/v7-m/libc_nano.a(lib_a-nano-reallocr.o)
 .ARM.attributes
                0x0000000000000927       0x2d /usr/local/gcc-arm-none-eabi-7-2017-q4-major/bin/../lib/gcc/arm-none-eabi/7.2.1/../../../../arm-none-eabi/lib/thumb/v7-m/libc_nano.a(lib_a-sbrkr.o)
 .ARM.attributes
                0x0000000000000954       0x2d /usr/local/gcc-arm-none-eabi-7-2017-q4-major/bin/../lib/gcc/arm-none-eabi/7.2.1/../../../../arm-none-eabi/lib/thumb/v7-m/libc_nano.a(lib_a-mlock.o)
 .ARM.attributes
                0x0000000000000981       0x2d /usr/local/gcc-arm-none-eabi-7-2017-q4-major/bin/../lib/gcc/arm-none-eabi/7.2.1/../../../../arm-none-eabi/lib/thumb/v7-m/libc_nano.a(lib_a-nano-msizer.o)
 .ARM.attributes
                0x00000000000009ae       0x2d /usr/local/gcc-arm-none-eabi-7-2017-q4-major/bin/../lib/gcc/arm-none-eabi/7.2.1/../../../../arm-none-eabi/lib/thumb/v7-m/libc_nano.a(lib_a-reent.o)

.debug
 *(.debug)

.line
 *(.line)

.debug_srcinfo
 *(.debug_srcinfo)

.debug_sfnames
 *(.debug_sfnames)

.debug_aranges
 *(.debug_aranges)

.debug_pubnames
 *(.debug_pubnames)

.debug_info
 *(.debug_info .gnu.linkonce.wi.*)

.debug_abbrev
 *(.debug_abbrev)

.debug_line
 *(.debug_line)

.debug_frame    0x0000000000000000      0x448
 *(.debug_frame)
 .debug_frame   0x0000000000000000       0x2c /usr/local/gcc-arm-none-eabi-7-2017-q4-major/bin/../lib/gcc/arm-none-eabi/7.2.1/thumb/v7-m/libgcc.a(_aeabi_uldivmod.o)
 .debug_frame   0x000000000000002c       0x34 /usr/local/gcc-arm-none-eabi-7-2017-q4-major/bin/../lib/gcc/arm-none-eabi/7.2.1/thumb/v7-m/libgcc.a(_udivmoddi4.o)
 .debug_frame   0x0000000000000060       0x20 /usr/local/gcc-arm-none-eabi-7-2017-q4-major/bin/../lib/gcc/arm-none-eabi/7.2.1/../../../../arm-none-eabi/lib/thumb/v7-m/libc_nano.a(lib_a-errno.o)
 .debug_frame   0x0000000000000080       0x20 /usr/local/gcc-arm-none-eabi-7-2017-q4-major/bin/../lib/gcc/arm-none-eabi/7.2.1/../../../../arm-none-eabi/lib/thumb/v7-m/libc_nano.a(lib_a-memset.o)
 .debug_frame   0x00000000000000a0       0x7c /usr/local/gcc-arm-none-eabi-7-2017-q4-major/bin/../lib/gcc/arm-none-eabi/7.2.1/../../../../arm-none-eabi/lib/thumb/v7-m/libc_nano.a(lib_a-snprintf.o)
 .debug_frame   0x000000000000011c       0x4c /usr/local/gcc-arm-none-eabi-7-2017-q4-major/bin/../lib/gcc/arm-none-eabi/7.2.1/../../../../arm-none-eabi/lib/thumb/v7-m/libc_nano.a(lib_a-vsnprintf.o)
 .debug_frame   0x0000000000000168       0x90 /usr/local/gcc-arm-none-eabi-7-2017-q4-major/bin/../lib/gcc/arm-none-eabi/7.2.1/../../../../arm-none-eabi/lib/thumb/v7-m/libc_nano.a(lib_a-nano-svfprintf.o)