Archive member included to satisfy reference by file (symbol)

/usr/local/gcc-arm-none-eabi-7-2017-q4-major/bin/../lib/gcc/arm-none-eabi/7.2.1/thumb/v7-m/libgcc.a(_aeabi_uldivmod.o)
                              CMakeFiles/radio3.elf.dir/src/Ad985x.cpp.o (__aeabi_uldivmod)
/usr/local/gcc-arm-none-eabi-7-2017-q4-major/bin/../lib/gcc/arm-none-eabi/7.2.1/thumb/v7-m/libgcc.a(_udivmoddi4.o)
                              /usr/local/gcc-arm-none-eabi-7-2017-q4-major/bin/../lib/gcc/arm-none-eabi/7.2.1/thumb/v7-m/libgcc.a(_aeabi_uldivmod.o) (__udivmoddi4)
/usr/local/gcc-arm-none-eabi-7-2017-q4-major/bin/../lib/gcc/arm-none-eabi/7.2.1/thumb/v7-m/libgcc.a(_dvmd_tls.o)
                              /usr/local/gcc-arm-none-eabi-7-2017-q4-major/bin/../lib/gcc/arm-none-eabi/7.2.1/thumb/v7-m/libgcc.a(_aeabi_uldivmod.o) (__aeabi_ldiv0)
/usr/local/gcc-arm-none-eabi-7-2017-q4-major/bin/../lib/gcc/arm-none-eabi/7.2.1/../../../../arm-none-eabi/lib/thumb/v7-m/libg_nano.a(lib_a-errno.o)
                              CMakeFiles/radio3.elf.dir/lib_stm32/system/src/newlib/_sbrk.c.o (__errno)
/usr/local/gcc-arm-none-eabi-7-2017-q4-major/bin/../lib/gcc/arm-none-eabi/7.2.1/../../../../arm-none-eabi/lib/thumb/v7-m/libg_nano.a(lib_a-impure.o)
                              /usr/local/gcc-arm-none-eabi-7-2017-q4-major/bin/../lib/gcc/arm-none-eabi/7.2.1/../../../../arm-none-eabi/lib/thumb/v7-m/libg_nano.a(lib_a-errno.o) (_impure_ptr)
/usr/local/gcc-arm-none-eabi-7-2017-q4-major/bin/../lib/gcc/arm-none-eabi/7.2.1/../../../../arm-none-eabi/lib/thumb/v7-m/libg_nano.a(lib_a-memset.o)
                              CMakeFiles/radio3.elf.dir/lib_stm32/usb_vcom/UsbVCom.cpp.o (memset)
/usr/local/gcc-arm-none-eabi-7-2017-q4-major/bin/../lib/gcc/arm-none-eabi/7.2.1/../../../../arm-none-eabi/lib/thumb/v7-m/libg_nano.a(lib_a-snprintf.o)
                              CMakeFiles/radio3.elf.dir/lib_stm32/debug/log.cpp.o (snprintf)
/usr/local/gcc-arm-none-eabi-7-2017-q4-major/bin/../lib/gcc/arm-none-eabi/7.2.1/../../../../arm-none-eabi/lib/thumb/v7-m/libg_nano.a(lib_a-strlen.o)
                              CMakeFiles/radio3.elf.dir/lib_stm32/debug/log.cpp.o (strlen)
/usr/local/gcc-arm-none-eabi-7-2017-q4-major/bin/../lib/gcc/arm-none-eabi/7.2.1/../../../../arm-none-eabi/lib/thumb/v7-m/libg_nano.a(lib_a-vsnprintf.o)
                              CMakeFiles/radio3.elf.dir/lib_stm32/debug/log.cpp.o (vsnprintf)
/usr/local/gcc-arm-none-eabi-7-2017-q4-major/bin/../lib/gcc/arm-none-eabi/7.2.1/../../../../arm-none-eabi/lib/thumb/v7-m/libg_nano.a(lib_a-nano-svfprintf.o)
                              /usr/local/gcc-arm-none-eabi-7-2017-q4-major/bin/../lib/gcc/arm-none-eabi/7.2.1/../../../../arm-none-eabi/lib/thumb/v7-m/libg_nano.a(lib_a-snprintf.o) (_svfprintf_r)
/usr/local/gcc-arm-none-eabi-7-2017-q4-major/bin/../lib/gcc/arm-none-eabi/7.2.1/../../../../arm-none-eabi/lib/thumb/v7-m/libg_nano.a(lib_a-nano-vfprintf_i.o)
                              /usr/local/gcc-arm-none-eabi-7-2017-q4-major/bin/../lib/gcc/arm-none-eabi/7.2.1/../../../../arm-none-eabi/lib/thumb/v7-m/libg_nano.a(lib_a-nano-svfprintf.o) (_printf_i)
/usr/local/gcc-arm-none-eabi-7-2017-q4-major/bin/../lib/gcc/arm-none-eabi/7.2.1/../../../../arm-none-eabi/lib/thumb/v7-m/libg_nano.a(lib_a-memchr-stub.o)
                              /usr/local/gcc-arm-none-eabi-7-2017-q4-major/bin/../lib/gcc/arm-none-eabi/7.2.1/../../../../arm-none-eabi/lib/thumb/v7-m/libg_nano.a(lib_a-nano-svfprintf.o) (memchr)
/usr/local/gcc-arm-none-eabi-7-2017-q4-major/bin/../lib/gcc/arm-none-eabi/7.2.1/../../../../arm-none-eabi/lib/thumb/v7-m/libg_nano.a(lib_a-memcpy-stub.o)
                              /usr/local/gcc-arm-none-eabi-7-2017-q4-major/bin/../lib/gcc/arm-none-eabi/7.2.1/../../../../arm-none-eabi/lib/thumb/v7-m/libg_nano.a(lib_a-nano-svfprintf.o) (memcpy)
/usr/local/gcc-arm-none-eabi-7-2017-q4-major/bin/../lib/gcc/arm-none-eabi/7.2.1/../../../../arm-none-eabi/lib/thumb/v7-m/libg_nano.a(lib_a-memmove.o)
                              /usr/local/gcc-arm-none-eabi-7-2017-q4-major/bin/../lib/gcc/arm-none-eabi/7.2.1/../../../../arm-none-eabi/lib/thumb/v7-m/libg_nano.a(lib_a-nano-svfprintf.o) (memmove)
/usr/local/gcc-arm-none-eabi-7-2017-q4-major/bin/../lib/gcc/arm-none-eabi/7.2.1/../../../../arm-none-eabi/lib/thumb/v7-m/libg_nano.a(lib_a-nano-freer.o)
                              /usr/local/gcc-arm-none-eabi-7-2017-q4-major/bin/../lib/gcc/arm-none-eabi/7.2.1/../../../../arm-none-eabi/lib/thumb/v7-m/libg_nano.a(lib_a-nano-svfprintf.o) (_free_r)
/usr/local/gcc-arm-none-eabi-7-2017-q4-major/bin/../lib/gcc/arm-none-eabi/7.2.1/../../../../arm-none-eabi/lib/thumb/v7-m/libg_nano.a(lib_a-nano-mallocr.o)
                              /usr/local/gcc-arm-none-eabi-7-2017-q4-major/bin/../lib/gcc/arm-none-eabi/7.2.1/../../../../arm-none-eabi/lib/thumb/v7-m/libg_nano.a(lib_a-nano-svfprintf.o) (_malloc_r)
[...]
Memory Configuration

Name             Origin             Length             Attributes
RAM              0x0000000020000000 0x0000000000005000 xrw
CCMRAM           0x0000000000000000 0x0000000000000000 xrw
FLASH            0x0000000008000000 0x0000000000010000 xr
FLASHB1          0x0000000000000000 0x0000000000000000 xr
EXTMEMB0         0x0000000000000000 0x0000000000000000 xr
EXTMEMB1         0x0000000000000000 0x0000000000000000 xr
EXTMEMB2         0x0000000000000000 0x0000000000000000 xr
EXTMEMB3         0x0000000000000000 0x0000000000000000 xr
MEMORY_ARRAY     0x0000000000000000 0x0000000000000000 xrw
*default*        0x0000000000000000 0xffffffffffffffff

Linker script and memory map

LOAD CMakeFiles/radio3.elf.dir/src/Ad985x.cpp.o
LOAD CMakeFiles/radio3.elf.dir/src/AdcProbes.cpp.o
LOAD CMakeFiles/radio3.elf.dir/src/Board.cpp.o
LOAD CMakeFiles/radio3.elf.dir/src/Crc8.cpp.o
LOAD CMakeFiles/radio3.elf.dir/src/DataLink.cpp.o
LOAD CMakeFiles/radio3.elf.dir/src/FreqMeter.cpp.o
LOAD CMakeFiles/radio3.elf.dir/src/Radio3.cpp.o
LOAD CMakeFiles/radio3.elf.dir/src/Sweep.cpp.o
LOAD CMakeFiles/radio3.elf.dir/src/delay.cpp.o
LOAD CMakeFiles/radio3.elf.dir/lib_stm32/debug/log.cpp.o
LOAD CMakeFiles/radio3.elf.dir/lib_stm32/io/GpioPin.cpp.o
LOAD CMakeFiles/radio3.elf.dir/lib_stm32/io/Spi.cpp.o
LOAD CMakeFiles/radio3.elf.dir/lib_stm32/led/BlinkingLed.cpp.o
LOAD CMakeFiles/radio3.elf.dir/lib_stm32/led/Led.cpp.o
LOAD CMakeFiles/radio3.elf.dir/lib_stm32/radio/Rf95x.cpp.o
LOAD CMakeFiles/radio3.elf.dir/lib_stm32/system/src/cmsis/system_stm32f10x.c.o
LOAD CMakeFiles/radio3.elf.dir/lib_stm32/system/src/cmsis/vectors_stm32f10x.c.o
LOAD CMakeFiles/radio3.elf.dir/lib_stm32/system/src/newlib/_cxx.cpp.o
LOAD CMakeFiles/radio3.elf.dir/lib_stm32/system/src/newlib/_sbrk.c.o
LOAD CMakeFiles/radio3.elf.dir/lib_stm32/system/src/newlib/_startup.c.o
LOAD CMakeFiles/radio3.elf.dir/lib_stm32/system/src/newlib/_syscalls.c.o
LOAD CMakeFiles/radio3.elf.dir/lib_stm32/system/src/stm32f1-stdperiph/misc.c.o
LOAD CMakeFiles/radio3.elf.dir/lib_stm32/system/src/stm32f1-stdperiph/stm32f10x_adc.c.o
LOAD CMakeFiles/radio3.elf.dir/lib_stm32/system/src/stm32f1-stdperiph/stm32f10x_bkp.c.o
LOAD CMakeFiles/radio3.elf.dir/lib_stm32/system/src/stm32f1-stdperiph/stm32f10x_can.c.o
LOAD CMakeFiles/radio3.elf.dir/lib_stm32/system/src/stm32f1-stdperiph/stm32f10x_cec.c.o
LOAD CMakeFiles/radio3.elf.dir/lib_stm32/system/src/stm32f1-stdperiph/stm32f10x_crc.c.o
LOAD CMakeFiles/radio3.elf.dir/lib_stm32/system/src/stm32f1-stdperiph/stm32f10x_dac.c.o
LOAD CMakeFiles/radio3.elf.dir/lib_stm32/system/src/stm32f1-stdperiph/stm32f10x_dbgmcu.c.o
LOAD CMakeFiles/radio3.elf.dir/lib_stm32/system/src/stm32f1-stdperiph/stm32f10x_dma.c.o
LOAD CMakeFiles/radio3.elf.dir/lib_stm32/system/src/stm32f1-stdperiph/stm32f10x_exti.c.o
LOAD CMakeFiles/radio3.elf.dir/lib_stm32/system/src/stm32f1-stdperiph/stm32f10x_flash.c.o
LOAD CMakeFiles/radio3.elf.dir/lib_stm32/system/src/stm32f1-stdperiph/stm32f10x_fsmc.c.o
LOAD CMakeFiles/radio3.elf.dir/lib_stm32/system/src/stm32f1-stdperiph/stm32f10x_gpio.c.o
LOAD CMakeFiles/radio3.elf.dir/lib_stm32/system/src/stm32f1-stdperiph/stm32f10x_i2c.c.o
LOAD CMakeFiles/radio3.elf.dir/lib_stm32/system/src/stm32f1-stdperiph/stm32f10x_iwdg.c.o
LOAD CMakeFiles/radio3.elf.dir/lib_stm32/system/src/stm32f1-stdperiph/stm32f10x_pwr.c.o
LOAD CMakeFiles/radio3.elf.dir/lib_stm32/system/src/stm32f1-stdperiph/stm32f10x_rcc.c.o
LOAD CMakeFiles/radio3.elf.dir/lib_stm32/system/src/stm32f1-stdperiph/stm32f10x_rtc.c.o
LOAD CMakeFiles/radio3.elf.dir/lib_stm32/system/src/stm32f1-stdperiph/stm32f10x_sdio.c.o
LOAD CMakeFiles/radio3.elf.dir/lib_stm32/system/src/stm32f1-stdperiph/stm32f10x_spi.c.o
LOAD CMakeFiles/radio3.elf.dir/lib_stm32/system/src/stm32f1-stdperiph/stm32f10x_tim.c.o
LOAD CMakeFiles/radio3.elf.dir/lib_stm32/system/src/stm32f1-stdperiph/stm32f10x_usart.c.o
LOAD CMakeFiles/radio3.elf.dir/lib_stm32/system/src/stm32f1-stdperiph/stm32f10x_wwdg.c.o
LOAD CMakeFiles/radio3.elf.dir/lib_stm32/timer/Timer.cpp.o
LOAD CMakeFiles/radio3.elf.dir/lib_stm32/usb_fs_driver/UsbDevice.cpp.o
LOAD CMakeFiles/radio3.elf.dir/lib_stm32/usb_fs_driver/usb_core.cpp.o
LOAD CMakeFiles/radio3.elf.dir/lib_stm32/usb_fs_driver/usb_init.cpp.o
LOAD CMakeFiles/radio3.elf.dir/lib_stm32/usb_fs_driver/usb_mem.cpp.o
LOAD CMakeFiles/radio3.elf.dir/lib_stm32/usb_fs_driver/usb_regs.cpp.o
LOAD CMakeFiles/radio3.elf.dir/lib_stm32/usb_fs_driver/usb_sil.cpp.o
LOAD CMakeFiles/radio3.elf.dir/lib_stm32/usb_vcom/UsbVCom.cpp.o
LOAD CMakeFiles/radio3.elf.dir/lib_stm32/usb_vcom/hw_config.cpp.o
LOAD CMakeFiles/radio3.elf.dir/lib_stm32/usb_vcom/usb_desc.cpp.o
LOAD CMakeFiles/radio3.elf.dir/lib_stm32/usb_vcom/usb_prop.cpp.o
LOAD CMakeFiles/radio3.elf.dir/lib_stm32/usb_vcom/usb_pwr.cpp.o
LOAD /usr/local/gcc-arm-none-eabi-7-2017-q4-major/bin/../lib/gcc/arm-none-eabi/7.2.1/../../../../arm-none-eabi/lib/thumb/v7-m/libstdc++_nano.a
LOAD /usr/local/gcc-arm-none-eabi-7-2017-q4-major/bin/../lib/gcc/arm-none-eabi/7.2.1/../../../../arm-none-eabi/lib/thumb/v7-m/libm.a
START GROUP
LOAD /usr/local/gcc-arm-none-eabi-7-2017-q4-major/bin/../lib/gcc/arm-none-eabi/7.2.1/thumb/v7-m/libgcc.a
LOAD /usr/local/gcc-arm-none-eabi-7-2017-q4-major/bin/../lib/gcc/arm-none-eabi/7.2.1/../../../../arm-none-eabi/lib/thumb/v7-m/libg_nano.a
LOAD /usr/local/gcc-arm-none-eabi-7-2017-q4-major/bin/../lib/gcc/arm-none-eabi/7.2.1/../../../../arm-none-eabi/lib/thumb/v7-m/libc_nano.a
END GROUP
START GROUP
LOAD /usr/local/gcc-arm-none-eabi-7-2017-q4-major/bin/../lib/gcc/arm-none-eabi/7.2.1/thumb/v7-m/libgcc.a
LOAD /usr/local/gcc-arm-none-eabi-7-2017-q4-major/bin/../lib/gcc/arm-none-eabi/7.2.1/../../../../arm-none-eabi/lib/thumb/v7-m/libc_nano.a
END GROUP
                0x0000000020005000                __stack = (ORIGIN (RAM) + LENGTH (RAM))
                0x0000000020005000                _estack = __stack
                0x0000000000000400                __Main_Stack_Size = 0x400
                [!provide]                        PROVIDE (_Main_Stack_Size, __Main_Stack_Size)
                0x0000000020004c00                __Main_Stack_Limit = (__stack - __Main_Stack_Size)
                [!provide]                        PROVIDE (_Main_Stack_Limit, __Main_Stack_Limit)
                0x0000000000000400                _Minimum_Stack_Size = 0x400
                0x0000000020001348                PROVIDE (_Heap_Begin, _end_noinit)
                0x0000000020004c00                PROVIDE (_Heap_Limit, (__stack - __Main_Stack_Size))

.isr_vector     0x0000000008000000      0x10c
 FILL mask 0xff
                0x0000000008000000                __vectors_start = ABSOLUTE (.)
                0x0000000008000000                __vectors_start__ = ABSOLUTE (.)
 *(.isr_vector)
 .isr_vector    0x0000000008000000      0x10c CMakeFiles/radio3.elf.dir/lib_stm32/system/src/cmsis/vectors_stm32f10x.c.o
                0x0000000008000000                __isr_vectors
 *(.cfmconfig)
 *(.after_vectors .after_vectors.*)

.inits          0x000000000800010c       0x2c
                0x000000000800010c                __data_regions_array_start = .
                0x000000000800010c        0x4 LONG 0x8006f38 LOADADDR (.data)
                0x0000000008000110        0x4 LONG 0x20000000 ADDR (.data)
                0x0000000008000114        0x4 LONG 0x20000128 (ADDR (.data) + SIZEOF (.data))
                0x0000000008000118        0x4 LONG 0x8006f38 LOADADDR (.data_CCMRAM)
                0x000000000800011c        0x4 LONG 0x0 ADDR (.data_CCMRAM)
                0x0000000008000120        0x4 LONG 0x0 (ADDR (.data_CCMRAM) + SIZEOF (.data_CCMRAM))
                0x0000000008000124                __data_regions_array_end = .
                0x0000000008000124                __bss_regions_array_start = .
                0x0000000008000124        0x4 LONG 0x20000128 ADDR (.bss)
                0x0000000008000128        0x4 LONG 0x20001348 (ADDR (.bss) + SIZEOF (.bss))
                0x000000000800012c        0x4 LONG 0x0 ADDR (.bss_CCMRAM)
                0x0000000008000130        0x4 LONG 0x0 (ADDR (.bss_CCMRAM) + SIZEOF (.bss_CCMRAM))
                0x0000000008000134                __bss_regions_array_end = .
 *(.init)
 *(.fini)
                0x0000000008000134                . = ALIGN (0x4)
                0x0000000008000134                PROVIDE (__preinit_array_start, .)
 *(.preinit_array_sysinit .preinit_array_sysinit.*)
 *(.preinit_array_platform .preinit_array_platform.*)
 *(.preinit_array .preinit_array.*)
                0x0000000008000134                PROVIDE (__preinit_array_end, .)
                0x0000000008000134                . = ALIGN (0x4)
                0x0000000008000134                PROVIDE (__init_array_start, .)
 *(SORT_BY_NAME(.init_array.*))
 *(.init_array)
 .init_array    0x0000000008000134        0x4 CMakeFiles/radio3.elf.dir/src/Radio3.cpp.o
                0x0000000008000138                PROVIDE (__init_array_end, .)
                0x0000000008000138                . = ALIGN (0x4)
                [!provide]                        PROVIDE (__fini_array_start, .)
 *(SORT_BY_NAME(.fini_array.*))
 *(.fini_array)
                [!provide]                        PROVIDE (__fini_array_end, .)

.flashtext
 *(.flashtext .flashtext.*)

.text           0x0000000008000138     0x6df5
 *(.text .text.*)
 .text._ZN6Ad985x9frequencyEv
                0x0000000008000138       0x16 CMakeFiles/radio3.elf.dir/src/Ad985x.cpp.o
                0x0000000008000138                Ad985x::frequency()
 *fill*         0x000000000800014e        0x2 
 .text._ZN6Ad985x8sendByteEh
                0x0000000008000150       0x50 CMakeFiles/radio3.elf.dir/src/Ad985x.cpp.o
                0x0000000008000150                Ad985x::sendByte(unsigned char)
 .text._ZN6Ad985x4initEN3Vfo4TypeE
                0x00000000080001a0       0x90 CMakeFiles/radio3.elf.dir/src/Ad985x.cpp.o
                0x00000000080001a0                Ad985x::init(Vfo::Type)
 .text._ZN6Ad985x8calcFreqEm
                0x0000000008000230       0x38 CMakeFiles/radio3.elf.dir/src/Ad985x.cpp.o
                0x0000000008000230                Ad985x::calcFreq(unsigned long)
 .text._ZN6Ad985x5pulseEt
                0x0000000008000268       0x3c CMakeFiles/radio3.elf.dir/src/Ad985x.cpp.o
                0x0000000008000268                Ad985x::pulse(unsigned short)
 .text._ZN6Ad985x12setFrequencyEm
                0x00000000080002a4       0x5a CMakeFiles/radio3.elf.dir/src/Ad985x.cpp.o
                0x00000000080002a4                Ad985x::setFrequency(unsigned long)
 *fill*         0x00000000080002fe        0x2 
 .text._ZN9AdcProbes4initEv
                0x0000000008000300       0xac CMakeFiles/radio3.elf.dir/src/AdcProbes.cpp.o
                0x0000000008000300                AdcProbes::init()
 .text._ZN9AdcProbes4readEh
                0x00000000080003ac       0x50 CMakeFiles/radio3.elf.dir/src/AdcProbes.cpp.o
                0x00000000080003ac                AdcProbes::read(unsigned char)
 .text._ZN9AdcProbes4readEhh
                0x00000000080003fc       0x54 CMakeFiles/radio3.elf.dir/src/AdcProbes.cpp.o
                0x00000000080003fc                AdcProbes::read(unsigned char, unsigned char)
 .text._ZN12_GLOBAL__N_111toBitActionEb
                0x0000000008000450       0x20 CMakeFiles/radio3.elf.dir/src/Board.cpp.o
 .text._ZN5Board22detectHardwareRevisionEv
                0x0000000008000470       0xc4 CMakeFiles/radio3.elf.dir/src/Board.cpp.o
                0x0000000008000470                Board::detectHardwareRevision()
 .text._ZN5Board4initEv
                0x0000000008000534       0x68 CMakeFiles/radio3.elf.dir/src/Board.cpp.o
                0x0000000008000534                Board::init()
 .text._ZN5Board9indicatorEb
                0x000000000800059c       0x4c CMakeFiles/radio3.elf.dir/src/Board.cpp.o
                0x000000000800059c                Board::indicator(bool)
 .text._ZN5Board14vfoOutBistableEbb
                0x00000000080005e8       0x48 CMakeFiles/radio3.elf.dir/src/Board.cpp.o
                0x00000000080005e8                Board::vfoOutBistable(bool, bool)
 .text._ZN4Crc87processEh
                0x0000000008000630       0x60 CMakeFiles/radio3.elf.dir/src/Crc8.cpp.o
                0x0000000008000630                Crc8::process(unsigned char)
 .text._ZN4Crc87processEPKht
                0x0000000008000690       0x3c CMakeFiles/radio3.elf.dir/src/Crc8.cpp.o
                0x0000000008000690                Crc8::process(unsigned char const*, unsigned short)
 .text._ZN7UsbVCom5errorEv
                0x00000000080006cc       0x20 CMakeFiles/radio3.elf.dir/src/DataLink.cpp.o
                0x00000000080006cc                UsbVCom::error()
 .text._ZN4Crc85valueEv
                0x00000000080006ec       0x16 CMakeFiles/radio3.elf.dir/src/DataLink.cpp.o
                0x00000000080006ec                Crc8::value()
 .text._ZN8DataLink10writeFrameEtPKht
                0x0000000008000702      0x110 CMakeFiles/radio3.elf.dir/src/DataLink.cpp.o
                0x0000000008000702                DataLink::writeFrame(unsigned short, unsigned char const*, unsigned short)
 .text._ZN8DataLink9readFrameEPNS_5FrameEPht
                0x0000000008000812      0x160 CMakeFiles/radio3.elf.dir/src/DataLink.cpp.o
                0x0000000008000812                DataLink::readFrame(DataLink::Frame*, unsigned char*, unsigned short)
 .text._ZN8DataLinkC2ER7UsbVCom
                0x0000000008000972       0x22 CMakeFiles/radio3.elf.dir/src/DataLink.cpp.o
                0x0000000008000972                DataLink::DataLink(UsbVCom&)
                0x0000000008000972                DataLink::DataLink(UsbVCom&)
 .text._ZN8DataLink9writeByteER4Crc8h
                0x0000000008000994       0x40 CMakeFiles/radio3.elf.dir/src/DataLink.cpp.o
                0x0000000008000994                DataLink::writeByte(Crc8&, unsigned char)
 .text._ZN8DataLink9writeWordER4Crc8t
                0x00000000080009d4       0x36 CMakeFiles/radio3.elf.dir/src/DataLink.cpp.o
                0x00000000080009d4                DataLink::writeWord(Crc8&, unsigned short)
 .text._ZN8DataLink8readByteER4Crc8
                0x0000000008000a0a       0x40 CMakeFiles/radio3.elf.dir/src/DataLink.cpp.o
                0x0000000008000a0a                DataLink::readByte(Crc8&)
 .text._ZN8DataLink8readWordER4Crc8
                0x0000000008000a4a       0x3a CMakeFiles/radio3.elf.dir/src/DataLink.cpp.o
                0x0000000008000a4a                DataLink::readWord(Crc8&)
 .text._ZN9FreqMeter4initEv
                0x0000000008000a84       0xe8 CMakeFiles/radio3.elf.dir/src/FreqMeter.cpp.o
                0x0000000008000a84                FreqMeter::init()
 .text._ZN9FreqMeter6tickMsEv
                0x0000000008000b6c       0x68 CMakeFiles/radio3.elf.dir/src/FreqMeter.cpp.o
                0x0000000008000b6c                FreqMeter::tickMs()
 .text.NVIC_SetPriority
                0x0000000008000bd4       0x58 CMakeFiles/radio3.elf.dir/src/Radio3.cpp.o
 .text.SysTick_Config
                0x0000000008000c2c       0x44 CMakeFiles/radio3.elf.dir/src/Radio3.cpp.o
 .text._ZN7UsbVCom9availableEv
                0x0000000008000c70       0x1c CMakeFiles/radio3.elf.dir/src/Radio3.cpp.o
                0x0000000008000c70                UsbVCom::available()
 .text._ZN4core9uniqueId0Ev
                0x0000000008000c8c       0x14 CMakeFiles/radio3.elf.dir/src/Radio3.cpp.o
                0x0000000008000c8c                core::uniqueId0()
 .text._ZN4core9uniqueId1Ev
                0x0000000008000ca0       0x14 CMakeFiles/radio3.elf.dir/src/Radio3.cpp.o
                0x0000000008000ca0                core::uniqueId1()
 .text._ZN4core9uniqueId2Ev
                0x0000000008000cb4       0x14 CMakeFiles/radio3.elf.dir/src/Radio3.cpp.o
                0x0000000008000cb4                core::uniqueId2()
 .text._ZL18decryptLicenseDataPKhPh
                0x0000000008000cc8       0x60 CMakeFiles/radio3.elf.dir/src/Radio3.cpp.o
 .text._ZN8DataLink14isIncomingDataEv
                0x0000000008000d28       0x26 CMakeFiles/radio3.elf.dir/src/Radio3.cpp.o
                0x0000000008000d28                DataLink::isIncomingData()
 .text._ZN8DataLink5errorEv
                0x0000000008000d4e       0x20 CMakeFiles/radio3.elf.dir/src/Radio3.cpp.o
                0x0000000008000d4e                DataLink::error()
 .text._ZN9FreqMeter4readEv
                0x0000000008000d6e       0x16 CMakeFiles/radio3.elf.dir/src/Radio3.cpp.o
                0x0000000008000d6e                FreqMeter::read()
 .text._ZN9AdcProbes15readLogarithmicEh
                0x0000000008000d84       0x22 CMakeFiles/radio3.elf.dir/src/Radio3.cpp.o
                0x0000000008000d84                AdcProbes::readLogarithmic(unsigned char)
 .text._ZN9AdcProbes10readLinearEh
                0x0000000008000da6       0x22 CMakeFiles/radio3.elf.dir/src/Radio3.cpp.o
                0x0000000008000da6                AdcProbes::readLinear(unsigned char)
 .text._ZN9AdcProbes11readVnaGainEh
                0x0000000008000dc8       0x22 CMakeFiles/radio3.elf.dir/src/Radio3.cpp.o
                0x0000000008000dc8                AdcProbes::readVnaGain(unsigned char)
 .text._ZN9AdcProbes12readVnaPhaseEh
                0x0000000008000dea       0x22 CMakeFiles/radio3.elf.dir/src/Radio3.cpp.o
                0x0000000008000dea                AdcProbes::readVnaPhase(unsigned char)
 .text._ZNK5Sweep8Response12totalSamplesEv
                0x0000000008000e0c       0x30 CMakeFiles/radio3.elf.dir/src/Radio3.cpp.o
                0x0000000008000e0c                Sweep::Response::totalSamples() const
 .text._ZNK5Sweep8Response4sizeEv
                0x0000000008000e3c       0x20 CMakeFiles/radio3.elf.dir/src/Radio3.cpp.o
                0x0000000008000e3c                Sweep::Response::size() const
 .text._ZN5Sweep8getStateEv
                0x0000000008000e5c       0x18 CMakeFiles/radio3.elf.dir/src/Radio3.cpp.o
                0x0000000008000e5c                Sweep::getState()
 .text._ZN5Sweep11getResponseEv
                0x0000000008000e74       0x16 CMakeFiles/radio3.elf.dir/src/Radio3.cpp.o
                0x0000000008000e74                Sweep::getResponse()
 .text._ZN12_GLOBAL__N_111toBitActionEb
                0x0000000008000e8a       0x20 CMakeFiles/radio3.elf.dir/src/Radio3.cpp.o
 .text._ZN5Board19getHardwareRevisionEv
                0x0000000008000eaa       0x16 CMakeFiles/radio3.elf.dir/src/Radio3.cpp.o
                0x0000000008000eaa                Board::getHardwareRevision()
 .text._ZN5Board4att1Eb
                0x0000000008000ec0       0x30 CMakeFiles/radio3.elf.dir/src/Radio3.cpp.o
                0x0000000008000ec0                Board::att1(bool)
 .text._ZN5Board4att2Eb
                0x0000000008000ef0       0x30 CMakeFiles/radio3.elf.dir/src/Radio3.cpp.o
                0x0000000008000ef0                Board::att2(bool)
 .text._ZN5Board4att3Eb
                0x0000000008000f20       0x30 CMakeFiles/radio3.elf.dir/src/Radio3.cpp.o
                0x0000000008000f20                Board::att3(bool)
 .text._ZN5Board9amplifierEb
                0x0000000008000f50       0x30 CMakeFiles/radio3.elf.dir/src/Radio3.cpp.o
                0x0000000008000f50                Board::amplifier(bool)
 .text._ZN5Board16vfoOutMonostableEb
                0x0000000008000f80       0x30 CMakeFiles/radio3.elf.dir/src/Radio3.cpp.o
                0x0000000008000f80                Board::vfoOutMonostable(bool)
 .text._ZL12checkLicensev
                0x0000000008000fb0       0x48 CMakeFiles/radio3.elf.dir/src/Radio3.cpp.o
 .text.SysTick_Handler
                0x0000000008000ff8       0x14 CMakeFiles/radio3.elf.dir/src/Radio3.cpp.o
                0x0000000008000ff8                SysTick_Handler
 .text._ZN6Radio37sysTickEv
                0x000000000800100c       0x24 CMakeFiles/radio3.elf.dir/src/Radio3.cpp.o
                0x000000000800100c                Radio3::sysTick()
 .text._ZN6Radio39sendFrameE8FrameCmdPKvt
                0x0000000008001030       0x2c CMakeFiles/radio3.elf.dir/src/Radio3.cpp.o
                0x0000000008001030                Radio3::sendFrame(FrameCmd, void const*, unsigned short)
 .text._ZN6Radio314vfoRelayCommitEv
                0x000000000800105c       0x28 CMakeFiles/radio3.elf.dir/src/Radio3.cpp.o
                0x000000000800105c                Radio3::vfoRelayCommit()
 .text._ZN6Radio38vfoToVnaEv
                0x0000000008001084       0x50 CMakeFiles/radio3.elf.dir/src/Radio3.cpp.o
                0x0000000008001084                Radio3::vfoToVna()
 .text._ZN6Radio311vfoToSocketEv
                0x00000000080010d4       0x50 CMakeFiles/radio3.elf.dir/src/Radio3.cpp.o
                0x00000000080010d4                Radio3::vfoToSocket()
 .text._ZN6Radio318adjustVfoOutputForEN5Sweep6SourceE
                0x0000000008001124       0x30 CMakeFiles/radio3.elf.dir/src/Radio3.cpp.o
                0x0000000008001124                Radio3::adjustVfoOutputFor(Sweep::Source)
 .text._ZN6Radio38sendPingEv
                0x0000000008001154       0x1c CMakeFiles/radio3.elf.dir/src/Radio3.cpp.o
                0x0000000008001154                Radio3::sendPing()
 .text._ZN6Radio323sendDeviceConfigurationEv
                0x0000000008001170       0x20 CMakeFiles/radio3.elf.dir/src/Radio3.cpp.o
                0x0000000008001170                Radio3::sendDeviceConfiguration()
 .text._ZN6Radio315sendDeviceStateEv
                0x0000000008001190       0x30 CMakeFiles/radio3.elf.dir/src/Radio3.cpp.o
                0x0000000008001190                Radio3::sendDeviceState()
 .text._ZN6Radio315sendLicenseDataEv
                0x00000000080011c0       0x30 CMakeFiles/radio3.elf.dir/src/Radio3.cpp.o
                0x00000000080011c0                Radio3::sendLicenseData()
 .text._ZN6Radio318cmdSetVfoFrequencyEPKh
                0x00000000080011f0       0x24 CMakeFiles/radio3.elf.dir/src/Radio3.cpp.o
                0x00000000080011f0                Radio3::cmdSetVfoFrequency(unsigned char const*)
 .text._ZN6Radio318cmdGetVfoFrequencyEv
                0x0000000008001214       0x2c CMakeFiles/radio3.elf.dir/src/Radio3.cpp.o
                0x0000000008001214                Radio3::cmdGetVfoFrequency()
 .text._ZN6Radio315cmdSweepRequestEPKh
                0x0000000008001240       0x72 CMakeFiles/radio3.elf.dir/src/Radio3.cpp.o
                0x0000000008001240                Radio3::cmdSweepRequest(unsigned char const*)
 .text._ZN6Radio310cmdVfoTypeEPKh
                0x00000000080012b2       0x3c CMakeFiles/radio3.elf.dir/src/Radio3.cpp.o
                0x00000000080012b2                Radio3::cmdVfoType(unsigned char const*)
 .text._ZN6Radio316cmdVfoAttenuatorEPKh
                0x00000000080012ee       0x7e CMakeFiles/radio3.elf.dir/src/Radio3.cpp.o
                0x00000000080012ee                Radio3::cmdVfoAttenuator(unsigned char const*)
 .text._ZN6Radio315cmdVfoAmplifierEPKh
                0x000000000800136c       0x3e CMakeFiles/radio3.elf.dir/src/Radio3.cpp.o
                0x000000000800136c                Radio3::cmdVfoAmplifier(unsigned char const*)
 .text._ZN6Radio312readVnaProbeEv
                0x00000000080013aa       0x4a CMakeFiles/radio3.elf.dir/src/Radio3.cpp.o
                0x00000000080013aa                Radio3::readVnaProbe()
 .text._ZN6Radio313readAllProbesEv
                0x00000000080013f4       0x6a CMakeFiles/radio3.elf.dir/src/Radio3.cpp.o
                0x00000000080013f4                Radio3::readAllProbes()
 .text._ZN6Radio318cmdSampleAllProbesEv
                0x000000000800145e       0x2a CMakeFiles/radio3.elf.dir/src/Radio3.cpp.o
                0x000000000800145e                Radio3::cmdSampleAllProbes()
 .text._ZN6Radio319handleIncomingFrameEv
                0x0000000008001488      0x204 CMakeFiles/radio3.elf.dir/src/Radio3.cpp.o
                0x0000000008001488                Radio3::handleIncomingFrame()
 .text.main     0x000000000800168c       0x40 CMakeFiles/radio3.elf.dir/src/Radio3.cpp.o
                0x000000000800168c                main
 .text._ZN13ConfigurationC2Ev
                0x00000000080016cc       0x1a CMakeFiles/radio3.elf.dir/src/Radio3.cpp.o
                0x00000000080016cc                Configuration::Configuration()
                0x00000000080016cc                Configuration::Configuration()
 .text._ZN9FreqMeterC2Ev
                0x00000000080016e6       0x22 CMakeFiles/radio3.elf.dir/src/Radio3.cpp.o
                0x00000000080016e6                FreqMeter::FreqMeter()
                0x00000000080016e6                FreqMeter::FreqMeter()
 .text._ZN3VfoC2Ev
                0x0000000008001708       0x20 CMakeFiles/radio3.elf.dir/src/Radio3.cpp.o
                0x0000000008001708                Vfo::Vfo()
                0x0000000008001708                Vfo::Vfo()
 .text._ZN6Ad985xC2Ev
                0x0000000008001728       0x2c CMakeFiles/radio3.elf.dir/src/Radio3.cpp.o
                0x0000000008001728                Ad985x::Ad985x()
                0x0000000008001728                Ad985x::Ad985x()
 .text._ZN6Radio3C2ER7UsbVComR5Board
                0x0000000008001754       0x62 CMakeFiles/radio3.elf.dir/src/Radio3.cpp.o
                0x0000000008001754                Radio3::Radio3(UsbVCom&, Board&)
                0x0000000008001754                Radio3::Radio3(UsbVCom&, Board&)
 *fill*         0x00000000080017b6        0x2 
 .text._ZN6Radio34initEv
                0x00000000080017b8       0xd0 CMakeFiles/radio3.elf.dir/src/Radio3.cpp.o
                0x00000000080017b8                Radio3::init()
 .text._ZN6Radio35startEv
                0x0000000008001888       0x42 CMakeFiles/radio3.elf.dir/src/Radio3.cpp.o
                0x0000000008001888                Radio3::start()
 .text._ZN7UsbVCom6BufferILi64EE5countEv
                0x00000000080018ca       0x26 CMakeFiles/radio3.elf.dir/src/Radio3.cpp.o
                0x00000000080018ca                UsbVCom::Buffer<64>::count()
 .text._Z41__static_initialization_and_destruction_0ii
                0x00000000080018f0       0x4c CMakeFiles/radio3.elf.dir/src/Radio3.cpp.o
 .text._GLOBAL__sub_I_SysTick_Handler
                0x000000000800193c       0x10 CMakeFiles/radio3.elf.dir/src/Radio3.cpp.o
 .text._ZN5Sweep7Request7isValidEv
                0x000000000800194c       0x36 CMakeFiles/radio3.elf.dir/src/Sweep.cpp.o
                0x000000000800194c                Sweep::Request::isValid()
 .text._ZN5Sweep7Request13getAvgSamplesEv
                0x0000000008001982       0x20 CMakeFiles/radio3.elf.dir/src/Sweep.cpp.o
                0x0000000008001982                Sweep::Request::getAvgSamples()
 .text._ZN5Sweep7Request12getAvgPassesEv
                0x00000000080019a2       0x1e CMakeFiles/radio3.elf.dir/src/Sweep.cpp.o
                0x00000000080019a2                Sweep::Request::getAvgPasses()
 .text._ZN5SweepC2ER3VfoR9AdcProbes
                0x00000000080019c0       0x2c CMakeFiles/radio3.elf.dir/src/Sweep.cpp.o
                0x00000000080019c0                Sweep::Sweep(Vfo&, AdcProbes&)
                0x00000000080019c0                Sweep::Sweep(Vfo&, AdcProbes&)
 .text._ZN5Sweep9resetDataEt
                0x00000000080019ec       0x38 CMakeFiles/radio3.elf.dir/src/Sweep.cpp.o
                0x00000000080019ec                Sweep::resetData(unsigned short)
 .text._ZN5Sweep10divideDataEth
                0x0000000008001a24       0x52 CMakeFiles/radio3.elf.dir/src/Sweep.cpp.o
                0x0000000008001a24                Sweep::divideData(unsigned short, unsigned char)
 .text._ZN5Sweep14accumulateDataEth
                0x0000000008001a76      0x144 CMakeFiles/radio3.elf.dir/src/Sweep.cpp.o
                0x0000000008001a76                Sweep::accumulateData(unsigned short, unsigned char)
 .text._ZN5Sweep7performERNS_7RequestE
                0x0000000008001bba      0x110 CMakeFiles/radio3.elf.dir/src/Sweep.cpp.o
                0x0000000008001bba                Sweep::perform(Sweep::Request&)
 .text._ZN5Sweep4initEv
                0x0000000008001cca       0x1a CMakeFiles/radio3.elf.dir/src/Sweep.cpp.o
                0x0000000008001cca                Sweep::init()
 .text._Z7delayUsj
                0x0000000008001ce4       0x2e CMakeFiles/radio3.elf.dir/src/delay.cpp.o
                0x0000000008001ce4                delayUs(unsigned int)
 .text.ITM_SendChar
                0x0000000008001d12       0x60 CMakeFiles/radio3.elf.dir/lib_stm32/debug/log.cpp.o
 .text._ZN12_GLOBAL__N_19swo_printEPKc
                0x0000000008001d72       0x28 CMakeFiles/radio3.elf.dir/lib_stm32/debug/log.cpp.o
 *fill*         0x0000000008001d9a        0x2 
 .text._Z8log_initP5Timer
                0x0000000008001d9c       0x28 CMakeFiles/radio3.elf.dir/lib_stm32/debug/log.cpp.o
                0x0000000008001d9c                log_init(Timer*)
 .text._Z3logPKcz
                0x0000000008001dc4       0x94 CMakeFiles/radio3.elf.dir/lib_stm32/debug/log.cpp.o
                0x0000000008001dc4                log(char const*, ...)
 .text.SystemInit
                0x0000000008001e58       0x68 CMakeFiles/radio3.elf.dir/lib_stm32/system/src/cmsis/system_stm32f10x.c.o
                0x0000000008001e58                SystemInit
 .text.SystemCoreClockUpdate
                0x0000000008001ec0       0xd8 CMakeFiles/radio3.elf.dir/lib_stm32/system/src/cmsis/system_stm32f10x.c.o
                0x0000000008001ec0                SystemCoreClockUpdate
 .text.SetSysClock
                0x0000000008001f98        0xc CMakeFiles/radio3.elf.dir/lib_stm32/system/src/cmsis/system_stm32f10x.c.o
 .text.SetSysClockTo72
                0x0000000008001fa4      0x100 CMakeFiles/radio3.elf.dir/lib_stm32/system/src/cmsis/system_stm32f10x.c.o
 .text.Default_Handler
                0x00000000080020a4        0x6 CMakeFiles/radio3.elf.dir/lib_stm32/system/src/cmsis/vectors_stm32f10x.c.o
                0x00000000080020a4                TIM1_BRK_TIM15_IRQHandler
                0x00000000080020a4                TIM8_TRG_COM_IRQHandler
                0x00000000080020a4                TIM8_CC_IRQHandler
                0x00000000080020a4                DebugMon_Handler
                0x00000000080020a4                TIM1_CC_IRQHandler
                0x00000000080020a4                HardFault_Handler
                0x00000000080020a4                TIM6_IRQHandler
                0x00000000080020a4                PVD_IRQHandler
                0x00000000080020a4                SDIO_IRQHandler
                0x00000000080020a4                PendSV_Handler
                0x00000000080020a4                NMI_Handler
                0x00000000080020a4                CAN2_RX1_IRQHandler
                0x00000000080020a4                EXTI3_IRQHandler
                0x00000000080020a4                TIM8_TRG_COM_TIM14_IRQHandler
                0x00000000080020a4                TIM1_UP_TIM10_IRQHandler
                0x00000000080020a4                TIM8_UP_TIM13_IRQHandler
                0x00000000080020a4                EXTI0_IRQHandler
                0x00000000080020a4                I2C2_EV_IRQHandler
                0x00000000080020a4                CAN1_RX0_IRQHandler
                0x00000000080020a4                TIM1_UP_TIM16_IRQHandler
                0x00000000080020a4                UsageFault_Handler
                0x00000000080020a4                CAN2_SCE_IRQHandler
                0x00000000080020a4                ADC1_2_IRQHandler
                0x00000000080020a4                SPI1_IRQHandler
                0x00000000080020a4                TAMPER_IRQHandler
                0x00000000080020a4                TIM6_DAC_IRQHandler
                0x00000000080020a4                TIM1_BRK_TIM9_IRQHandler
                0x00000000080020a4                CAN2_RX0_IRQHandler
                0x00000000080020a4                TIM8_UP_IRQHandler
                0x00000000080020a4                DMA2_Channel2_IRQHandler
                0x00000000080020a4                DMA1_Channel4_IRQHandler
                0x00000000080020a4                USART3_IRQHandler
                0x00000000080020a4                RTC_IRQHandler
                0x00000000080020a4                DMA1_Channel7_IRQHandler
                0x00000000080020a4                CAN1_RX1_IRQHandler
                0x00000000080020a4                UART5_IRQHandler
                0x00000000080020a4                ADC3_IRQHandler
                0x00000000080020a4                TIM4_IRQHandler
                0x00000000080020a4                DMA2_Channel1_IRQHandler
                0x00000000080020a4                I2C1_EV_IRQHandler
                0x00000000080020a4                DMA1_Channel6_IRQHandler
                0x00000000080020a4                UART4_IRQHandler
                0x00000000080020a4                DMA2_Channel4_IRQHandler
                0x00000000080020a4                TIM3_IRQHandler
                0x00000000080020a4                RCC_IRQHandler
                0x00000000080020a4                TIM8_BRK_TIM12_IRQHandler
                0x00000000080020a4                TIM1_TRG_COM_IRQHandler
                0x00000000080020a4                DMA1_Channel1_IRQHandler
                0x00000000080020a4                Default_Handler
                0x00000000080020a4                CEC_IRQHandler
                0x00000000080020a4                EXTI15_10_IRQHandler
                0x00000000080020a4                TIM14_IRQHandler
                0x00000000080020a4                TIM13_IRQHandler
                0x00000000080020a4                TIM12_IRQHandler
                0x00000000080020a4                TIM7_IRQHandler
                0x00000000080020a4                CAN2_TX_IRQHandler
                0x00000000080020a4                TIM5_IRQHandler
                0x00000000080020a4                EXTI9_5_IRQHandler
                0x00000000080020a4                ETH_WKUP_IRQHandler
                0x00000000080020a4                SPI2_IRQHandler
                0x00000000080020a4                MemManage_Handler
                0x00000000080020a4                CAN1_TX_IRQHandler
                0x00000000080020a4                SVC_Handler
                0x00000000080020a4                DMA2_Channel5_IRQHandler
                0x00000000080020a4                DMA1_Channel5_IRQHandler
                0x00000000080020a4                EXTI4_IRQHandler
                0x00000000080020a4                TIM1_TRG_COM_TIM17_IRQHandler
                0x00000000080020a4                USB_HP_CAN1_TX_IRQHandler
                0x00000000080020a4                DMA1_Channel3_IRQHandler
                0x00000000080020a4                FSMC_IRQHandler
                0x00000000080020a4                ETH_IRQHandler
                0x00000000080020a4                TIM1_UP_IRQHandler
                0x00000000080020a4                WWDG_IRQHandler
                0x00000000080020a4                TIM2_IRQHandler
                0x00000000080020a4                OTG_FS_WKUP_IRQHandler
                0x00000000080020a4                TIM1_TRG_COM_TIM11_IRQHandler
                0x00000000080020a4                TIM1_BRK_IRQHandler
                0x00000000080020a4                EXTI1_IRQHandler
                0x00000000080020a4                RTCAlarm_IRQHandler
                0x00000000080020a4                DMA2_Channel4_5_IRQHandler
                0x00000000080020a4                USART2_IRQHandler
                0x00000000080020a4                I2C2_ER_IRQHandler
                0x00000000080020a4                DMA1_Channel2_IRQHandler
                0x00000000080020a4                TIM8_BRK_IRQHandler
                0x00000000080020a4                CAN1_SCE_IRQHandler
                0x00000000080020a4                FLASH_IRQHandler
                0x00000000080020a4                BusFault_Handler
                0x00000000080020a4                USART1_IRQHandler
                0x00000000080020a4                OTG_FS_IRQHandler
                0x00000000080020a4                SPI3_IRQHandler
                0x00000000080020a4                I2C1_ER_IRQHandler
                0x00000000080020a4                DMA2_Channel3_IRQHandler
                0x00000000080020a4                EXTI2_IRQHandler
 .text.__cxa_pure_virtual
                0x00000000080020aa        0x8 CMakeFiles/radio3.elf.dir/lib_stm32/system/src/newlib/_cxx.cpp.o
                0x00000000080020aa                __cxa_pure_virtual
 *fill*         0x00000000080020b2        0x2 
 .text._sbrk    0x00000000080020b4       0x68 CMakeFiles/radio3.elf.dir/lib_stm32/system/src/newlib/_sbrk.c.o
                0x00000000080020b4                _sbrk
 .text.__initialize_data
                0x000000000800211c       0x34 CMakeFiles/radio3.elf.dir/lib_stm32/system/src/newlib/_startup.c.o
 .text.__initialize_bss
                0x0000000008002150       0x2c CMakeFiles/radio3.elf.dir/lib_stm32/system/src/newlib/_startup.c.o
 .text.__run_init_array
                0x000000000800217c       0x70 CMakeFiles/radio3.elf.dir/lib_stm32/system/src/newlib/_startup.c.o
 .text._start   0x00000000080021ec       0x4c CMakeFiles/radio3.elf.dir/lib_stm32/system/src/newlib/_startup.c.o
                0x00000000080021ec                _start
 .text.abort    0x0000000008002238        0x8 CMakeFiles/radio3.elf.dir/lib_stm32/system/src/newlib/_syscalls.c.o
                0x0000000008002238                abort
 .text.NVIC_PriorityGroupConfig
                0x0000000008002240       0x24 CMakeFiles/radio3.elf.dir/lib_stm32/system/src/stm32f1-stdperiph/misc.c.o
                0x0000000008002240                NVIC_PriorityGroupConfig
 .text.NVIC_Init
                0x0000000008002264       0xc4 CMakeFiles/radio3.elf.dir/lib_stm32/system/src/stm32f1-stdperiph/misc.c.o
                0x0000000008002264                NVIC_Init
 .text.ADC_Init
                0x0000000008002328       0xa4 CMakeFiles/radio3.elf.dir/lib_stm32/system/src/stm32f1-stdperiph/stm32f10x_adc.c.o
                0x0000000008002328                ADC_Init
 .text.ADC_Cmd  0x00000000080023cc       0x36 CMakeFiles/radio3.elf.dir/lib_stm32/system/src/stm32f1-stdperiph/stm32f10x_adc.c.o
                0x00000000080023cc                ADC_Cmd
 .text.ADC_ResetCalibration
                0x0000000008002402       0x1e CMakeFiles/radio3.elf.dir/lib_stm32/system/src/stm32f1-stdperiph/stm32f10x_adc.c.o
                0x0000000008002402                ADC_ResetCalibration
 .text.ADC_GetResetCalibrationStatus
                0x0000000008002420       0x2e CMakeFiles/radio3.elf.dir/lib_stm32/system/src/stm32f1-stdperiph/stm32f10x_adc.c.o
                0x0000000008002420                ADC_GetResetCalibrationStatus
 .text.ADC_StartCalibration
                0x000000000800244e       0x1e CMakeFiles/radio3.elf.dir/lib_stm32/system/src/stm32f1-stdperiph/stm32f10x_adc.c.o
                0x000000000800244e                ADC_StartCalibration
 .text.ADC_GetCalibrationStatus
                0x000000000800246c       0x2e CMakeFiles/radio3.elf.dir/lib_stm32/system/src/stm32f1-stdperiph/stm32f10x_adc.c.o
                0x000000000800246c                ADC_GetCalibrationStatus
 .text.ADC_SoftwareStartConvCmd
                0x000000000800249a       0x36 CMakeFiles/radio3.elf.dir/lib_stm32/system/src/stm32f1-stdperiph/stm32f10x_adc.c.o
                0x000000000800249a                ADC_SoftwareStartConvCmd
 .text.ADC_RegularChannelConfig
                0x00000000080024d0      0x192 CMakeFiles/radio3.elf.dir/lib_stm32/system/src/stm32f1-stdperiph/stm32f10x_adc.c.o
                0x00000000080024d0                ADC_RegularChannelConfig
 .text.ADC_GetConversionValue
                0x0000000008002662       0x18 CMakeFiles/radio3.elf.dir/lib_stm32/system/src/stm32f1-stdperiph/stm32f10x_adc.c.o
                0x0000000008002662                ADC_GetConversionValue
 .text.ADC_GetFlagStatus
                0x000000000800267a       0x32 CMakeFiles/radio3.elf.dir/lib_stm32/system/src/stm32f1-stdperiph/stm32f10x_adc.c.o
                0x000000000800267a                ADC_GetFlagStatus
 .text.EXTI_ClearITPendingBit
                0x00000000080026ac       0x1c CMakeFiles/radio3.elf.dir/lib_stm32/system/src/stm32f1-stdperiph/stm32f10x_exti.c.o
                0x00000000080026ac                EXTI_ClearITPendingBit
 .text.GPIO_Init
                0x00000000080026c8      0x178 CMakeFiles/radio3.elf.dir/lib_stm32/system/src/stm32f1-stdperiph/stm32f10x_gpio.c.o
                0x00000000080026c8                GPIO_Init
 .text.GPIO_ReadInputDataBit
                0x0000000008002840       0x32 CMakeFiles/radio3.elf.dir/lib_stm32/system/src/stm32f1-stdperiph/stm32f10x_gpio.c.o
                0x0000000008002840                GPIO_ReadInputDataBit
 .text.GPIO_SetBits
                0x0000000008002872       0x1c CMakeFiles/radio3.elf.dir/lib_stm32/system/src/stm32f1-stdperiph/stm32f10x_gpio.c.o
                0x0000000008002872                GPIO_SetBits
 .text.GPIO_ResetBits
                0x000000000800288e       0x1c CMakeFiles/radio3.elf.dir/lib_stm32/system/src/stm32f1-stdperiph/stm32f10x_gpio.c.o
                0x000000000800288e                GPIO_ResetBits
 .text.GPIO_WriteBit
                0x00000000080028aa       0x2e CMakeFiles/radio3.elf.dir/lib_stm32/system/src/stm32f1-stdperiph/stm32f10x_gpio.c.o
                0x00000000080028aa                GPIO_WriteBit
 .text.RCC_USBCLKConfig
                0x00000000080028d8       0x1c CMakeFiles/radio3.elf.dir/lib_stm32/system/src/stm32f1-stdperiph/stm32f10x_rcc.c.o
                0x00000000080028d8                RCC_USBCLKConfig
 .text.RCC_ADCCLKConfig
                0x00000000080028f4       0x38 CMakeFiles/radio3.elf.dir/lib_stm32/system/src/stm32f1-stdperiph/stm32f10x_rcc.c.o
                0x00000000080028f4                RCC_ADCCLKConfig
 .text.RCC_APB2PeriphClockCmd
                0x000000000800292c       0x3c CMakeFiles/radio3.elf.dir/lib_stm32/system/src/stm32f1-stdperiph/stm32f10x_rcc.c.o
                0x000000000800292c                RCC_APB2PeriphClockCmd
 .text.RCC_APB1PeriphClockCmd
                0x0000000008002968       0x3c CMakeFiles/radio3.elf.dir/lib_stm32/system/src/stm32f1-stdperiph/stm32f10x_rcc.c.o
                0x0000000008002968                RCC_APB1PeriphClockCmd
 .text.RCC_APB2PeriphResetCmd
                0x00000000080029a4       0x3c CMakeFiles/radio3.elf.dir/lib_stm32/system/src/stm32f1-stdperiph/stm32f10x_rcc.c.o
                0x00000000080029a4                RCC_APB2PeriphResetCmd
 .text.RCC_APB1PeriphResetCmd
                0x00000000080029e0       0x3c CMakeFiles/radio3.elf.dir/lib_stm32/system/src/stm32f1-stdperiph/stm32f10x_rcc.c.o
                0x00000000080029e0                RCC_APB1PeriphResetCmd
 .text.TIM_DeInit
                0x0000000008002a1c      0x22c CMakeFiles/radio3.elf.dir/lib_stm32/system/src/stm32f1-stdperiph/stm32f10x_tim.c.o
                0x0000000008002a1c                TIM_DeInit
 .text.TIM_TimeBaseInit
                0x0000000008002c48       0xf8 CMakeFiles/radio3.elf.dir/lib_stm32/system/src/stm32f1-stdperiph/stm32f10x_tim.c.o
                0x0000000008002c48                TIM_TimeBaseInit
 .text.TIM_Cmd  0x0000000008002d40       0x3e CMakeFiles/radio3.elf.dir/lib_stm32/system/src/stm32f1-stdperiph/stm32f10x_tim.c.o
                0x0000000008002d40                TIM_Cmd
 .text.TIM_ITRxExternalClockConfig
                0x0000000008002d7e       0x2e CMakeFiles/radio3.elf.dir/lib_stm32/system/src/stm32f1-stdperiph/stm32f10x_tim.c.o
                0x0000000008002d7e                TIM_ITRxExternalClockConfig
 .text.TIM_TIxExternalClockConfig
                0x0000000008002dac       0x5c CMakeFiles/radio3.elf.dir/lib_stm32/system/src/stm32f1-stdperiph/stm32f10x_tim.c.o
                0x0000000008002dac                TIM_TIxExternalClockConfig
 .text.TIM_SelectInputTrigger
                0x0000000008002e08       0x36 CMakeFiles/radio3.elf.dir/lib_stm32/system/src/stm32f1-stdperiph/stm32f10x_tim.c.o
                0x0000000008002e08                TIM_SelectInputTrigger
 .text.TIM_SelectOutputTrigger
                0x0000000008002e3e       0x36 CMakeFiles/radio3.elf.dir/lib_stm32/system/src/stm32f1-stdperiph/stm32f10x_tim.c.o
                0x0000000008002e3e                TIM_SelectOutputTrigger
 .text.TIM_SetCounter
                0x0000000008002e74       0x1c CMakeFiles/radio3.elf.dir/lib_stm32/system/src/stm32f1-stdperiph/stm32f10x_tim.c.o
                0x0000000008002e74                TIM_SetCounter
 .text.TIM_GetCounter
                0x0000000008002e90       0x18 CMakeFiles/radio3.elf.dir/lib_stm32/system/src/stm32f1-stdperiph/stm32f10x_tim.c.o
                0x0000000008002e90                TIM_GetCounter
 .text.TI1_Config
                0x0000000008002ea8       0xe0 CMakeFiles/radio3.elf.dir/lib_stm32/system/src/stm32f1-stdperiph/stm32f10x_tim.c.o
 .text.TI2_Config
                0x0000000008002f88       0xf4 CMakeFiles/radio3.elf.dir/lib_stm32/system/src/stm32f1-stdperiph/stm32f10x_tim.c.o
 .text.NVIC_SetPriority
                0x000000000800307c       0x58 CMakeFiles/radio3.elf.dir/lib_stm32/timer/Timer.cpp.o
 .text.SysTick_Config
                0x00000000080030d4       0x44 CMakeFiles/radio3.elf.dir/lib_stm32/timer/Timer.cpp.o
 .text._ZN5TimerC2Ev
                0x0000000008003118       0x2c CMakeFiles/radio3.elf.dir/lib_stm32/timer/Timer.cpp.o
                0x0000000008003118                Timer::Timer()
                0x0000000008003118                Timer::Timer()
 .text._ZNK5Timer9getMillisEv
                0x0000000008003144       0x1c CMakeFiles/radio3.elf.dir/lib_stm32/timer/Timer.cpp.o
                0x0000000008003144                Timer::getMillis() const
 .text._ZNK5Timer7isAfterEm
                0x0000000008003160       0x28 CMakeFiles/radio3.elf.dir/lib_stm32/timer/Timer.cpp.o
                0x0000000008003160                Timer::isAfter(unsigned long) const
 .text._ZN5Timer6tickMsEv
                0x0000000008003188       0x20 CMakeFiles/radio3.elf.dir/lib_stm32/timer/Timer.cpp.o
                0x0000000008003188                Timer::tickMs()
 .text.USB_LP_CAN1_RX0_IRQHandler
                0x00000000080031a8       0x18 CMakeFiles/radio3.elf.dir/lib_stm32/usb_fs_driver/UsbDevice.cpp.o
                0x00000000080031a8                USB_LP_CAN1_RX0_IRQHandler
 .text.USBWakeUp_IRQHandler
                0x00000000080031c0       0x10 CMakeFiles/radio3.elf.dir/lib_stm32/usb_fs_driver/UsbDevice.cpp.o
                0x00000000080031c0                USBWakeUp_IRQHandler
 .text._ZN9UsbDeviceC2Ev
                0x00000000080031d0      0x120 CMakeFiles/radio3.elf.dir/lib_stm32/usb_fs_driver/UsbDevice.cpp.o
                0x00000000080031d0                UsbDevice::UsbDevice()
                0x00000000080031d0                UsbDevice::UsbDevice()
 .text._ZN9UsbDevice4istrEv
                0x00000000080032f0      0x154 CMakeFiles/radio3.elf.dir/lib_stm32/usb_fs_driver/UsbDevice.cpp.o
                0x00000000080032f0                UsbDevice::istr()
 .text._ZN9UsbDevice5ep1inEv
                0x0000000008003444       0x12 CMakeFiles/radio3.elf.dir/lib_stm32/usb_fs_driver/UsbDevice.cpp.o
                0x0000000008003444                UsbDevice::ep1in()
 .text._ZN9UsbDevice5ep2inEv
                0x0000000008003456       0x12 CMakeFiles/radio3.elf.dir/lib_stm32/usb_fs_driver/UsbDevice.cpp.o
                0x0000000008003456                UsbDevice::ep2in()
 .text._ZN9UsbDevice5ep3inEv
                0x0000000008003468       0x12 CMakeFiles/radio3.elf.dir/lib_stm32/usb_fs_driver/UsbDevice.cpp.o
                0x0000000008003468                UsbDevice::ep3in()
 .text._ZN9UsbDevice5ep4inEv
                0x000000000800347a       0x12 CMakeFiles/radio3.elf.dir/lib_stm32/usb_fs_driver/UsbDevice.cpp.o
                0x000000000800347a                UsbDevice::ep4in()
 .text._ZN9UsbDevice5ep5inEv
                0x000000000800348c       0x12 CMakeFiles/radio3.elf.dir/lib_stm32/usb_fs_driver/UsbDevice.cpp.o
                0x000000000800348c                UsbDevice::ep5in()
 .text._ZN9UsbDevice5ep6inEv
                0x000000000800349e       0x12 CMakeFiles/radio3.elf.dir/lib_stm32/usb_fs_driver/UsbDevice.cpp.o
                0x000000000800349e                UsbDevice::ep6in()
 .text._ZN9UsbDevice5ep7inEv
                0x00000000080034b0       0x12 CMakeFiles/radio3.elf.dir/lib_stm32/usb_fs_driver/UsbDevice.cpp.o
                0x00000000080034b0                UsbDevice::ep7in()
 .text._ZN9UsbDevice6ep1outEv
                0x00000000080034c2       0x12 CMakeFiles/radio3.elf.dir/lib_stm32/usb_fs_driver/UsbDevice.cpp.o
                0x00000000080034c2                UsbDevice::ep1out()
 .text._ZN9UsbDevice6ep2outEv
                0x00000000080034d4       0x12 CMakeFiles/radio3.elf.dir/lib_stm32/usb_fs_driver/UsbDevice.cpp.o
                0x00000000080034d4                UsbDevice::ep2out()
 .text._ZN9UsbDevice6ep3outEv
                0x00000000080034e6       0x12 CMakeFiles/radio3.elf.dir/lib_stm32/usb_fs_driver/UsbDevice.cpp.o
                0x00000000080034e6                UsbDevice::ep3out()
 .text._ZN9UsbDevice6ep4outEv
                0x00000000080034f8       0x12 CMakeFiles/radio3.elf.dir/lib_stm32/usb_fs_driver/UsbDevice.cpp.o
                0x00000000080034f8                UsbDevice::ep4out()
 .text._ZN9UsbDevice6ep5outEv
                0x000000000800350a       0x12 CMakeFiles/radio3.elf.dir/lib_stm32/usb_fs_driver/UsbDevice.cpp.o
                0x000000000800350a                UsbDevice::ep5out()
 .text._ZN9UsbDevice6ep6outEv
                0x000000000800351c       0x12 CMakeFiles/radio3.elf.dir/lib_stm32/usb_fs_driver/UsbDevice.cpp.o
                0x000000000800351c                UsbDevice::ep6out()
 .text._ZN9UsbDevice6ep7outEv
                0x000000000800352e       0x12 CMakeFiles/radio3.elf.dir/lib_stm32/usb_fs_driver/UsbDevice.cpp.o
                0x000000000800352e                UsbDevice::ep7out()
 .text._ZN9UsbDevice7initRCCEv
                0x0000000008003540       0x20 CMakeFiles/radio3.elf.dir/lib_stm32/usb_fs_driver/UsbDevice.cpp.o
                0x0000000008003540                UsbDevice::initRCC()
 .text._ZN9UsbDevice8initNVICEv
                0x0000000008003560       0x44 CMakeFiles/radio3.elf.dir/lib_stm32/usb_fs_driver/UsbDevice.cpp.o
                0x0000000008003560                UsbDevice::initNVIC()
 .text._ZN9UsbDevice18handleStartOfFrameEv
                0x00000000080035a4       0x30 CMakeFiles/radio3.elf.dir/lib_stm32/usb_fs_driver/UsbDevice.cpp.o
                0x00000000080035a4                UsbDevice::handleStartOfFrame()
 .text._ZN9UsbDevice11handleResetEv
                0x00000000080035d4       0x28 CMakeFiles/radio3.elf.dir/lib_stm32/usb_fs_driver/UsbDevice.cpp.o
                0x00000000080035d4                UsbDevice::handleReset()
 .text._ZN9UsbDevice11handleErrorEv
                0x00000000080035fc       0x20 CMakeFiles/radio3.elf.dir/lib_stm32/usb_fs_driver/UsbDevice.cpp.o
                0x00000000080035fc                UsbDevice::handleError()
 .text._ZN9UsbDevice12handleWakeUpEv
                0x000000000800361c       0x24 CMakeFiles/radio3.elf.dir/lib_stm32/usb_fs_driver/UsbDevice.cpp.o
                0x000000000800361c                UsbDevice::handleWakeUp()
 .text._ZN9UsbDevice13handleSuspendEv
                0x0000000008003640       0x38 CMakeFiles/radio3.elf.dir/lib_stm32/usb_fs_driver/UsbDevice.cpp.o
                0x0000000008003640                UsbDevice::handleSuspend()
 .text._ZN9UsbDevice26handleExpectedStartOfFrameEv
                0x0000000008003678      0x138 CMakeFiles/radio3.elf.dir/lib_stm32/usb_fs_driver/UsbDevice.cpp.o
                0x0000000008003678                UsbDevice::handleExpectedStartOfFrame()
 .text._ZN9UsbDevice21handleCorrectTransferEv
                0x00000000080037b0      0x45c CMakeFiles/radio3.elf.dir/lib_stm32/usb_fs_driver/UsbDevice.cpp.o
                0x00000000080037b0                UsbDevice::handleCorrectTransfer()
 .text._Z25Standard_GetConfigurationt
                0x0000000008003c0c       0x3c CMakeFiles/radio3.elf.dir/lib_stm32/usb_fs_driver/usb_core.cpp.o
                0x0000000008003c0c                Standard_GetConfiguration(unsigned short)
 .text._Z25Standard_SetConfigurationv
                0x0000000008003c48       0x50 CMakeFiles/radio3.elf.dir/lib_stm32/usb_fs_driver/usb_core.cpp.o
                0x0000000008003c48                Standard_SetConfiguration()
 .text._Z21Standard_GetInterfacet
                0x0000000008003c98       0x3c CMakeFiles/radio3.elf.dir/lib_stm32/usb_fs_driver/usb_core.cpp.o
                0x0000000008003c98                Standard_GetInterface(unsigned short)
 .text._Z21Standard_SetInterfacev
                0x0000000008003cd4       0x88 CMakeFiles/radio3.elf.dir/lib_stm32/usb_fs_driver/usb_core.cpp.o
                0x0000000008003cd4                Standard_SetInterface()
 .text._Z18Standard_GetStatust
                0x0000000008003d5c      0x14c CMakeFiles/radio3.elf.dir/lib_stm32/usb_fs_driver/usb_core.cpp.o
                0x0000000008003d5c                Standard_GetStatus(unsigned short)
 .text._Z21Standard_ClearFeaturev
                0x0000000008003ea8      0x1ec CMakeFiles/radio3.elf.dir/lib_stm32/usb_fs_driver/usb_core.cpp.o
                0x0000000008003ea8                Standard_ClearFeature()
 .text._Z27Standard_SetEndPointFeaturev
                0x0000000008004094      0x114 CMakeFiles/radio3.elf.dir/lib_stm32/usb_fs_driver/usb_core.cpp.o
                0x0000000008004094                Standard_SetEndPointFeature()
 .text._Z25Standard_SetDeviceFeaturev
                0x00000000080041a8       0x2c CMakeFiles/radio3.elf.dir/lib_stm32/usb_fs_driver/usb_core.cpp.o
                0x00000000080041a8                Standard_SetDeviceFeature()
 .text._Z26Standard_GetDescriptorDatatP13OneDescriptor
                0x00000000080041d4       0x48 CMakeFiles/radio3.elf.dir/lib_stm32/usb_fs_driver/usb_core.cpp.o
                0x00000000080041d4                Standard_GetDescriptorData(unsigned short, OneDescriptor*)
 .text._ZL12DataStageOutv
                0x000000000800421c      0x12c CMakeFiles/radio3.elf.dir/lib_stm32/usb_fs_driver/usb_core.cpp.o
 .text._ZL11DataStageInv
                0x0000000008004348      0x10c CMakeFiles/radio3.elf.dir/lib_stm32/usb_fs_driver/usb_core.cpp.o
 .text._ZL13NoData_Setup0v
                0x0000000008004454      0x19c CMakeFiles/radio3.elf.dir/lib_stm32/usb_fs_driver/usb_core.cpp.o
 .text._ZL11Data_Setup0v
                0x00000000080045f0      0x348 CMakeFiles/radio3.elf.dir/lib_stm32/usb_fs_driver/usb_core.cpp.o
 .text._Z14Setup0_Processv
                0x0000000008004938       0xd8 CMakeFiles/radio3.elf.dir/lib_stm32/usb_fs_driver/usb_core.cpp.o
                0x0000000008004938                Setup0_Process()
 .text._Z11In0_Processv
                0x0000000008004a10       0x90 CMakeFiles/radio3.elf.dir/lib_stm32/usb_fs_driver/usb_core.cpp.o
                0x0000000008004a10                In0_Process()
 .text._Z12Out0_Processv
                0x0000000008004aa0       0x74 CMakeFiles/radio3.elf.dir/lib_stm32/usb_fs_driver/usb_core.cpp.o
                0x0000000008004aa0                Out0_Process()
 .text._Z13Post0_Processv
                0x0000000008004b14       0x50 CMakeFiles/radio3.elf.dir/lib_stm32/usb_fs_driver/usb_core.cpp.o
                0x0000000008004b14                Post0_Process()
 .text._Z16SetDeviceAddressh
                0x0000000008004b64       0x7c CMakeFiles/radio3.elf.dir/lib_stm32/usb_fs_driver/usb_core.cpp.o
                0x0000000008004b64                SetDeviceAddress(unsigned char)
 .text._Z11NOP_Processv
                0x0000000008004be0        0xc CMakeFiles/radio3.elf.dir/lib_stm32/usb_fs_driver/usb_core.cpp.o
                0x0000000008004be0                NOP_Process()
 .text._Z8USB_Initv
                0x0000000008004bec       0x44 CMakeFiles/radio3.elf.dir/lib_stm32/usb_fs_driver/usb_init.cpp.o
                0x0000000008004bec                USB_Init()
 .text._Z19UserToPMABufferCopyPhtt
                0x0000000008004c30       0x76 CMakeFiles/radio3.elf.dir/lib_stm32/usb_fs_driver/usb_mem.cpp.o
                0x0000000008004c30                UserToPMABufferCopy(unsigned char*, unsigned short, unsigned short)
 .text._Z19PMAToUserBufferCopyPhtt
                0x0000000008004ca6       0x5c CMakeFiles/radio3.elf.dir/lib_stm32/usb_fs_driver/usb_mem.cpp.o
                0x0000000008004ca6                PMAToUserBufferCopy(unsigned char*, unsigned short, unsigned short)
 *fill*         0x0000000008004d02        0x2 
 .text._Z7SetISTRt
                0x0000000008004d04       0x20 CMakeFiles/radio3.elf.dir/lib_stm32/usb_fs_driver/usb_regs.cpp.o
                0x0000000008004d04                SetISTR(unsigned short)
 .text._Z9SetBTABLEt
                0x0000000008004d24       0x24 CMakeFiles/radio3.elf.dir/lib_stm32/usb_fs_driver/usb_regs.cpp.o
                0x0000000008004d24                SetBTABLE(unsigned short)
 .text._Z9SetEPTypeht
                0x0000000008004d48       0x4c CMakeFiles/radio3.elf.dir/lib_stm32/usb_fs_driver/usb_regs.cpp.o
                0x0000000008004d48                SetEPType(unsigned char, unsigned short)
 .text._Z13SetEPTxStatusht
                0x0000000008004d94       0x6c CMakeFiles/radio3.elf.dir/lib_stm32/usb_fs_driver/usb_regs.cpp.o
                0x0000000008004d94                SetEPTxStatus(unsigned char, unsigned short)
 .text._Z13SetEPRxStatusht
                0x0000000008004e00       0x6c CMakeFiles/radio3.elf.dir/lib_stm32/usb_fs_driver/usb_regs.cpp.o
                0x0000000008004e00                SetEPRxStatus(unsigned char, unsigned short)
 .text._Z12SetEPTxValidh
                0x0000000008004e6c       0x54 CMakeFiles/radio3.elf.dir/lib_stm32/usb_fs_driver/usb_regs.cpp.o
                0x0000000008004e6c                SetEPTxValid(unsigned char)
 .text._Z12SetEPRxValidh
                0x0000000008004ec0       0x54 CMakeFiles/radio3.elf.dir/lib_stm32/usb_fs_driver/usb_regs.cpp.o
                0x0000000008004ec0                SetEPRxValid(unsigned char)
 .text._Z16Clear_Status_Outh
                0x0000000008004f14       0x48 CMakeFiles/radio3.elf.dir/lib_stm32/usb_fs_driver/usb_regs.cpp.o
                0x0000000008004f14                Clear_Status_Out(unsigned char)
 .text._Z12ClearDTOG_RXh
                0x0000000008004f5c       0x64 CMakeFiles/radio3.elf.dir/lib_stm32/usb_fs_driver/usb_regs.cpp.o
                0x0000000008004f5c                ClearDTOG_RX(unsigned char)
 .text._Z12ClearDTOG_TXh
                0x0000000008004fc0       0x64 CMakeFiles/radio3.elf.dir/lib_stm32/usb_fs_driver/usb_regs.cpp.o
                0x0000000008004fc0                ClearDTOG_TX(unsigned char)
 .text._Z11SetEPTxAddrht
                0x0000000008005024       0x40 CMakeFiles/radio3.elf.dir/lib_stm32/usb_fs_driver/usb_regs.cpp.o
                0x0000000008005024                SetEPTxAddr(unsigned char, unsigned short)
 .text._Z11SetEPRxAddrht
                0x0000000008005064       0x40 CMakeFiles/radio3.elf.dir/lib_stm32/usb_fs_driver/usb_regs.cpp.o
                0x0000000008005064                SetEPRxAddr(unsigned char, unsigned short)
 .text._Z11GetEPTxAddrh
                0x00000000080050a4       0x34 CMakeFiles/radio3.elf.dir/lib_stm32/usb_fs_driver/usb_regs.cpp.o
                0x00000000080050a4                GetEPTxAddr(unsigned char)
 .text._Z11GetEPRxAddrh
                0x00000000080050d8       0x34 CMakeFiles/radio3.elf.dir/lib_stm32/usb_fs_driver/usb_regs.cpp.o
                0x00000000080050d8                GetEPRxAddr(unsigned char)
 .text._Z12SetEPTxCountht
                0x000000000800510c       0x3c CMakeFiles/radio3.elf.dir/lib_stm32/usb_fs_driver/usb_regs.cpp.o
                0x000000000800510c                SetEPTxCount(unsigned char, unsigned short)
 .text._Z12SetEPRxCountht
                0x0000000008005148       0x84 CMakeFiles/radio3.elf.dir/lib_stm32/usb_fs_driver/usb_regs.cpp.o
                0x0000000008005148                SetEPRxCount(unsigned char, unsigned short)
 .text._Z12GetEPRxCounth
                0x00000000080051cc       0x3c CMakeFiles/radio3.elf.dir/lib_stm32/usb_fs_driver/usb_regs.cpp.o
                0x00000000080051cc                GetEPRxCount(unsigned char)
 .text._Z8ByteSwapt
                0x0000000008005208       0x2e CMakeFiles/radio3.elf.dir/lib_stm32/usb_fs_driver/usb_regs.cpp.o
                0x0000000008005208                ByteSwap(unsigned short)
 *fill*         0x0000000008005236        0x2 
 .text._Z12USB_SIL_Initv
                0x0000000008005238       0x30 CMakeFiles/radio3.elf.dir/lib_stm32/usb_fs_driver/usb_sil.cpp.o
                0x0000000008005238                USB_SIL_Init()
 .text._ZN7UsbVCom10clearErrorEv
                0x0000000008005268       0x18 CMakeFiles/radio3.elf.dir/lib_stm32/usb_vcom/UsbVCom.cpp.o
                0x0000000008005268                UsbVCom::clearError()
 .text._ZN7UsbVCom6BufferILi64EEC2Ev
                0x0000000008005280       0x30 CMakeFiles/radio3.elf.dir/lib_stm32/usb_vcom/UsbVCom.cpp.o
                0x0000000008005280                UsbVCom::Buffer<64>::Buffer()
                0x0000000008005280                UsbVCom::Buffer<64>::Buffer()
 .text._ZN7UsbVCom6BufferILi62EEC2Ev
                0x00000000080052b0       0x30 CMakeFiles/radio3.elf.dir/lib_stm32/usb_vcom/UsbVCom.cpp.o
                0x00000000080052b0                UsbVCom::Buffer<62>::Buffer()
                0x00000000080052b0                UsbVCom::Buffer<62>::Buffer()
 .text._ZN7UsbVComC2ER5Timer
                0x00000000080052e0       0x50 CMakeFiles/radio3.elf.dir/lib_stm32/usb_vcom/UsbVCom.cpp.o
                0x00000000080052e0                UsbVCom::UsbVCom(Timer&)
                0x00000000080052e0                UsbVCom::UsbVCom(Timer&)
 .text._ZN7UsbVCom4initEv
                0x0000000008005330       0x6c CMakeFiles/radio3.elf.dir/lib_stm32/usb_vcom/UsbVCom.cpp.o
                0x0000000008005330                UsbVCom::init()
 .text._ZN7UsbVCom6ep3outEv
                0x000000000800539c       0x68 CMakeFiles/radio3.elf.dir/lib_stm32/usb_vcom/UsbVCom.cpp.o
                0x000000000800539c                UsbVCom::ep3out()
 .text._ZN7UsbVCom5ep1inEv
                0x0000000008005404       0x3c CMakeFiles/radio3.elf.dir/lib_stm32/usb_vcom/UsbVCom.cpp.o
                0x0000000008005404                UsbVCom::ep1in()
 .text._ZN7UsbVCom10readPacketEv
                0x0000000008005440       0x84 CMakeFiles/radio3.elf.dir/lib_stm32/usb_vcom/UsbVCom.cpp.o
                0x0000000008005440                UsbVCom::readPacket()
 .text._ZN7UsbVCom4readEv
                0x00000000080054c4       0x80 CMakeFiles/radio3.elf.dir/lib_stm32/usb_vcom/UsbVCom.cpp.o
                0x00000000080054c4                UsbVCom::read()
 .text._ZN7UsbVCom4readEPht
                0x0000000008005544       0x6c CMakeFiles/radio3.elf.dir/lib_stm32/usb_vcom/UsbVCom.cpp.o
                0x0000000008005544                UsbVCom::read(unsigned char*, unsigned short)
 .text._ZN7UsbVCom5writeEh
                0x00000000080055b0       0x5e CMakeFiles/radio3.elf.dir/lib_stm32/usb_vcom/UsbVCom.cpp.o
                0x00000000080055b0                UsbVCom::write(unsigned char)
 *fill*         0x000000000800560e        0x2 
 .text._ZN7UsbVCom5writeEPKht
                0x0000000008005610       0x68 CMakeFiles/radio3.elf.dir/lib_stm32/usb_vcom/UsbVCom.cpp.o
                0x0000000008005610                UsbVCom::write(unsigned char const*, unsigned short)
 .text._ZN7UsbVCom5flushEv
                0x0000000008005678       0xec CMakeFiles/radio3.elf.dir/lib_stm32/usb_vcom/UsbVCom.cpp.o
                0x0000000008005678                UsbVCom::flush()
 .text._ZN7UsbVCom6BufferILi62EE5countEv
                0x0000000008005764       0x26 CMakeFiles/radio3.elf.dir/lib_stm32/usb_vcom/UsbVCom.cpp.o
                0x0000000008005764                UsbVCom::Buffer<62>::count()
 .text._ZN7UsbVCom6BufferILi62EE4fullEv
                0x000000000800578a       0x24 CMakeFiles/radio3.elf.dir/lib_stm32/usb_vcom/UsbVCom.cpp.o
                0x000000000800578a                UsbVCom::Buffer<62>::full()
 .text._ZN7UsbVCom6BufferILi64EE5emptyEv
                0x00000000080057ae       0x2c CMakeFiles/radio3.elf.dir/lib_stm32/usb_vcom/UsbVCom.cpp.o
                0x00000000080057ae                UsbVCom::Buffer<64>::empty()
 .text._ZN7UsbVCom6BufferILi62EE5clearEv
                0x00000000080057da       0x22 CMakeFiles/radio3.elf.dir/lib_stm32/usb_vcom/UsbVCom.cpp.o
                0x00000000080057da                UsbVCom::Buffer<62>::clear()
 .text._ZN7UsbVCom6BufferILi64EE5clearEv
                0x00000000080057fc       0x22 CMakeFiles/radio3.elf.dir/lib_stm32/usb_vcom/UsbVCom.cpp.o
                0x00000000080057fc                UsbVCom::Buffer<64>::clear()
 .text._ZN7UsbVCom6BufferILi64EE3getEv
                0x000000000800581e       0x2a CMakeFiles/radio3.elf.dir/lib_stm32/usb_vcom/UsbVCom.cpp.o
                0x000000000800581e                UsbVCom::Buffer<64>::get()
 .text._ZN7UsbVCom6BufferILi62EE3putEh
                0x0000000008005848       0x30 CMakeFiles/radio3.elf.dir/lib_stm32/usb_vcom/UsbVCom.cpp.o
                0x0000000008005848                UsbVCom::Buffer<62>::put(unsigned char)
 .text._Z13Get_SerialNumv
                0x0000000008005878       0x58 CMakeFiles/radio3.elf.dir/lib_stm32/usb_vcom/hw_config.cpp.o
                0x0000000008005878                Get_SerialNum()
 .text._ZL12IntToUnicodemPhh
                0x00000000080058d0       0x7a CMakeFiles/radio3.elf.dir/lib_stm32/usb_vcom/hw_config.cpp.o
 *fill*         0x000000000800594a        0x2 
 .text._Z21Virtual_Com_Port_initv
                0x000000000800594c       0x2c CMakeFiles/radio3.elf.dir/lib_stm32/usb_vcom/usb_prop.cpp.o
                0x000000000800594c                Virtual_Com_Port_init()
 .text._Z22Virtual_Com_Port_Resetv
                0x0000000008005978       0xf4 CMakeFiles/radio3.elf.dir/lib_stm32/usb_vcom/usb_prop.cpp.o
                0x0000000008005978                Virtual_Com_Port_Reset()
 .text._Z33Virtual_Com_Port_SetConfigurationv
                0x0000000008005a6c       0x2c CMakeFiles/radio3.elf.dir/lib_stm32/usb_vcom/usb_prop.cpp.o
                0x0000000008005a6c                Virtual_Com_Port_SetConfiguration()
 .text._Z33Virtual_Com_Port_SetDeviceAddressv
                0x0000000008005a98       0x18 CMakeFiles/radio3.elf.dir/lib_stm32/usb_vcom/usb_prop.cpp.o
                0x0000000008005a98                Virtual_Com_Port_SetDeviceAddress()
 .text._Z26Virtual_Com_Port_Status_Inv
                0x0000000008005ab0       0x20 CMakeFiles/radio3.elf.dir/lib_stm32/usb_vcom/usb_prop.cpp.o
                0x0000000008005ab0                Virtual_Com_Port_Status_In()
 .text._Z27Virtual_Com_Port_Status_Outv
                0x0000000008005ad0        0xc CMakeFiles/radio3.elf.dir/lib_stm32/usb_vcom/usb_prop.cpp.o
                0x0000000008005ad0                Virtual_Com_Port_Status_Out()
 .text._Z27Virtual_Com_Port_Data_Setuph
                0x0000000008005adc       0x80 CMakeFiles/radio3.elf.dir/lib_stm32/usb_vcom/usb_prop.cpp.o
                0x0000000008005adc                Virtual_Com_Port_Data_Setup(unsigned char)
 .text._Z29Virtual_Com_Port_NoData_Setuph
                0x0000000008005b5c       0x3c CMakeFiles/radio3.elf.dir/lib_stm32/usb_vcom/usb_prop.cpp.o
                0x0000000008005b5c                Virtual_Com_Port_NoData_Setup(unsigned char)
 .text._Z36Virtual_Com_Port_GetDeviceDescriptort
                0x0000000008005b98       0x24 CMakeFiles/radio3.elf.dir/lib_stm32/usb_vcom/usb_prop.cpp.o
                0x0000000008005b98                Virtual_Com_Port_GetDeviceDescriptor(unsigned short)
 .text._Z36Virtual_Com_Port_GetConfigDescriptort
                0x0000000008005bbc       0x24 CMakeFiles/radio3.elf.dir/lib_stm32/usb_vcom/usb_prop.cpp.o
                0x0000000008005bbc                Virtual_Com_Port_GetConfigDescriptor(unsigned short)
 .text._Z36Virtual_Com_Port_GetStringDescriptort
                0x0000000008005be0       0x40 CMakeFiles/radio3.elf.dir/lib_stm32/usb_vcom/usb_prop.cpp.o
                0x0000000008005be0                Virtual_Com_Port_GetStringDescriptor(unsigned short)
 .text._Z38Virtual_Com_Port_Get_Interface_Settinghh
                0x0000000008005c20       0x30 CMakeFiles/radio3.elf.dir/lib_stm32/usb_vcom/usb_prop.cpp.o
                0x0000000008005c20                Virtual_Com_Port_Get_Interface_Setting(unsigned char, unsigned char)
 .text._Z30Virtual_Com_Port_GetLineCodingt
                0x0000000008005c50       0x30 CMakeFiles/radio3.elf.dir/lib_stm32/usb_vcom/usb_prop.cpp.o
                0x0000000008005c50                Virtual_Com_Port_GetLineCoding(unsigned short)
 .text._Z30Virtual_Com_Port_SetLineCodingt
                0x0000000008005c80       0x30 CMakeFiles/radio3.elf.dir/lib_stm32/usb_vcom/usb_prop.cpp.o
                0x0000000008005c80                Virtual_Com_Port_SetLineCoding(unsigned short)
 .text._Z7PowerOnv
                0x0000000008005cb0       0x58 CMakeFiles/radio3.elf.dir/lib_stm32/usb_vcom/usb_pwr.cpp.o
                0x0000000008005cb0                PowerOn()
 .text._Z7Suspendv
                0x0000000008005d08       0xec CMakeFiles/radio3.elf.dir/lib_stm32/usb_vcom/usb_pwr.cpp.o
                0x0000000008005d08                Suspend()
 .text._Z11Resume_Initv
                0x0000000008005df4       0x30 CMakeFiles/radio3.elf.dir/lib_stm32/usb_vcom/usb_pwr.cpp.o
                0x0000000008005df4                Resume_Init()
 .text._Z6Resume12RESUME_STATE
                0x0000000008005e24      0x138 CMakeFiles/radio3.elf.dir/lib_stm32/usb_vcom/usb_pwr.cpp.o
                0x0000000008005e24                Resume(RESUME_STATE)
 .text          0x0000000008005f5c       0x30 /usr/local/gcc-arm-none-eabi-7-2017-q4-major/bin/../lib/gcc/arm-none-eabi/7.2.1/thumb/v7-m/libgcc.a(_aeabi_uldivmod.o)
                0x0000000008005f5c                __aeabi_uldivmod
 .text          0x0000000008005f8c      0x2d0 /usr/local/gcc-arm-none-eabi-7-2017-q4-major/bin/../lib/gcc/arm-none-eabi/7.2.1/thumb/v7-m/libgcc.a(_udivmoddi4.o)
                0x0000000008005f8c                __udivmoddi4
 .text          0x000000000800625c        0x4 /usr/local/gcc-arm-none-eabi-7-2017-q4-major/bin/../lib/gcc/arm-none-eabi/7.2.1/thumb/v7-m/libgcc.a(_dvmd_tls.o)
                0x000000000800625c                __aeabi_ldiv0
                0x000000000800625c                __aeabi_idiv0
 .text.__errno  0x0000000008006260        0xc /usr/local/gcc-arm-none-eabi-7-2017-q4-major/bin/../lib/gcc/arm-none-eabi/7.2.1/../../../../arm-none-eabi/lib/thumb/v7-m/libg_nano.a(lib_a-errno.o)
                0x0000000008006260                __errno
 .text.memset   0x000000000800626c       0x10 /usr/local/gcc-arm-none-eabi-7-2017-q4-major/bin/../lib/gcc/arm-none-eabi/7.2.1/../../../../arm-none-eabi/lib/thumb/v7-m/libg_nano.a(lib_a-memset.o)
                0x000000000800626c                memset
 .text.snprintf
                0x000000000800627c       0x68 /usr/local/gcc-arm-none-eabi-7-2017-q4-major/bin/../lib/gcc/arm-none-eabi/7.2.1/../../../../arm-none-eabi/lib/thumb/v7-m/libg_nano.a(lib_a-snprintf.o)
                0x000000000800627c                snprintf
                0x000000000800627c                sniprintf
 .text          0x00000000080062e4       0x10 /usr/local/gcc-arm-none-eabi-7-2017-q4-major/bin/../lib/gcc/arm-none-eabi/7.2.1/../../../../arm-none-eabi/lib/thumb/v7-m/libg_nano.a(lib_a-strlen.o)
                0x00000000080062e4                strlen
 .text._vsnprintf_r
                0x00000000080062f4       0x58 /usr/local/gcc-arm-none-eabi-7-2017-q4-major/bin/../lib/gcc/arm-none-eabi/7.2.1/../../../../arm-none-eabi/lib/thumb/v7-m/libg_nano.a(lib_a-vsnprintf.o)
                0x00000000080062f4                _vsnprintf_r
                0x00000000080062f4                _vsniprintf_r
 .text.vsnprintf
                0x000000000800634c       0x1c /usr/local/gcc-arm-none-eabi-7-2017-q4-major/bin/../lib/gcc/arm-none-eabi/7.2.1/../../../../arm-none-eabi/lib/thumb/v7-m/libg_nano.a(lib_a-vsnprintf.o)
                0x000000000800634c                vsnprintf
                0x000000000800634c                vsniprintf
 .text.__ssputs_r
                0x0000000008006368       0xb4 /usr/local/gcc-arm-none-eabi-7-2017-q4-major/bin/../lib/gcc/arm-none-eabi/7.2.1/../../../../arm-none-eabi/lib/thumb/v7-m/libg_nano.a(lib_a-nano-svfprintf.o)
                0x0000000008006368                __ssputs_r
 .text._svfprintf_r
                0x000000000800641c      0x1ec /usr/local/gcc-arm-none-eabi-7-2017-q4-major/bin/../lib/gcc/arm-none-eabi/7.2.1/../../../../arm-none-eabi/lib/thumb/v7-m/libg_nano.a(lib_a-nano-svfprintf.o)
                0x000000000800641c                _svfprintf_r
                0x000000000800641c                _svfiprintf_r
 .text._printf_common
                0x0000000008006608       0xec /usr/local/gcc-arm-none-eabi-7-2017-q4-major/bin/../lib/gcc/arm-none-eabi/7.2.1/../../../../arm-none-eabi/lib/thumb/v7-m/libg_nano.a(lib_a-nano-vfprintf_i.o)
                0x0000000008006608                _printf_common
 .text._printf_i
                0x00000000080066f4      0x224 /usr/local/gcc-arm-none-eabi-7-2017-q4-major/bin/../lib/gcc/arm-none-eabi/7.2.1/../../../../arm-none-eabi/lib/thumb/v7-m/libg_nano.a(lib_a-nano-vfprintf_i.o)
                0x00000000080066f4                _printf_i
 .text.memchr   0x0000000008006918       0x1c /usr/local/gcc-arm-none-eabi-7-2017-q4-major/bin/../lib/gcc/arm-none-eabi/7.2.1/../../../../arm-none-eabi/lib/thumb/v7-m/libg_nano.a(lib_a-memchr-stub.o)
                0x0000000008006918                memchr
 .text.memcpy   0x0000000008006934       0x16 /usr/local/gcc-arm-none-eabi-7-2017-q4-major/bin/../lib/gcc/arm-none-eabi/7.2.1/../../../../arm-none-eabi/lib/thumb/v7-m/libg_nano.a(lib_a-memcpy-stub.o)
                0x0000000008006934                memcpy
 .text.memmove  0x000000000800694a       0x32 /usr/local/gcc-arm-none-eabi-7-2017-q4-major/bin/../lib/gcc/arm-none-eabi/7.2.1/../../../../arm-none-eabi/lib/thumb/v7-m/libg_nano.a(lib_a-memmove.o)
                0x000000000800694a                memmove
 .text._free_r  0x000000000800697c       0x98 /usr/local/gcc-arm-none-eabi-7-2017-q4-major/bin/../lib/gcc/arm-none-eabi/7.2.1/../../../../arm-none-eabi/lib/thumb/v7-m/libg_nano.a(lib_a-nano-freer.o)
                0x000000000800697c                _free_r
 .text._malloc_r
                0x0000000008006a14       0xb4 /usr/local/gcc-arm-none-eabi-7-2017-q4-major/bin/../lib/gcc/arm-none-eabi/7.2.1/../../../../arm-none-eabi/lib/thumb/v7-m/libg_nano.a(lib_a-nano-mallocr.o)
                0x0000000008006a14                _malloc_r
 .text._realloc_r
                0x0000000008006ac8       0x4c /usr/local/gcc-arm-none-eabi-7-2017-q4-major/bin/../lib/gcc/arm-none-eabi/7.2.1/../../../../arm-none-eabi/lib/thumb/v7-m/libg_nano.a(lib_a-nano-reallocr.o)
                0x0000000008006ac8                _realloc_r
 .text._sbrk_r  0x0000000008006b14       0x20 /usr/local/gcc-arm-none-eabi-7-2017-q4-major/bin/../lib/gcc/arm-none-eabi/7.2.1/../../../../arm-none-eabi/lib/thumb/v7-m/libg_nano.a(lib_a-sbrkr.o)
                0x0000000008006b14                _sbrk_r
 .text.__malloc_lock
                0x0000000008006b34        0x2 /usr/local/gcc-arm-none-eabi-7-2017-q4-major/bin/../lib/gcc/arm-none-eabi/7.2.1/../../../../arm-none-eabi/lib/thumb/v7-m/libg_nano.a(lib_a-mlock.o)
                0x0000000008006b34                __malloc_lock
 .text.__malloc_unlock
                0x0000000008006b36        0x2 /usr/local/gcc-arm-none-eabi-7-2017-q4-major/bin/../lib/gcc/arm-none-eabi/7.2.1/../../../../arm-none-eabi/lib/thumb/v7-m/libg_nano.a(lib_a-mlock.o)
                0x0000000008006b36                __malloc_unlock
 .text._malloc_usable_size_r
                0x0000000008006b38       0x10 /usr/local/gcc-arm-none-eabi-7-2017-q4-major/bin/../lib/gcc/arm-none-eabi/7.2.1/../../../../arm-none-eabi/lib/thumb/v7-m/libg_nano.a(lib_a-nano-msizer.o)
                0x0000000008006b38                _malloc_usable_size_r
 *(.rodata .rodata.* .constdata .constdata.*)
 .rodata._ZTV6Ad985x
                0x0000000008006b48       0x10 CMakeFiles/radio3.elf.dir/src/Ad985x.cpp.o
                0x0000000008006b48                vtable for Ad985x
 .rodata._ZL20licenseEncryptionKey
                0x0000000008006b58       0x40 CMakeFiles/radio3.elf.dir/src/Radio3.cpp.o
 .rodata._ZL20encryptedLicenseData
                0x0000000008006b98       0x3c CMakeFiles/radio3.elf.dir/src/Radio3.cpp.o
 .rodata        0x0000000008006bd4        0x8 CMakeFiles/radio3.elf.dir/src/Radio3.cpp.o
 .rodata._ZTV3Vfo
                0x0000000008006bdc       0x10 CMakeFiles/radio3.elf.dir/src/Radio3.cpp.o
                0x0000000008006bdc                vtable for Vfo
 .rodata        0x0000000008006bec        0x8 CMakeFiles/radio3.elf.dir/lib_stm32/debug/log.cpp.o
 .rodata        0x0000000008006bf4       0x68 CMakeFiles/radio3.elf.dir/lib_stm32/usb_fs_driver/UsbDevice.cpp.o
 .rodata._ZTV9UsbDevice
                0x0000000008006c5c       0x5c CMakeFiles/radio3.elf.dir/lib_stm32/usb_fs_driver/UsbDevice.cpp.o
                0x0000000008006c5c                vtable for UsbDevice
 .rodata        0x0000000008006cb8      0x12d CMakeFiles/radio3.elf.dir/lib_stm32/usb_vcom/UsbVCom.cpp.o
 *fill*         0x0000000008006de5        0x3 
 .rodata._ZTV7UsbVCom
                0x0000000008006de8       0x5c CMakeFiles/radio3.elf.dir/lib_stm32/usb_vcom/UsbVCom.cpp.o
                0x0000000008006de8                vtable for UsbVCom
 .rodata.Virtual_Com_Port_DeviceDescriptor
                0x0000000008006e44       0x12 CMakeFiles/radio3.elf.dir/lib_stm32/usb_vcom/usb_desc.cpp.o
                0x0000000008006e44                Virtual_Com_Port_DeviceDescriptor
 *fill*         0x0000000008006e56        0x2 
 .rodata.Virtual_Com_Port_ConfigDescriptor
                0x0000000008006e58       0x43 CMakeFiles/radio3.elf.dir/lib_stm32/usb_vcom/usb_desc.cpp.o
                0x0000000008006e58                Virtual_Com_Port_ConfigDescriptor
 *fill*         0x0000000008006e9b        0x1 
 .rodata.Virtual_Com_Port_StringLangID
                0x0000000008006e9c        0x4 CMakeFiles/radio3.elf.dir/lib_stm32/usb_vcom/usb_desc.cpp.o
                0x0000000008006e9c                Virtual_Com_Port_StringLangID
 .rodata.Virtual_Com_Port_StringVendor
                0x0000000008006ea0       0x26 CMakeFiles/radio3.elf.dir/lib_stm32/usb_vcom/usb_desc.cpp.o
                0x0000000008006ea0                Virtual_Com_Port_StringVendor
 *fill*         0x0000000008006ec6        0x2 
 .rodata.Virtual_Com_Port_StringProduct
                0x0000000008006ec8       0x32 CMakeFiles/radio3.elf.dir/lib_stm32/usb_vcom/usb_desc.cpp.o
                0x0000000008006ec8                Virtual_Com_Port_StringProduct
 .rodata._svfprintf_r.str1.1
                0x0000000008006efa       0x11 /usr/local/gcc-arm-none-eabi-7-2017-q4-major/bin/../lib/gcc/arm-none-eabi/7.2.1/../../../../arm-none-eabi/lib/thumb/v7-m/libg_nano.a(lib_a-nano-svfprintf.o)
 .rodata._printf_i.str1.1
                0x0000000008006f0b       0x22 /usr/local/gcc-arm-none-eabi-7-2017-q4-major/bin/../lib/gcc/arm-none-eabi/7.2.1/../../../../arm-none-eabi/lib/thumb/v7-m/libg_nano.a(lib_a-nano-vfprintf_i.o)
 *(vtable)
 *(.eh_frame*)
 *(.glue_7)
 .glue_7        0x0000000008006f2d        0x0 linker stubs
 *(.glue_7t)
 .glue_7t       0x0000000008006f2d        0x0 linker stubs

.vfp11_veneer   0x0000000008006f30        0x0
 .vfp11_veneer  0x0000000008006f30        0x0 linker stubs

.v4_bx          0x0000000008006f30        0x0
 .v4_bx         0x0000000008006f30        0x0 linker stubs

.iplt           0x0000000008006f30        0x0
 .iplt          0x0000000008006f30        0x0 CMakeFiles/radio3.elf.dir/src/Ad985x.cpp.o

.ARM.extab
 *(.ARM.extab* .gnu.linkonce.armextab.*)
                0x0000000008006f30                . = ALIGN (0x4)
                0x0000000008006f30                __exidx_start = .

.ARM.exidx      0x0000000008006f30        0x8
 *(.ARM.exidx* .gnu.linkonce.armexidx.*)
 .ARM.exidx     0x0000000008006f30        0x8 /usr/local/gcc-arm-none-eabi-7-2017-q4-major/bin/../lib/gcc/arm-none-eabi/7.2.1/thumb/v7-m/libgcc.a(_udivmoddi4.o)
                0x0000000008006f38                __exidx_end = .

.rel.dyn        0x0000000008006f38        0x0
 .rel.iplt      0x0000000008006f38        0x0 CMakeFiles/radio3.elf.dir/src/Ad985x.cpp.o
                0x0000000008006f38                . = ALIGN (0x4)
                0x0000000008006f38                _etext = .
                0x0000000008006f38                __etext = .

.data_CCMRAM    0x0000000000000000        0x0 load address 0x0000000008006f38
 FILL mask 0xff
 *(.data.CCMRAM .data.CCMRAM.*)
                0x0000000000000000                . = ALIGN (0x4)
                0x0000000008006f38                _sidata = LOADADDR (.data)

.data           0x0000000020000000      0x128 load address 0x0000000008006f38
 FILL mask 0xff
                0x0000000020000000                _sdata = .
                0x0000000020000000                __data_start__ = .
 *(.data_begin .data_begin.*)
 *(.data .data.*)
 .data.SystemCoreClock
                0x0000000020000000        0x4 CMakeFiles/radio3.elf.dir/lib_stm32/system/src/cmsis/system_stm32f10x.c.o
                0x0000000020000000                SystemCoreClock
 .data.AHBPrescTable
                0x0000000020000004       0x10 CMakeFiles/radio3.elf.dir/lib_stm32/system/src/cmsis/system_stm32f10x.c.o
                0x0000000020000004                AHBPrescTable
 .data.Virtual_Com_Port_StringSerial
                0x0000000020000014       0x1a CMakeFiles/radio3.elf.dir/lib_stm32/usb_vcom/usb_desc.cpp.o
                0x0000000020000014                Virtual_Com_Port_StringSerial
 *fill*         0x000000002000002e        0x2 ff
 .data.linecoding
                0x0000000020000030        0x8 CMakeFiles/radio3.elf.dir/lib_stm32/usb_vcom/usb_prop.cpp.o
                0x0000000020000030                linecoding
 .data.Device_Table
                0x0000000020000038        0x2 CMakeFiles/radio3.elf.dir/lib_stm32/usb_vcom/usb_prop.cpp.o
                0x0000000020000038                Device_Table
 *fill*         0x000000002000003a        0x2 ff
 .data.Device_Property
                0x000000002000003c       0x30 CMakeFiles/radio3.elf.dir/lib_stm32/usb_vcom/usb_prop.cpp.o
                0x000000002000003c                Device_Property
 .data.User_Standard_Requests
                0x000000002000006c       0x24 CMakeFiles/radio3.elf.dir/lib_stm32/usb_vcom/usb_prop.cpp.o
                0x000000002000006c                User_Standard_Requests
 .data.Device_Descriptor
                0x0000000020000090        0x8 CMakeFiles/radio3.elf.dir/lib_stm32/usb_vcom/usb_prop.cpp.o
                0x0000000020000090                Device_Descriptor
 .data.Config_Descriptor
                0x0000000020000098        0x8 CMakeFiles/radio3.elf.dir/lib_stm32/usb_vcom/usb_prop.cpp.o
                0x0000000020000098                Config_Descriptor
 .data.String_Descriptor
                0x00000000200000a0       0x20 CMakeFiles/radio3.elf.dir/lib_stm32/usb_vcom/usb_prop.cpp.o
                0x00000000200000a0                String_Descriptor
 .data.fSuspendEnabled
                0x00000000200000c0        0x1 CMakeFiles/radio3.elf.dir/lib_stm32/usb_vcom/usb_pwr.cpp.o
                0x00000000200000c0                fSuspendEnabled
 *fill*         0x00000000200000c1        0x3 ff
 .data._impure_ptr
                0x00000000200000c4        0x4 /usr/local/gcc-arm-none-eabi-7-2017-q4-major/bin/../lib/gcc/arm-none-eabi/7.2.1/../../../../arm-none-eabi/lib/thumb/v7-m/libg_nano.a(lib_a-impure.o)
                0x00000000200000c4                _impure_ptr
 .data.impure_data
                0x00000000200000c8       0x60 /usr/local/gcc-arm-none-eabi-7-2017-q4-major/bin/../lib/gcc/arm-none-eabi/7.2.1/../../../../arm-none-eabi/lib/thumb/v7-m/libg_nano.a(lib_a-impure.o)
 *(.data_end .data_end.*)
                0x0000000020000128                . = ALIGN (0x4)
                0x0000000020000128                _edata = .
                0x0000000020000128                __data_end__ = .

.igot.plt       0x0000000020000128        0x0 load address 0x0000000008007060
 .igot.plt      0x0000000020000128        0x0 CMakeFiles/radio3.elf.dir/src/Ad985x.cpp.o

.bss_CCMRAM     0x0000000000000000        0x0
 *(.bss.CCMRAM .bss.CCMRAM.*)

.bss            0x0000000020000128     0x1220
                0x0000000020000128                __bss_start__ = .
                0x0000000020000128                _sbss = .
 *(.bss_begin .bss_begin.*)
 *(.bss .bss.*)
 .bss._ZL5timer
                0x0000000020000128        0x1 CMakeFiles/radio3.elf.dir/src/Radio3.cpp.o
 *fill*         0x0000000020000129        0x3 
 .bss._ZL5board
                0x000000002000012c        0x1 CMakeFiles/radio3.elf.dir/src/Radio3.cpp.o
 *fill*         0x000000002000012d        0x3 
 .bss._ZL7usbVCom
                0x0000000020000130      0x100 CMakeFiles/radio3.elf.dir/src/Radio3.cpp.o
 .bss._ZL6radio3
                0x0000000020000230     0x1004 CMakeFiles/radio3.elf.dir/src/Radio3.cpp.o
 .bss._ZZN6Radio319handleIncomingFrameEvE5frame
                0x0000000020001234        0x6 CMakeFiles/radio3.elf.dir/src/Radio3.cpp.o
 *fill*         0x000000002000123a        0x2 
 .bss._ZZN6Radio319handleIncomingFrameEvE7payload
                0x000000002000123c       0x10 CMakeFiles/radio3.elf.dir/src/Radio3.cpp.o
 .bss._ZN12_GLOBAL__N_15timerE
                0x000000002000124c        0x4 CMakeFiles/radio3.elf.dir/lib_stm32/debug/log.cpp.o
 .bss._ZN12_GLOBAL__N_17enabledE
                0x0000000020001250        0x1 CMakeFiles/radio3.elf.dir/lib_stm32/debug/log.cpp.o
 *fill*         0x0000000020001251        0x3 
 .bss._ZZ3logPKczE3buf
                0x0000000020001254       0x64 CMakeFiles/radio3.elf.dir/lib_stm32/debug/log.cpp.o
 .bss.current_heap_end.3959
                0x00000000200012b8        0x4 CMakeFiles/radio3.elf.dir/lib_stm32/system/src/newlib/_sbrk.c.o
 .bss._ZN12_GLOBAL__N_16millisE
                0x00000000200012bc        0x4 CMakeFiles/radio3.elf.dir/lib_stm32/timer/Timer.cpp.o
 .bss.wIstr     0x00000000200012c0        0x2 CMakeFiles/radio3.elf.dir/lib_stm32/usb_fs_driver/UsbDevice.cpp.o
                0x00000000200012c0                wIstr
 .bss.bIntPackSOF
                0x00000000200012c2        0x1 CMakeFiles/radio3.elf.dir/lib_stm32/usb_fs_driver/UsbDevice.cpp.o
                0x00000000200012c2                bIntPackSOF
 *fill*         0x00000000200012c3        0x1 
 .bss.esof_counter
                0x00000000200012c4        0x4 CMakeFiles/radio3.elf.dir/lib_stm32/usb_fs_driver/UsbDevice.cpp.o
                0x00000000200012c4                esof_counter
 .bss.wCNTR     0x00000000200012c8        0x4 CMakeFiles/radio3.elf.dir/lib_stm32/usb_fs_driver/UsbDevice.cpp.o
                0x00000000200012c8                wCNTR
 .bss.SaveRState
                0x00000000200012cc        0x2 CMakeFiles/radio3.elf.dir/lib_stm32/usb_fs_driver/UsbDevice.cpp.o
                0x00000000200012cc                SaveRState
 .bss.SaveTState
                0x00000000200012ce        0x2 CMakeFiles/radio3.elf.dir/lib_stm32/usb_fs_driver/UsbDevice.cpp.o
                0x00000000200012ce                SaveTState
 .bss._ZN12_GLOBAL__N_113_usbDevicePtrE
                0x00000000200012d0        0x4 CMakeFiles/radio3.elf.dir/lib_stm32/usb_fs_driver/UsbDevice.cpp.o
 .bss.StatusInfo
                0x00000000200012d4        0x2 CMakeFiles/radio3.elf.dir/lib_stm32/usb_fs_driver/usb_core.cpp.o
                0x00000000200012d4                StatusInfo
 *fill*         0x00000000200012d6        0x2 
 .bss.DevRemoteWakeup
                0x00000000200012d8        0x4 CMakeFiles/radio3.elf.dir/lib_stm32/usb_fs_driver/usb_core.cpp.o
                0x00000000200012d8                DevRemoteWakeup
 .bss.Data_Mul_MaxPacketSize
                0x00000000200012dc        0x1 CMakeFiles/radio3.elf.dir/lib_stm32/usb_fs_driver/usb_core.cpp.o
                0x00000000200012dc                Data_Mul_MaxPacketSize
 .bss.EPindex   0x00000000200012dd        0x1 CMakeFiles/radio3.elf.dir/lib_stm32/usb_fs_driver/usb_init.cpp.o
                0x00000000200012dd                EPindex
 *fill*         0x00000000200012de        0x2 
 .bss.pInformation
                0x00000000200012e0        0x4 CMakeFiles/radio3.elf.dir/lib_stm32/usb_fs_driver/usb_init.cpp.o
                0x00000000200012e0                pInformation
 .bss.pProperty
                0x00000000200012e4        0x4 CMakeFiles/radio3.elf.dir/lib_stm32/usb_fs_driver/usb_init.cpp.o
                0x00000000200012e4                pProperty
 .bss.wInterrupt_Mask
                0x00000000200012e8        0x2 CMakeFiles/radio3.elf.dir/lib_stm32/usb_fs_driver/usb_init.cpp.o
                0x00000000200012e8                wInterrupt_Mask
 *fill*         0x00000000200012ea        0x2 
 .bss.Device_Info
                0x00000000200012ec       0x1c CMakeFiles/radio3.elf.dir/lib_stm32/usb_fs_driver/usb_init.cpp.o
                0x00000000200012ec                Device_Info
 .bss.pUser_Standard_Requests
                0x0000000020001308        0x4 CMakeFiles/radio3.elf.dir/lib_stm32/usb_fs_driver/usb_init.cpp.o
                0x0000000020001308                pUser_Standard_Requests
 .bss.Request   0x000000002000130c        0x1 CMakeFiles/radio3.elf.dir/lib_stm32/usb_vcom/usb_prop.cpp.o
                0x000000002000130c                Request
 *fill*         0x000000002000130d        0x3 
 .bss.bDeviceState
                0x0000000020001310        0x4 CMakeFiles/radio3.elf.dir/lib_stm32/usb_vcom/usb_pwr.cpp.o
                0x0000000020001310                bDeviceState
 .bss.EP        0x0000000020001314       0x20 CMakeFiles/radio3.elf.dir/lib_stm32/usb_vcom/usb_pwr.cpp.o
                0x0000000020001314                EP
 .bss.remotewakeupon
                0x0000000020001334        0x4 CMakeFiles/radio3.elf.dir/lib_stm32/usb_vcom/usb_pwr.cpp.o
                0x0000000020001334                remotewakeupon
 .bss.ResumeS   0x0000000020001338        0x2 CMakeFiles/radio3.elf.dir/lib_stm32/usb_vcom/usb_pwr.cpp.o
 *fill*         0x000000002000133a        0x2 
 .bss.__malloc_free_list
                0x000000002000133c        0x4 /usr/local/gcc-arm-none-eabi-7-2017-q4-major/bin/../lib/gcc/arm-none-eabi/7.2.1/../../../../arm-none-eabi/lib/thumb/v7-m/libg_nano.a(lib_a-nano-mallocr.o)
                0x000000002000133c                __malloc_free_list
 .bss.__malloc_sbrk_start
                0x0000000020001340        0x4 /usr/local/gcc-arm-none-eabi-7-2017-q4-major/bin/../lib/gcc/arm-none-eabi/7.2.1/../../../../arm-none-eabi/lib/thumb/v7-m/libg_nano.a(lib_a-nano-mallocr.o)
                0x0000000020001340                __malloc_sbrk_start
 *(COMMON)
 COMMON         0x0000000020001344        0x4 /usr/local/gcc-arm-none-eabi-7-2017-q4-major/bin/../lib/gcc/arm-none-eabi/7.2.1/../../../../arm-none-eabi/lib/thumb/v7-m/libg_nano.a(lib_a-reent.o)
                0x0000000020001344                errno
 *(.bss_end .bss_end.*)
                0x0000000020001348                . = ALIGN (0x4)
                0x0000000020001348                __bss_end__ = .
                0x0000000020001348                _ebss = .

.noinit_CCMRAM
 *(.noinit.CCMRAM .noinit.CCMRAM.*)

.noinit         0x0000000020001348        0x0
                0x0000000020001348                _noinit = .
 *(.noinit .noinit.*)
                0x0000000020001348                . = ALIGN (0x4)
                0x0000000020001348                _end_noinit = .
                [!provide]                        PROVIDE (end, _end_noinit)
                [!provide]                        PROVIDE (_end, _end_noinit)
                [!provide]                        PROVIDE (__end, _end_noinit)
                [!provide]                        PROVIDE (__end__, _end_noinit)

._check_stack   0x0000000020001348      0x400
                0x0000000020001748                . = (. + _Minimum_Stack_Size)
 *fill*         0x0000000020001348      0x400 

.b1text
 *(.b1text)
 *(.b1rodata)
 *(.b1rodata.*)

.eb0text
 *(.eb0text)
 *(.eb0rodata)
 *(.eb0rodata.*)

.eb1text
 *(.eb1text)
 *(.eb1rodata)
 *(.eb1rodata.*)

.eb2text
 *(.eb2text)
 *(.eb2rodata)
 *(.eb2rodata.*)

.eb3text
 *(.eb3text)
 *(.eb3rodata)
 *(.eb3rodata.*)

.stab
 *(.stab)

.stabstr
 *(.stabstr)

.stab.excl
 *(.stab.excl)

.stab.exclstr
 *(.stab.exclstr)

.stab.index
 *(.stab.index)

.stab.indexstr
 *(.stab.indexstr)

.comment        0x0000000000000000       0x7e
 *(.comment)
 .comment       0x0000000000000000       0x7e CMakeFiles/radio3.elf.dir/src/Ad985x.cpp.o
                                         0x7f (size before relaxing)
 .comment       0x000000000000007e       0x7f CMakeFiles/radio3.elf.dir/src/AdcProbes.cpp.o
 .comment       0x000000000000007e       0x7f CMakeFiles/radio3.elf.dir/src/Board.cpp.o
 .comment       0x000000000000007e       0x7f CMakeFiles/radio3.elf.dir/src/Crc8.cpp.o
 .comment       0x000000000000007e       0x7f CMakeFiles/radio3.elf.dir/src/DataLink.cpp.o
 .comment       0x000000000000007e       0x7f CMakeFiles/radio3.elf.dir/src/FreqMeter.cpp.o
 .comment       0x000000000000007e       0x7f CMakeFiles/radio3.elf.dir/src/Radio3.cpp.o
 .comment       0x000000000000007e       0x7f CMakeFiles/radio3.elf.dir/src/Sweep.cpp.o
 .comment       0x000000000000007e       0x7f CMakeFiles/radio3.elf.dir/src/delay.cpp.o
 .comment       0x000000000000007e       0x7f CMakeFiles/radio3.elf.dir/lib_stm32/debug/log.cpp.o
 .comment       0x000000000000007e       0x7f CMakeFiles/radio3.elf.dir/lib_stm32/system/src/cmsis/system_stm32f10x.c.o
 .comment       0x000000000000007e       0x7f CMakeFiles/radio3.elf.dir/lib_stm32/system/src/cmsis/vectors_stm32f10x.c.o
 .comment       0x000000000000007e       0x7f CMakeFiles/radio3.elf.dir/lib_stm32/system/src/newlib/_cxx.cpp.o
 .comment       0x000000000000007e       0x7f CMakeFiles/radio3.elf.dir/lib_stm32/system/src/newlib/_sbrk.c.o
 .comment       0x000000000000007e       0x7f CMakeFiles/radio3.elf.dir/lib_stm32/system/src/newlib/_startup.c.o